ARM GAS  C:\Users\Rolando\AppData\Local\Temp\ccqnczYj.s 			page 1


   1              		.syntax unified
   2              		.cpu cortex-m3
   3              		.fpu softvfp
   4              		.eabi_attribute 20, 1
   5              		.eabi_attribute 21, 1
   6              		.eabi_attribute 23, 3
   7              		.eabi_attribute 24, 1
   8              		.eabi_attribute 25, 1
   9              		.eabi_attribute 26, 1
  10              		.eabi_attribute 30, 4
  11              		.eabi_attribute 34, 1
  12              		.eabi_attribute 18, 4
  13              		.thumb
  14              		.file	"cyfitter_cfg.c"
  15              		.text
  16              	.Ltext0:
  17              		.cfi_sections	.debug_frame
  18              		.section	.text.SetAnalogRoutingPumps,"ax",%progbits
  19              		.align	1
  20              		.global	SetAnalogRoutingPumps
  21              		.thumb
  22              		.thumb_func
  23              		.type	SetAnalogRoutingPumps, %function
  24              	SetAnalogRoutingPumps:
  25              	.LFB6:
  26              		.file 1 ".\\Generated_Source\\PSoC5\\cyfitter_cfg.c"
   1:.\Generated_Source\PSoC5/cyfitter_cfg.c **** /*******************************************************************************
   2:.\Generated_Source\PSoC5/cyfitter_cfg.c **** * File Name: cyfitter_cfg.c
   3:.\Generated_Source\PSoC5/cyfitter_cfg.c **** * 
   4:.\Generated_Source\PSoC5/cyfitter_cfg.c **** * PSoC Creator  3.3 SP1
   5:.\Generated_Source\PSoC5/cyfitter_cfg.c **** *
   6:.\Generated_Source\PSoC5/cyfitter_cfg.c **** * Description:
   7:.\Generated_Source\PSoC5/cyfitter_cfg.c **** * This file contains device initialization code.
   8:.\Generated_Source\PSoC5/cyfitter_cfg.c **** * Except for the user defined sections in CyClockStartupError(), this file should not be modified.
   9:.\Generated_Source\PSoC5/cyfitter_cfg.c **** * This file is automatically generated by PSoC Creator.
  10:.\Generated_Source\PSoC5/cyfitter_cfg.c **** *
  11:.\Generated_Source\PSoC5/cyfitter_cfg.c **** ********************************************************************************
  12:.\Generated_Source\PSoC5/cyfitter_cfg.c **** * Copyright (c) 2007-2015 Cypress Semiconductor.  All rights reserved.
  13:.\Generated_Source\PSoC5/cyfitter_cfg.c **** * You may use this file only in accordance with the license, terms, conditions, 
  14:.\Generated_Source\PSoC5/cyfitter_cfg.c **** * disclaimers, and limitations in the end user license agreement accompanying 
  15:.\Generated_Source\PSoC5/cyfitter_cfg.c **** * the software package with which this file was provided.
  16:.\Generated_Source\PSoC5/cyfitter_cfg.c **** ********************************************************************************/
  17:.\Generated_Source\PSoC5/cyfitter_cfg.c **** 
  18:.\Generated_Source\PSoC5/cyfitter_cfg.c **** #include <string.h>
  19:.\Generated_Source\PSoC5/cyfitter_cfg.c **** #include "cytypes.h"
  20:.\Generated_Source\PSoC5/cyfitter_cfg.c **** #include "cydevice_trm.h"
  21:.\Generated_Source\PSoC5/cyfitter_cfg.c **** #include "cyfitter.h"
  22:.\Generated_Source\PSoC5/cyfitter_cfg.c **** #include "CyLib.h"
  23:.\Generated_Source\PSoC5/cyfitter_cfg.c **** #include "cyfitter_cfg.h"
  24:.\Generated_Source\PSoC5/cyfitter_cfg.c **** 
  25:.\Generated_Source\PSoC5/cyfitter_cfg.c **** #define CY_NEED_CYCLOCKSTARTUPERROR 1
  26:.\Generated_Source\PSoC5/cyfitter_cfg.c **** 
  27:.\Generated_Source\PSoC5/cyfitter_cfg.c **** 
  28:.\Generated_Source\PSoC5/cyfitter_cfg.c **** #if defined(__GNUC__) || defined(__ARMCC_VERSION)
  29:.\Generated_Source\PSoC5/cyfitter_cfg.c ****     #define CYPACKED 
  30:.\Generated_Source\PSoC5/cyfitter_cfg.c ****     #define CYPACKED_ATTR __attribute__ ((packed))
  31:.\Generated_Source\PSoC5/cyfitter_cfg.c ****     #define CYALIGNED __attribute__ ((aligned))
ARM GAS  C:\Users\Rolando\AppData\Local\Temp\ccqnczYj.s 			page 2


  32:.\Generated_Source\PSoC5/cyfitter_cfg.c ****     #define CY_CFG_UNUSED __attribute__ ((unused))
  33:.\Generated_Source\PSoC5/cyfitter_cfg.c ****     #ifndef CY_CFG_SECTION
  34:.\Generated_Source\PSoC5/cyfitter_cfg.c ****         #define CY_CFG_SECTION __attribute__ ((section(".psocinit")))
  35:.\Generated_Source\PSoC5/cyfitter_cfg.c ****     #endif
  36:.\Generated_Source\PSoC5/cyfitter_cfg.c ****     
  37:.\Generated_Source\PSoC5/cyfitter_cfg.c ****     #if defined(__ARMCC_VERSION)
  38:.\Generated_Source\PSoC5/cyfitter_cfg.c ****         #define CY_CFG_MEMORY_BARRIER() __memory_changed()
  39:.\Generated_Source\PSoC5/cyfitter_cfg.c ****     #else
  40:.\Generated_Source\PSoC5/cyfitter_cfg.c ****         #define CY_CFG_MEMORY_BARRIER() __sync_synchronize()
  41:.\Generated_Source\PSoC5/cyfitter_cfg.c ****     #endif
  42:.\Generated_Source\PSoC5/cyfitter_cfg.c ****     
  43:.\Generated_Source\PSoC5/cyfitter_cfg.c **** #elif defined(__ICCARM__)
  44:.\Generated_Source\PSoC5/cyfitter_cfg.c ****     #include <intrinsics.h>
  45:.\Generated_Source\PSoC5/cyfitter_cfg.c **** 
  46:.\Generated_Source\PSoC5/cyfitter_cfg.c ****     #define CYPACKED __packed
  47:.\Generated_Source\PSoC5/cyfitter_cfg.c ****     #define CYPACKED_ATTR 
  48:.\Generated_Source\PSoC5/cyfitter_cfg.c ****     #define CYALIGNED _Pragma("data_alignment=4")
  49:.\Generated_Source\PSoC5/cyfitter_cfg.c ****     #define CY_CFG_UNUSED _Pragma("diag_suppress=Pe177")
  50:.\Generated_Source\PSoC5/cyfitter_cfg.c ****     #define CY_CFG_SECTION _Pragma("location=\".psocinit\"")
  51:.\Generated_Source\PSoC5/cyfitter_cfg.c ****     
  52:.\Generated_Source\PSoC5/cyfitter_cfg.c ****     #define CY_CFG_MEMORY_BARRIER() __DMB()
  53:.\Generated_Source\PSoC5/cyfitter_cfg.c ****     
  54:.\Generated_Source\PSoC5/cyfitter_cfg.c **** #else
  55:.\Generated_Source\PSoC5/cyfitter_cfg.c ****     #error Unsupported toolchain
  56:.\Generated_Source\PSoC5/cyfitter_cfg.c **** #endif
  57:.\Generated_Source\PSoC5/cyfitter_cfg.c **** 
  58:.\Generated_Source\PSoC5/cyfitter_cfg.c **** 
  59:.\Generated_Source\PSoC5/cyfitter_cfg.c **** CY_CFG_UNUSED
  60:.\Generated_Source\PSoC5/cyfitter_cfg.c **** static void CYMEMZERO(void *s, size_t n);
  61:.\Generated_Source\PSoC5/cyfitter_cfg.c **** CY_CFG_UNUSED
  62:.\Generated_Source\PSoC5/cyfitter_cfg.c **** static void CYMEMZERO(void *s, size_t n)
  63:.\Generated_Source\PSoC5/cyfitter_cfg.c **** {
  64:.\Generated_Source\PSoC5/cyfitter_cfg.c **** 	(void)memset(s, 0, n);
  65:.\Generated_Source\PSoC5/cyfitter_cfg.c **** }
  66:.\Generated_Source\PSoC5/cyfitter_cfg.c **** CY_CFG_UNUSED
  67:.\Generated_Source\PSoC5/cyfitter_cfg.c **** static void CYCONFIGCPY(void *dest, const void *src, size_t n);
  68:.\Generated_Source\PSoC5/cyfitter_cfg.c **** CY_CFG_UNUSED
  69:.\Generated_Source\PSoC5/cyfitter_cfg.c **** static void CYCONFIGCPY(void *dest, const void *src, size_t n)
  70:.\Generated_Source\PSoC5/cyfitter_cfg.c **** {
  71:.\Generated_Source\PSoC5/cyfitter_cfg.c **** 	(void)memcpy(dest, src, n);
  72:.\Generated_Source\PSoC5/cyfitter_cfg.c **** }
  73:.\Generated_Source\PSoC5/cyfitter_cfg.c **** CY_CFG_UNUSED
  74:.\Generated_Source\PSoC5/cyfitter_cfg.c **** static void CYCONFIGCPYCODE(void *dest, const void *src, size_t n);
  75:.\Generated_Source\PSoC5/cyfitter_cfg.c **** CY_CFG_UNUSED
  76:.\Generated_Source\PSoC5/cyfitter_cfg.c **** static void CYCONFIGCPYCODE(void *dest, const void *src, size_t n)
  77:.\Generated_Source\PSoC5/cyfitter_cfg.c **** {
  78:.\Generated_Source\PSoC5/cyfitter_cfg.c **** 	(void)memcpy(dest, src, n);
  79:.\Generated_Source\PSoC5/cyfitter_cfg.c **** }
  80:.\Generated_Source\PSoC5/cyfitter_cfg.c **** 
  81:.\Generated_Source\PSoC5/cyfitter_cfg.c **** 
  82:.\Generated_Source\PSoC5/cyfitter_cfg.c **** 
  83:.\Generated_Source\PSoC5/cyfitter_cfg.c **** /* Clock startup error codes                                                   */
  84:.\Generated_Source\PSoC5/cyfitter_cfg.c **** #define CYCLOCKSTART_NO_ERROR    0u
  85:.\Generated_Source\PSoC5/cyfitter_cfg.c **** #define CYCLOCKSTART_XTAL_ERROR  1u
  86:.\Generated_Source\PSoC5/cyfitter_cfg.c **** #define CYCLOCKSTART_32KHZ_ERROR 2u
  87:.\Generated_Source\PSoC5/cyfitter_cfg.c **** #define CYCLOCKSTART_PLL_ERROR   3u
  88:.\Generated_Source\PSoC5/cyfitter_cfg.c **** 
ARM GAS  C:\Users\Rolando\AppData\Local\Temp\ccqnczYj.s 			page 3


  89:.\Generated_Source\PSoC5/cyfitter_cfg.c **** #ifdef CY_NEED_CYCLOCKSTARTUPERROR
  90:.\Generated_Source\PSoC5/cyfitter_cfg.c **** /*******************************************************************************
  91:.\Generated_Source\PSoC5/cyfitter_cfg.c **** * Function Name: CyClockStartupError
  92:.\Generated_Source\PSoC5/cyfitter_cfg.c **** ********************************************************************************
  93:.\Generated_Source\PSoC5/cyfitter_cfg.c **** * Summary:
  94:.\Generated_Source\PSoC5/cyfitter_cfg.c **** *  If an error is encountered during clock configuration (crystal startup error,
  95:.\Generated_Source\PSoC5/cyfitter_cfg.c **** *  PLL lock error, etc.), the system will end up here.  Unless reimplemented by
  96:.\Generated_Source\PSoC5/cyfitter_cfg.c **** *  the customer, this function will stop in an infinite loop.
  97:.\Generated_Source\PSoC5/cyfitter_cfg.c **** *
  98:.\Generated_Source\PSoC5/cyfitter_cfg.c **** * Parameters:
  99:.\Generated_Source\PSoC5/cyfitter_cfg.c **** *   void
 100:.\Generated_Source\PSoC5/cyfitter_cfg.c **** *
 101:.\Generated_Source\PSoC5/cyfitter_cfg.c **** * Return:
 102:.\Generated_Source\PSoC5/cyfitter_cfg.c **** *   void
 103:.\Generated_Source\PSoC5/cyfitter_cfg.c **** *
 104:.\Generated_Source\PSoC5/cyfitter_cfg.c **** *******************************************************************************/
 105:.\Generated_Source\PSoC5/cyfitter_cfg.c **** CY_CFG_UNUSED
 106:.\Generated_Source\PSoC5/cyfitter_cfg.c **** static void CyClockStartupError(uint8 errorCode);
 107:.\Generated_Source\PSoC5/cyfitter_cfg.c **** CY_CFG_UNUSED
 108:.\Generated_Source\PSoC5/cyfitter_cfg.c **** static void CyClockStartupError(uint8 errorCode)
 109:.\Generated_Source\PSoC5/cyfitter_cfg.c **** {
 110:.\Generated_Source\PSoC5/cyfitter_cfg.c ****     /* To remove the compiler warning if errorCode not used.                */
 111:.\Generated_Source\PSoC5/cyfitter_cfg.c ****     errorCode = errorCode;
 112:.\Generated_Source\PSoC5/cyfitter_cfg.c **** 
 113:.\Generated_Source\PSoC5/cyfitter_cfg.c ****     /* `#START CyClockStartupError` */
 114:.\Generated_Source\PSoC5/cyfitter_cfg.c **** 
 115:.\Generated_Source\PSoC5/cyfitter_cfg.c ****     /* If we have a clock startup error (bad MHz crystal, PLL lock, etc.),  */
 116:.\Generated_Source\PSoC5/cyfitter_cfg.c ****     /* we will end up here to allow the customer to implement something to  */
 117:.\Generated_Source\PSoC5/cyfitter_cfg.c ****     /* deal with the clock condition.                                       */
 118:.\Generated_Source\PSoC5/cyfitter_cfg.c **** 
 119:.\Generated_Source\PSoC5/cyfitter_cfg.c ****     /* `#END` */
 120:.\Generated_Source\PSoC5/cyfitter_cfg.c **** 
 121:.\Generated_Source\PSoC5/cyfitter_cfg.c ****     /* If nothing else, stop here since the clocks have not started         */
 122:.\Generated_Source\PSoC5/cyfitter_cfg.c ****     /* correctly.                                                           */
 123:.\Generated_Source\PSoC5/cyfitter_cfg.c ****     while(1) {}
 124:.\Generated_Source\PSoC5/cyfitter_cfg.c **** }
 125:.\Generated_Source\PSoC5/cyfitter_cfg.c **** #endif
 126:.\Generated_Source\PSoC5/cyfitter_cfg.c **** 
 127:.\Generated_Source\PSoC5/cyfitter_cfg.c **** /* IOPINS0_2 Address: CYREG_PRT2_DM0 Size (bytes): 8 */
 128:.\Generated_Source\PSoC5/cyfitter_cfg.c **** #define BS_IOPINS0_2_VAL ((const uint8 CYFAR *)0x48000000u)
 129:.\Generated_Source\PSoC5/cyfitter_cfg.c **** 
 130:.\Generated_Source\PSoC5/cyfitter_cfg.c **** /* IOPINS0_5 Address: CYREG_PRT5_DM0 Size (bytes): 8 */
 131:.\Generated_Source\PSoC5/cyfitter_cfg.c **** #define BS_IOPINS0_5_VAL ((const uint8 CYFAR *)0x48000008u)
 132:.\Generated_Source\PSoC5/cyfitter_cfg.c **** 
 133:.\Generated_Source\PSoC5/cyfitter_cfg.c **** 
 134:.\Generated_Source\PSoC5/cyfitter_cfg.c **** /*******************************************************************************
 135:.\Generated_Source\PSoC5/cyfitter_cfg.c **** * Function Name: ClockSetup
 136:.\Generated_Source\PSoC5/cyfitter_cfg.c **** ********************************************************************************
 137:.\Generated_Source\PSoC5/cyfitter_cfg.c **** *
 138:.\Generated_Source\PSoC5/cyfitter_cfg.c **** * Summary:
 139:.\Generated_Source\PSoC5/cyfitter_cfg.c **** *  Performs the initialization of all of the clocks in the device based on the
 140:.\Generated_Source\PSoC5/cyfitter_cfg.c **** *  settings in the Clock tab of the DWR.  This includes enabling the requested
 141:.\Generated_Source\PSoC5/cyfitter_cfg.c **** *  clocks and setting the necessary dividers to produce the desired frequency. 
 142:.\Generated_Source\PSoC5/cyfitter_cfg.c **** *
 143:.\Generated_Source\PSoC5/cyfitter_cfg.c **** * Parameters:
 144:.\Generated_Source\PSoC5/cyfitter_cfg.c **** *  void
 145:.\Generated_Source\PSoC5/cyfitter_cfg.c **** *
ARM GAS  C:\Users\Rolando\AppData\Local\Temp\ccqnczYj.s 			page 4


 146:.\Generated_Source\PSoC5/cyfitter_cfg.c **** * Return:
 147:.\Generated_Source\PSoC5/cyfitter_cfg.c **** *  void
 148:.\Generated_Source\PSoC5/cyfitter_cfg.c **** *
 149:.\Generated_Source\PSoC5/cyfitter_cfg.c **** *******************************************************************************/
 150:.\Generated_Source\PSoC5/cyfitter_cfg.c **** static void ClockSetup(void);
 151:.\Generated_Source\PSoC5/cyfitter_cfg.c **** static void ClockSetup(void)
 152:.\Generated_Source\PSoC5/cyfitter_cfg.c **** {
 153:.\Generated_Source\PSoC5/cyfitter_cfg.c **** 	uint32 timeout;
 154:.\Generated_Source\PSoC5/cyfitter_cfg.c **** 	uint8 pllLock;
 155:.\Generated_Source\PSoC5/cyfitter_cfg.c **** 
 156:.\Generated_Source\PSoC5/cyfitter_cfg.c **** 
 157:.\Generated_Source\PSoC5/cyfitter_cfg.c **** 	/* Configure ILO based on settings from Clock DWR */
 158:.\Generated_Source\PSoC5/cyfitter_cfg.c **** 	CY_SET_XTND_REG8((void CYFAR *)(CYREG_SLOWCLK_ILO_CR0), 0x02u);
 159:.\Generated_Source\PSoC5/cyfitter_cfg.c **** 	CY_SET_XTND_REG8((void CYFAR *)(CYREG_CLKDIST_CR), 0x08u);
 160:.\Generated_Source\PSoC5/cyfitter_cfg.c **** 
 161:.\Generated_Source\PSoC5/cyfitter_cfg.c **** 	/* Configure IMO based on settings from Clock DWR */
 162:.\Generated_Source\PSoC5/cyfitter_cfg.c **** 	CY_SET_XTND_REG8((void CYFAR *)(CYREG_FASTCLK_IMO_CR), 0x03u);
 163:.\Generated_Source\PSoC5/cyfitter_cfg.c **** 	CY_SET_XTND_REG8((void CYFAR *)(CYREG_IMO_TR1), (CY_GET_XTND_REG8((void CYFAR *)CYREG_FLSHID_CUST_
 164:.\Generated_Source\PSoC5/cyfitter_cfg.c **** 
 165:.\Generated_Source\PSoC5/cyfitter_cfg.c **** 	/* Configure PLL based on settings from Clock DWR */
 166:.\Generated_Source\PSoC5/cyfitter_cfg.c **** 	CY_SET_XTND_REG16((void CYFAR *)(CYREG_FASTCLK_PLL_P), 0x0008u);
 167:.\Generated_Source\PSoC5/cyfitter_cfg.c **** 	CY_SET_XTND_REG16((void CYFAR *)(CYREG_FASTCLK_PLL_CFG0), 0x1251u);
 168:.\Generated_Source\PSoC5/cyfitter_cfg.c **** 	/* Wait up to 250us for the PLL to lock */
 169:.\Generated_Source\PSoC5/cyfitter_cfg.c **** 	pllLock = 0u;
 170:.\Generated_Source\PSoC5/cyfitter_cfg.c **** 	for (timeout = 250u / 10u; (timeout > 0u) && (pllLock != 0x03u); timeout--)
 171:.\Generated_Source\PSoC5/cyfitter_cfg.c **** 	{ 
 172:.\Generated_Source\PSoC5/cyfitter_cfg.c **** 		pllLock = 0x03u & ((uint8)((uint8)pllLock << 1) | ((CY_GET_XTND_REG8((void CYFAR *)CYREG_FASTCLK_
 173:.\Generated_Source\PSoC5/cyfitter_cfg.c **** 		CyDelayCycles(10u * 12u); /* Delay 10us based on 12MHz clock */
 174:.\Generated_Source\PSoC5/cyfitter_cfg.c **** 	}
 175:.\Generated_Source\PSoC5/cyfitter_cfg.c **** 	/* If we ran out of time the PLL didn't lock so go to the error function */
 176:.\Generated_Source\PSoC5/cyfitter_cfg.c **** 	if (timeout == 0u)
 177:.\Generated_Source\PSoC5/cyfitter_cfg.c **** 	{
 178:.\Generated_Source\PSoC5/cyfitter_cfg.c **** 		CyClockStartupError(CYCLOCKSTART_PLL_ERROR);
 179:.\Generated_Source\PSoC5/cyfitter_cfg.c **** 	}
 180:.\Generated_Source\PSoC5/cyfitter_cfg.c **** 
 181:.\Generated_Source\PSoC5/cyfitter_cfg.c **** 	/* Configure Bus/Master Clock based on settings from Clock DWR */
 182:.\Generated_Source\PSoC5/cyfitter_cfg.c **** 	CY_SET_XTND_REG16((void CYFAR *)(CYREG_CLKDIST_MSTR0), 0x0100u);
 183:.\Generated_Source\PSoC5/cyfitter_cfg.c **** 	CY_SET_XTND_REG8((void CYFAR *)(CYREG_CLKDIST_MSTR0), 0x07u);
 184:.\Generated_Source\PSoC5/cyfitter_cfg.c **** 	CY_SET_XTND_REG8((void CYFAR *)(CYREG_CLKDIST_BCFG0), 0x00u);
 185:.\Generated_Source\PSoC5/cyfitter_cfg.c **** 	CY_SET_XTND_REG8((void CYFAR *)(CYREG_CLKDIST_BCFG2), 0x48u);
 186:.\Generated_Source\PSoC5/cyfitter_cfg.c **** 	CY_SET_XTND_REG8((void CYFAR *)(CYREG_CLKDIST_MSTR0), 0x00u);
 187:.\Generated_Source\PSoC5/cyfitter_cfg.c **** 	CY_SET_XTND_REG8((void CYFAR *)(CYREG_CLKDIST_LD), 0x02u);
 188:.\Generated_Source\PSoC5/cyfitter_cfg.c **** }
 189:.\Generated_Source\PSoC5/cyfitter_cfg.c **** 
 190:.\Generated_Source\PSoC5/cyfitter_cfg.c **** 
 191:.\Generated_Source\PSoC5/cyfitter_cfg.c **** /* Analog API Functions */
 192:.\Generated_Source\PSoC5/cyfitter_cfg.c **** 
 193:.\Generated_Source\PSoC5/cyfitter_cfg.c **** 
 194:.\Generated_Source\PSoC5/cyfitter_cfg.c **** /*******************************************************************************
 195:.\Generated_Source\PSoC5/cyfitter_cfg.c **** * Function Name: AnalogSetDefault
 196:.\Generated_Source\PSoC5/cyfitter_cfg.c **** ********************************************************************************
 197:.\Generated_Source\PSoC5/cyfitter_cfg.c **** *
 198:.\Generated_Source\PSoC5/cyfitter_cfg.c **** * Summary:
 199:.\Generated_Source\PSoC5/cyfitter_cfg.c **** *  Sets up the analog portions of the chip to default values based on chip
 200:.\Generated_Source\PSoC5/cyfitter_cfg.c **** *  configuration options from the project.
 201:.\Generated_Source\PSoC5/cyfitter_cfg.c **** *
 202:.\Generated_Source\PSoC5/cyfitter_cfg.c **** * Parameters:
ARM GAS  C:\Users\Rolando\AppData\Local\Temp\ccqnczYj.s 			page 5


 203:.\Generated_Source\PSoC5/cyfitter_cfg.c **** *  void
 204:.\Generated_Source\PSoC5/cyfitter_cfg.c **** *
 205:.\Generated_Source\PSoC5/cyfitter_cfg.c **** * Return:
 206:.\Generated_Source\PSoC5/cyfitter_cfg.c **** *  void
 207:.\Generated_Source\PSoC5/cyfitter_cfg.c **** *
 208:.\Generated_Source\PSoC5/cyfitter_cfg.c **** *******************************************************************************/
 209:.\Generated_Source\PSoC5/cyfitter_cfg.c **** static void AnalogSetDefault(void);
 210:.\Generated_Source\PSoC5/cyfitter_cfg.c **** static void AnalogSetDefault(void)
 211:.\Generated_Source\PSoC5/cyfitter_cfg.c **** {
 212:.\Generated_Source\PSoC5/cyfitter_cfg.c **** 	uint8 bg_xover_inl_trim = CY_GET_XTND_REG8((void CYFAR *)(CYREG_FLSHID_MFG_CFG_BG_XOVER_INL_TRIM +
 213:.\Generated_Source\PSoC5/cyfitter_cfg.c **** 	CY_SET_XTND_REG8((void CYFAR *)(CYREG_BG_DFT0), (bg_xover_inl_trim & 0x07u));
 214:.\Generated_Source\PSoC5/cyfitter_cfg.c **** 	CY_SET_XTND_REG8((void CYFAR *)(CYREG_BG_DFT1), ((bg_xover_inl_trim >> 4) & 0x0Fu));
 215:.\Generated_Source\PSoC5/cyfitter_cfg.c **** 	CY_SET_XTND_REG8((void CYFAR *)CYREG_PRT5_AG, 0x02u);
 216:.\Generated_Source\PSoC5/cyfitter_cfg.c **** 	CY_SET_XTND_REG8((void CYFAR *)CYREG_DAC1_SW0, 0x02u);
 217:.\Generated_Source\PSoC5/cyfitter_cfg.c **** 	CY_SET_XTND_REG8((void CYFAR *)CYREG_PUMP_CR0, 0x66u);
 218:.\Generated_Source\PSoC5/cyfitter_cfg.c **** }
 219:.\Generated_Source\PSoC5/cyfitter_cfg.c **** 
 220:.\Generated_Source\PSoC5/cyfitter_cfg.c **** 
 221:.\Generated_Source\PSoC5/cyfitter_cfg.c **** /*******************************************************************************
 222:.\Generated_Source\PSoC5/cyfitter_cfg.c **** * Function Name: SetAnalogRoutingPumps
 223:.\Generated_Source\PSoC5/cyfitter_cfg.c **** ********************************************************************************
 224:.\Generated_Source\PSoC5/cyfitter_cfg.c **** *
 225:.\Generated_Source\PSoC5/cyfitter_cfg.c **** * Summary:
 226:.\Generated_Source\PSoC5/cyfitter_cfg.c **** * Enables or disables the analog pumps feeding analog routing switches.
 227:.\Generated_Source\PSoC5/cyfitter_cfg.c **** * Intended to be called at startup, based on the Vdda system configuration;
 228:.\Generated_Source\PSoC5/cyfitter_cfg.c **** * may be called during operation when the user informs us that the Vdda voltage
 229:.\Generated_Source\PSoC5/cyfitter_cfg.c **** * crossed the pump threshold.
 230:.\Generated_Source\PSoC5/cyfitter_cfg.c **** *
 231:.\Generated_Source\PSoC5/cyfitter_cfg.c **** * Parameters:
 232:.\Generated_Source\PSoC5/cyfitter_cfg.c **** *  enabled - 1 to enable the pumps, 0 to disable the pumps
 233:.\Generated_Source\PSoC5/cyfitter_cfg.c **** *
 234:.\Generated_Source\PSoC5/cyfitter_cfg.c **** * Return:
 235:.\Generated_Source\PSoC5/cyfitter_cfg.c **** *  void
 236:.\Generated_Source\PSoC5/cyfitter_cfg.c **** *
 237:.\Generated_Source\PSoC5/cyfitter_cfg.c **** *******************************************************************************/
 238:.\Generated_Source\PSoC5/cyfitter_cfg.c **** void SetAnalogRoutingPumps(uint8 enabled)
 239:.\Generated_Source\PSoC5/cyfitter_cfg.c **** {
  27              		.loc 1 239 0
  28              		.cfi_startproc
  29              		@ args = 0, pretend = 0, frame = 0
  30              		@ frame_needed = 0, uses_anonymous_args = 0
  31              		@ link register save eliminated.
  32              	.LVL0:
 240:.\Generated_Source\PSoC5/cyfitter_cfg.c **** 	uint8 regValue = CY_GET_XTND_REG8((void CYFAR *)CYREG_PUMP_CR0);
  33              		.loc 1 240 0
  34 0000 054A     		ldr	r2, .L5
  35 0002 1378     		ldrb	r3, [r2]	@ zero_extendqisi2
  36 0004 DBB2     		uxtb	r3, r3
  37              	.LVL1:
 241:.\Generated_Source\PSoC5/cyfitter_cfg.c **** 	if (enabled != 0u)
  38              		.loc 1 241 0
  39 0006 10B1     		cbz	r0, .L2
 242:.\Generated_Source\PSoC5/cyfitter_cfg.c **** 	{
 243:.\Generated_Source\PSoC5/cyfitter_cfg.c **** 		regValue |= 0x22u;
  40              		.loc 1 243 0
  41 0008 43F02203 		orr	r3, r3, #34
  42              	.LVL2:
ARM GAS  C:\Users\Rolando\AppData\Local\Temp\ccqnczYj.s 			page 6


  43 000c 01E0     		b	.L3
  44              	.L2:
 244:.\Generated_Source\PSoC5/cyfitter_cfg.c **** 	}
 245:.\Generated_Source\PSoC5/cyfitter_cfg.c **** 	else
 246:.\Generated_Source\PSoC5/cyfitter_cfg.c **** 	{
 247:.\Generated_Source\PSoC5/cyfitter_cfg.c **** 		regValue &= (uint8)~0x22u;
  45              		.loc 1 247 0
  46 000e 03F0DD03 		and	r3, r3, #221
  47              	.LVL3:
  48              	.L3:
 248:.\Generated_Source\PSoC5/cyfitter_cfg.c **** 	}
 249:.\Generated_Source\PSoC5/cyfitter_cfg.c **** 	CY_SET_XTND_REG8((void CYFAR *)CYREG_PUMP_CR0, regValue);
  49              		.loc 1 249 0
  50 0012 1370     		strb	r3, [r2]
  51 0014 7047     		bx	lr
  52              	.L6:
  53 0016 00BF     		.align	2
  54              	.L5:
  55 0018 76580040 		.word	1073764470
  56              		.cfi_endproc
  57              	.LFE6:
  58              		.size	SetAnalogRoutingPumps, .-SetAnalogRoutingPumps
  59              		.section	.text.cyfitter_cfg,"ax",%progbits
  60              		.align	1
  61              		.global	cyfitter_cfg
  62              		.thumb
  63              		.thumb_func
  64              		.type	cyfitter_cfg, %function
  65              	cyfitter_cfg:
  66              	.LFB7:
 250:.\Generated_Source\PSoC5/cyfitter_cfg.c **** }
 251:.\Generated_Source\PSoC5/cyfitter_cfg.c **** 
 252:.\Generated_Source\PSoC5/cyfitter_cfg.c **** #define CY_AMUX_UNUSED CYREG_BOOST_SR
 253:.\Generated_Source\PSoC5/cyfitter_cfg.c **** 
 254:.\Generated_Source\PSoC5/cyfitter_cfg.c **** 
 255:.\Generated_Source\PSoC5/cyfitter_cfg.c **** /*******************************************************************************
 256:.\Generated_Source\PSoC5/cyfitter_cfg.c **** * Function Name: cyfitter_cfg
 257:.\Generated_Source\PSoC5/cyfitter_cfg.c **** ********************************************************************************
 258:.\Generated_Source\PSoC5/cyfitter_cfg.c **** * Summary:
 259:.\Generated_Source\PSoC5/cyfitter_cfg.c **** *  This function is called by the start-up code for the selected device. It
 260:.\Generated_Source\PSoC5/cyfitter_cfg.c **** *  performs all of the necessary device configuration based on the design
 261:.\Generated_Source\PSoC5/cyfitter_cfg.c **** *  settings.  This includes settings from the Design Wide Resources (DWR) such
 262:.\Generated_Source\PSoC5/cyfitter_cfg.c **** *  as Clocks and Pins as well as any component configuration that is necessary.
 263:.\Generated_Source\PSoC5/cyfitter_cfg.c **** *
 264:.\Generated_Source\PSoC5/cyfitter_cfg.c **** * Parameters:  
 265:.\Generated_Source\PSoC5/cyfitter_cfg.c **** *   void
 266:.\Generated_Source\PSoC5/cyfitter_cfg.c **** *
 267:.\Generated_Source\PSoC5/cyfitter_cfg.c **** * Return:
 268:.\Generated_Source\PSoC5/cyfitter_cfg.c **** *   void
 269:.\Generated_Source\PSoC5/cyfitter_cfg.c **** *
 270:.\Generated_Source\PSoC5/cyfitter_cfg.c **** *******************************************************************************/
 271:.\Generated_Source\PSoC5/cyfitter_cfg.c **** 
 272:.\Generated_Source\PSoC5/cyfitter_cfg.c **** void cyfitter_cfg(void)
 273:.\Generated_Source\PSoC5/cyfitter_cfg.c **** {
  67              		.loc 1 273 0
  68              		.cfi_startproc
  69              		@ args = 0, pretend = 0, frame = 0
ARM GAS  C:\Users\Rolando\AppData\Local\Temp\ccqnczYj.s 			page 7


  70              		@ frame_needed = 0, uses_anonymous_args = 0
  71 0000 38B5     		push	{r3, r4, r5, lr}
  72              		.cfi_def_cfa_offset 16
  73              		.cfi_offset 3, -16
  74              		.cfi_offset 4, -12
  75              		.cfi_offset 5, -8
  76              		.cfi_offset 14, -4
 274:.\Generated_Source\PSoC5/cyfitter_cfg.c **** #ifdef CYGlobalIntDisable
 275:.\Generated_Source\PSoC5/cyfitter_cfg.c **** 	/* Disable interrupts by default. Let user enable if/when they want. */
 276:.\Generated_Source\PSoC5/cyfitter_cfg.c **** 	CYGlobalIntDisable
  77              		.loc 1 276 0
  78              	@ 276 ".\Generated_Source\PSoC5\cyfitter_cfg.c" 1
  79 0002 72B6     		CPSID   i
  80              	@ 0 "" 2
 277:.\Generated_Source\PSoC5/cyfitter_cfg.c **** #endif
 278:.\Generated_Source\PSoC5/cyfitter_cfg.c **** 
 279:.\Generated_Source\PSoC5/cyfitter_cfg.c **** 
 280:.\Generated_Source\PSoC5/cyfitter_cfg.c **** 	/* Set Flash Cycles based on max possible frequency in case a glitch occurs during ClockSetup(). *
 281:.\Generated_Source\PSoC5/cyfitter_cfg.c **** 	CY_SET_XTND_REG8((void CYFAR *)(CYREG_CACHE_CC_CTL), (((CYDEV_INSTRUCT_CACHE_ENABLED) != 0) ? 0x01
  81              		.loc 1 281 0
  82              		.thumb
  83 0004 484B     		ldr	r3, .L17
  84 0006 0024     		movs	r4, #0
  85 0008 1C70     		strb	r4, [r3]
  86              	.LBB26:
  87              	.LBB27:
 158:.\Generated_Source\PSoC5/cyfitter_cfg.c **** 	CY_SET_XTND_REG8((void CYFAR *)(CYREG_CLKDIST_CR), 0x08u);
  88              		.loc 1 158 0
  89 000a 0222     		movs	r2, #2
  90 000c A3F5A063 		sub	r3, r3, #1280
  91 0010 1A70     		strb	r2, [r3]
 162:.\Generated_Source\PSoC5/cyfitter_cfg.c **** 	CY_SET_XTND_REG8((void CYFAR *)(CYREG_IMO_TR1), (CY_GET_XTND_REG8((void CYFAR *)CYREG_FLSHID_CUST_
  92              		.loc 1 162 0
  93 0012 0321     		movs	r1, #3
 159:.\Generated_Source\PSoC5/cyfitter_cfg.c **** 
  94              		.loc 1 159 0
  95 0014 0822     		movs	r2, #8
  96 0016 4FF04023 		mov	r3, #1073758208
  97 001a 1A70     		strb	r2, [r3]
 162:.\Generated_Source\PSoC5/cyfitter_cfg.c **** 	CY_SET_XTND_REG8((void CYFAR *)(CYREG_IMO_TR1), (CY_GET_XTND_REG8((void CYFAR *)CYREG_FLSHID_CUST_
  98              		.loc 1 162 0
  99 001c 83F80012 		strb	r1, [r3, #512]
 163:.\Generated_Source\PSoC5/cyfitter_cfg.c **** 
 100              		.loc 1 163 0
 101 0020 424B     		ldr	r3, .L17+4
 102 0022 4349     		ldr	r1, .L17+8
 103 0024 1B78     		ldrb	r3, [r3]	@ zero_extendqisi2
 167:.\Generated_Source\PSoC5/cyfitter_cfg.c **** 	/* Wait up to 250us for the PLL to lock */
 104              		.loc 1 167 0
 105 0026 1925     		movs	r5, #25
 163:.\Generated_Source\PSoC5/cyfitter_cfg.c **** 
 106              		.loc 1 163 0
 107 0028 DBB2     		uxtb	r3, r3
 108 002a 0B70     		strb	r3, [r1]
 166:.\Generated_Source\PSoC5/cyfitter_cfg.c **** 	CY_SET_XTND_REG16((void CYFAR *)(CYREG_FASTCLK_PLL_CFG0), 0x1251u);
 109              		.loc 1 166 0
 110 002c 414B     		ldr	r3, .L17+12
ARM GAS  C:\Users\Rolando\AppData\Local\Temp\ccqnczYj.s 			page 8


 111 002e 1A80     		strh	r2, [r3]	@ movhi
 167:.\Generated_Source\PSoC5/cyfitter_cfg.c **** 	/* Wait up to 250us for the PLL to lock */
 112              		.loc 1 167 0
 113 0030 41F25122 		movw	r2, #4689
 114 0034 23F8022C 		strh	r2, [r3, #-2]	@ movhi
 115              	.LVL4:
 116              	.L9:
 172:.\Generated_Source\PSoC5/cyfitter_cfg.c **** 		CyDelayCycles(10u * 12u); /* Delay 10us based on 12MHz clock */
 117              		.loc 1 172 0
 118 0038 3F4B     		ldr	r3, .L17+16
 173:.\Generated_Source\PSoC5/cyfitter_cfg.c **** 	}
 119              		.loc 1 173 0
 120 003a 7820     		movs	r0, #120
 172:.\Generated_Source\PSoC5/cyfitter_cfg.c **** 		CyDelayCycles(10u * 12u); /* Delay 10us based on 12MHz clock */
 121              		.loc 1 172 0
 122 003c 1B78     		ldrb	r3, [r3]	@ zero_extendqisi2
 123 003e 03F00103 		and	r3, r3, #1
 124 0042 43EA4404 		orr	r4, r3, r4, lsl #1
 125              	.LVL5:
 173:.\Generated_Source\PSoC5/cyfitter_cfg.c **** 	}
 126              		.loc 1 173 0
 127 0046 FFF7FEFF 		bl	CyDelayCycles
 128              	.LVL6:
 170:.\Generated_Source\PSoC5/cyfitter_cfg.c **** 	{ 
 129              		.loc 1 170 0
 130 004a 013D     		subs	r5, r5, #1
 131              	.LVL7:
 172:.\Generated_Source\PSoC5/cyfitter_cfg.c **** 		CyDelayCycles(10u * 12u); /* Delay 10us based on 12MHz clock */
 132              		.loc 1 172 0
 133 004c 04F00304 		and	r4, r4, #3
 134              	.LVL8:
 170:.\Generated_Source\PSoC5/cyfitter_cfg.c **** 	{ 
 135              		.loc 1 170 0
 136 0050 19D0     		beq	.L8
 137              	.LVL9:
 138 0052 032C     		cmp	r4, #3
 139 0054 F0D1     		bne	.L9
 182:.\Generated_Source\PSoC5/cyfitter_cfg.c **** 	CY_SET_XTND_REG8((void CYFAR *)(CYREG_CLKDIST_MSTR0), 0x07u);
 140              		.loc 1 182 0
 141 0056 394B     		ldr	r3, .L17+20
 142 0058 4FF48072 		mov	r2, #256
 143 005c 1A80     		strh	r2, [r3]	@ movhi
 183:.\Generated_Source\PSoC5/cyfitter_cfg.c **** 	CY_SET_XTND_REG8((void CYFAR *)(CYREG_CLKDIST_BCFG0), 0x00u);
 144              		.loc 1 183 0
 145 005e 0722     		movs	r2, #7
 146 0060 1A70     		strb	r2, [r3]
 184:.\Generated_Source\PSoC5/cyfitter_cfg.c **** 	CY_SET_XTND_REG8((void CYFAR *)(CYREG_CLKDIST_BCFG2), 0x48u);
 147              		.loc 1 184 0
 148 0062 374A     		ldr	r2, .L17+24
 149 0064 0024     		movs	r4, #0
 150              	.LVL10:
 185:.\Generated_Source\PSoC5/cyfitter_cfg.c **** 	CY_SET_XTND_REG8((void CYFAR *)(CYREG_CLKDIST_MSTR0), 0x00u);
 151              		.loc 1 185 0
 152 0066 4821     		movs	r1, #72
 184:.\Generated_Source\PSoC5/cyfitter_cfg.c **** 	CY_SET_XTND_REG8((void CYFAR *)(CYREG_CLKDIST_BCFG2), 0x48u);
 153              		.loc 1 184 0
 154 0068 1470     		strb	r4, [r2]
ARM GAS  C:\Users\Rolando\AppData\Local\Temp\ccqnczYj.s 			page 9


 185:.\Generated_Source\PSoC5/cyfitter_cfg.c **** 	CY_SET_XTND_REG8((void CYFAR *)(CYREG_CLKDIST_MSTR0), 0x00u);
 155              		.loc 1 185 0
 156 006a 9170     		strb	r1, [r2, #2]
 187:.\Generated_Source\PSoC5/cyfitter_cfg.c **** }
 157              		.loc 1 187 0
 158 006c 0222     		movs	r2, #2
 186:.\Generated_Source\PSoC5/cyfitter_cfg.c **** 	CY_SET_XTND_REG8((void CYFAR *)(CYREG_CLKDIST_LD), 0x02u);
 159              		.loc 1 186 0
 160 006e 1C70     		strb	r4, [r3]
 187:.\Generated_Source\PSoC5/cyfitter_cfg.c **** }
 161              		.loc 1 187 0
 162 0070 03F8032C 		strb	r2, [r3, #-3]
 163              	.LBE27:
 164              	.LBE26:
 282:.\Generated_Source\PSoC5/cyfitter_cfg.c **** 	/* Setup clocks based on selections from Clock DWR */
 283:.\Generated_Source\PSoC5/cyfitter_cfg.c **** 	ClockSetup();
 284:.\Generated_Source\PSoC5/cyfitter_cfg.c **** 	/* Set Flash Cycles based on newly configured 24.00MHz Bus Clock. */
 285:.\Generated_Source\PSoC5/cyfitter_cfg.c **** 	CY_SET_XTND_REG8((void CYFAR *)(CYREG_CACHE_CC_CTL), (((CYDEV_INSTRUCT_CACHE_ENABLED) != 0) ? 0x81
 165              		.loc 1 285 0
 166 0074 8022     		movs	r2, #128
 167 0076 83F8FC27 		strb	r2, [r3, #2044]
 286:.\Generated_Source\PSoC5/cyfitter_cfg.c **** 	/* Enable/Disable Debug functionality based on settings from System DWR */
 287:.\Generated_Source\PSoC5/cyfitter_cfg.c **** 	CY_SET_XTND_REG8((void CYFAR *)CYREG_MLOGIC_DEBUG, (CY_GET_XTND_REG8((void CYFAR *)CYREG_MLOGIC_DE
 168              		.loc 1 287 0
 169 007a 324A     		ldr	r2, .L17+28
 170 007c 1378     		ldrb	r3, [r2]	@ zero_extendqisi2
 171 007e 43F00403 		orr	r3, r3, #4
 172 0082 1370     		strb	r3, [r2]
 173              	.LVL11:
 174 0084 00E0     		b	.L11
 175              	.LVL12:
 176              	.L8:
 177 0086 FEE7     		b	.L8
 178              	.LVL13:
 179              	.L11:
 180              	.LBB28:
 181              	.LBB29:
 288:.\Generated_Source\PSoC5/cyfitter_cfg.c **** 
 289:.\Generated_Source\PSoC5/cyfitter_cfg.c **** 	{
 290:.\Generated_Source\PSoC5/cyfitter_cfg.c **** 
 291:.\Generated_Source\PSoC5/cyfitter_cfg.c **** 		CYPACKED typedef struct {
 292:.\Generated_Source\PSoC5/cyfitter_cfg.c **** 			void CYFAR *address;
 293:.\Generated_Source\PSoC5/cyfitter_cfg.c **** 			uint16 size;
 294:.\Generated_Source\PSoC5/cyfitter_cfg.c **** 		} CYPACKED_ATTR cfg_memset_t;
 295:.\Generated_Source\PSoC5/cyfitter_cfg.c **** 
 296:.\Generated_Source\PSoC5/cyfitter_cfg.c **** 		static const cfg_memset_t CYCODE cfg_memset_list [] = {
 297:.\Generated_Source\PSoC5/cyfitter_cfg.c **** 			/* address, size */
 298:.\Generated_Source\PSoC5/cyfitter_cfg.c **** 			{(void CYFAR *)(CYREG_PRT0_DR), 32u},
 299:.\Generated_Source\PSoC5/cyfitter_cfg.c **** 			{(void CYFAR *)(CYREG_PRT3_DR), 32u},
 300:.\Generated_Source\PSoC5/cyfitter_cfg.c **** 			{(void CYFAR *)(CYREG_PRT6_DR), 16u},
 301:.\Generated_Source\PSoC5/cyfitter_cfg.c **** 			{(void CYFAR *)(CYREG_PRT12_DR), 16u},
 302:.\Generated_Source\PSoC5/cyfitter_cfg.c **** 			{(void CYFAR *)(CYREG_PRT15_DR), 16u},
 303:.\Generated_Source\PSoC5/cyfitter_cfg.c **** 			{(void CYFAR *)(CYDEV_UCFG_B0_P0_U0_BASE), 4096u},
 304:.\Generated_Source\PSoC5/cyfitter_cfg.c **** 			{(void CYFAR *)(CYDEV_UCFG_B1_P2_U0_BASE), 2048u},
 305:.\Generated_Source\PSoC5/cyfitter_cfg.c **** 			{(void CYFAR *)(CYDEV_UCFG_DSI0_BASE), 2560u},
 306:.\Generated_Source\PSoC5/cyfitter_cfg.c **** 			{(void CYFAR *)(CYDEV_UCFG_DSI12_BASE), 512u},
 307:.\Generated_Source\PSoC5/cyfitter_cfg.c **** 			{(void CYFAR *)(CYREG_BCTL0_MDCLK_EN), 32u},
ARM GAS  C:\Users\Rolando\AppData\Local\Temp\ccqnczYj.s 			page 10


 308:.\Generated_Source\PSoC5/cyfitter_cfg.c **** 		};
 309:.\Generated_Source\PSoC5/cyfitter_cfg.c **** 
 310:.\Generated_Source\PSoC5/cyfitter_cfg.c **** 		uint8 CYDATA i;
 311:.\Generated_Source\PSoC5/cyfitter_cfg.c **** 
 312:.\Generated_Source\PSoC5/cyfitter_cfg.c **** 		/* Zero out critical memory blocks before beginning configuration */
 313:.\Generated_Source\PSoC5/cyfitter_cfg.c **** 		for (i = 0u; i < (sizeof(cfg_memset_list)/sizeof(cfg_memset_list[0])); i++)
 314:.\Generated_Source\PSoC5/cyfitter_cfg.c **** 		{
 315:.\Generated_Source\PSoC5/cyfitter_cfg.c **** 			const cfg_memset_t CYCODE * CYDATA ms = &cfg_memset_list[i];
 316:.\Generated_Source\PSoC5/cyfitter_cfg.c **** 			CYMEMZERO(ms->address, (size_t)(uint32)(ms->size));
 182              		.loc 1 316 0 discriminator 3
 183 0088 2F4A     		ldr	r2, .L17+32
 184 008a 0623     		movs	r3, #6
 185 008c 03FB0423 		mla	r3, r3, r4, r2
 186              	.LBB30:
 187              	.LBB31:
  64:.\Generated_Source\PSoC5/cyfitter_cfg.c **** }
 188              		.loc 1 64 0 discriminator 3
 189 0090 0021     		movs	r1, #0
 190 0092 1868     		ldr	r0, [r3]	@ unaligned
 191 0094 9A88     		ldrh	r2, [r3, #4]	@ unaligned
 192 0096 0134     		adds	r4, r4, #1
 193              	.LVL14:
 194 0098 FFF7FEFF 		bl	memset
 195              	.LVL15:
 196              	.LBE31:
 197              	.LBE30:
 198              	.LBE29:
 313:.\Generated_Source\PSoC5/cyfitter_cfg.c **** 		{
 199              		.loc 1 313 0 discriminator 3
 200 009c 0A2C     		cmp	r4, #10
 201 009e F3D1     		bne	.L11
 317:.\Generated_Source\PSoC5/cyfitter_cfg.c **** 		}
 318:.\Generated_Source\PSoC5/cyfitter_cfg.c **** 
 319:.\Generated_Source\PSoC5/cyfitter_cfg.c **** 		/* Enable digital routing */
 320:.\Generated_Source\PSoC5/cyfitter_cfg.c **** 		CY_SET_XTND_REG8((void CYFAR *)CYREG_BCTL0_BANK_CTL, CY_GET_XTND_REG8((void CYFAR *)CYREG_BCTL0_B
 202              		.loc 1 320 0
 203 00a0 2A4A     		ldr	r2, .L17+36
 321:.\Generated_Source\PSoC5/cyfitter_cfg.c **** 		CY_SET_XTND_REG8((void CYFAR *)CYREG_BCTL1_BANK_CTL, CY_GET_XTND_REG8((void CYFAR *)CYREG_BCTL1_B
 322:.\Generated_Source\PSoC5/cyfitter_cfg.c **** 
 323:.\Generated_Source\PSoC5/cyfitter_cfg.c **** 		/* Enable UDB array */
 324:.\Generated_Source\PSoC5/cyfitter_cfg.c **** 		CY_SET_XTND_REG8((void CYFAR *)CYREG_PM_ACT_CFG0, CY_GET_XTND_REG8((void CYFAR *)CYREG_PM_ACT_CFG
 325:.\Generated_Source\PSoC5/cyfitter_cfg.c **** 		CY_SET_XTND_REG8((void CYFAR *)CYREG_PM_AVAIL_CR2, CY_GET_XTND_REG8((void CYFAR *)CYREG_PM_AVAIL_
 204              		.loc 1 325 0
 205 00a2 2B49     		ldr	r1, .L17+40
 320:.\Generated_Source\PSoC5/cyfitter_cfg.c **** 		CY_SET_XTND_REG8((void CYFAR *)CYREG_BCTL1_BANK_CTL, CY_GET_XTND_REG8((void CYFAR *)CYREG_BCTL1_B
 206              		.loc 1 320 0
 207 00a4 1378     		ldrb	r3, [r2]	@ zero_extendqisi2
 208              	.LBE28:
 209              	.LBB32:
 210              	.LBB33:
  71:.\Generated_Source\PSoC5/cyfitter_cfg.c **** }
 211              		.loc 1 71 0
 212 00a6 2B4C     		ldr	r4, .L17+44
 213              	.LVL16:
 214              	.LBE33:
 215              	.LBE32:
 216              	.LBB35:
ARM GAS  C:\Users\Rolando\AppData\Local\Temp\ccqnczYj.s 			page 11


 320:.\Generated_Source\PSoC5/cyfitter_cfg.c **** 		CY_SET_XTND_REG8((void CYFAR *)CYREG_BCTL1_BANK_CTL, CY_GET_XTND_REG8((void CYFAR *)CYREG_BCTL1_B
 217              		.loc 1 320 0
 218 00a8 43F00203 		orr	r3, r3, #2
 219 00ac 1370     		strb	r3, [r2]
 321:.\Generated_Source\PSoC5/cyfitter_cfg.c **** 		CY_SET_XTND_REG8((void CYFAR *)CYREG_BCTL1_BANK_CTL, CY_GET_XTND_REG8((void CYFAR *)CYREG_BCTL1_B
 220              		.loc 1 321 0
 221 00ae 137C     		ldrb	r3, [r2, #16]	@ zero_extendqisi2
 222              	.LBE35:
 223              	.LBB36:
 224              	.LBB37:
  71:.\Generated_Source\PSoC5/cyfitter_cfg.c **** }
 225              		.loc 1 71 0
 226 00b0 A4F67254 		subw	r4, r4, #3442
 227              	.LBE37:
 228              	.LBE36:
 229              	.LBB39:
 321:.\Generated_Source\PSoC5/cyfitter_cfg.c **** 		CY_SET_XTND_REG8((void CYFAR *)CYREG_BCTL1_BANK_CTL, CY_GET_XTND_REG8((void CYFAR *)CYREG_BCTL1_B
 230              		.loc 1 321 0
 231 00b4 43F00203 		orr	r3, r3, #2
 232 00b8 1374     		strb	r3, [r2, #16]
 324:.\Generated_Source\PSoC5/cyfitter_cfg.c **** 		CY_SET_XTND_REG8((void CYFAR *)CYREG_PM_AVAIL_CR2, CY_GET_XTND_REG8((void CYFAR *)CYREG_PM_AVAIL_
 233              		.loc 1 324 0
 234 00ba A2F58632 		sub	r2, r2, #68608
 235 00be 633A     		subs	r2, r2, #99
 236 00c0 1378     		ldrb	r3, [r2]	@ zero_extendqisi2
 237 00c2 43F04003 		orr	r3, r3, #64
 238 00c6 1370     		strb	r3, [r2]
 239              		.loc 1 325 0
 240 00c8 0B78     		ldrb	r3, [r1]	@ zero_extendqisi2
 241 00ca 43F01003 		orr	r3, r3, #16
 242 00ce 0B70     		strb	r3, [r1]
 243              	.LVL17:
 244              	.LBE39:
 245              	.LBB40:
 246              	.LBB34:
  71:.\Generated_Source\PSoC5/cyfitter_cfg.c **** }
 247              		.loc 1 71 0
 248 00d0 4FF09043 		mov	r3, #1207959552
 249 00d4 03CB     		ldmia	r3!, {r0, r1}
 250 00d6 C4F8720D 		str	r0, [r4, #3442]	@ unaligned
 251 00da C4F8761D 		str	r1, [r4, #3446]	@ unaligned
 252              	.LVL18:
 253              	.LBE34:
 254              	.LBE40:
 255              	.LBB41:
 256              	.LBB42:
 257 00de 03CB     		ldmia	r3!, {r0, r1}
 258 00e0 C4F8A61D 		str	r1, [r4, #3494]	@ unaligned
 259              	.LBE42:
 260              	.LBE41:
 326:.\Generated_Source\PSoC5/cyfitter_cfg.c **** 	}
 327:.\Generated_Source\PSoC5/cyfitter_cfg.c **** 
 328:.\Generated_Source\PSoC5/cyfitter_cfg.c **** 
 329:.\Generated_Source\PSoC5/cyfitter_cfg.c **** 	/* Perform second pass device configuration. These items must be configured in specific order afte
 330:.\Generated_Source\PSoC5/cyfitter_cfg.c **** 	CYCONFIGCPY((void CYFAR *)(CYREG_PRT2_DM0), (const void CYFAR *)(BS_IOPINS0_2_VAL), 8u);
 331:.\Generated_Source\PSoC5/cyfitter_cfg.c **** 	CYCONFIGCPY((void CYFAR *)(CYREG_PRT5_DM0), (const void CYFAR *)(BS_IOPINS0_5_VAL), 8u);
 332:.\Generated_Source\PSoC5/cyfitter_cfg.c **** 	/* Switch Boost to the precision bandgap reference from its internal reference */
ARM GAS  C:\Users\Rolando\AppData\Local\Temp\ccqnczYj.s 			page 12


 333:.\Generated_Source\PSoC5/cyfitter_cfg.c **** 	CY_SET_REG8((void CYXDATA *)CYREG_BOOST_CR2, (CY_GET_REG8((void CYXDATA *)CYREG_BOOST_CR2) | 0x08u
 261              		.loc 1 333 0
 262 00e4 1C49     		ldr	r1, .L17+48
 263              	.LBB44:
 264              	.LBB43:
  71:.\Generated_Source\PSoC5/cyfitter_cfg.c **** }
 265              		.loc 1 71 0
 266 00e6 C4F8A20D 		str	r0, [r4, #3490]	@ unaligned
 267              	.LBE43:
 268              	.LBE44:
 269              		.loc 1 333 0
 270 00ea 0B78     		ldrb	r3, [r1]	@ zero_extendqisi2
 271 00ec 43F00803 		orr	r3, r3, #8
 272 00f0 0B70     		strb	r3, [r1]
 334:.\Generated_Source\PSoC5/cyfitter_cfg.c **** 	CY_SET_XTND_REG8((void CYFAR *)(CYREG_PANTHER_WAITPIPE), 0x01u);
 273              		.loc 1 334 0
 274 00f2 1A4B     		ldr	r3, .L17+52
 275 00f4 0121     		movs	r1, #1
 276 00f6 1970     		strb	r1, [r3]
 277              	.LBB45:
 278              	.LBB46:
 212:.\Generated_Source\PSoC5/cyfitter_cfg.c **** 	CY_SET_XTND_REG8((void CYFAR *)(CYREG_BG_DFT0), (bg_xover_inl_trim & 0x07u));
 279              		.loc 1 212 0
 280 00f8 194B     		ldr	r3, .L17+56
 213:.\Generated_Source\PSoC5/cyfitter_cfg.c **** 	CY_SET_XTND_REG8((void CYFAR *)(CYREG_BG_DFT1), ((bg_xover_inl_trim >> 4) & 0x0Fu));
 281              		.loc 1 213 0
 282 00fa 1A49     		ldr	r1, .L17+60
 212:.\Generated_Source\PSoC5/cyfitter_cfg.c **** 	CY_SET_XTND_REG8((void CYFAR *)(CYREG_BG_DFT0), (bg_xover_inl_trim & 0x07u));
 283              		.loc 1 212 0
 284 00fc 1B78     		ldrb	r3, [r3]	@ zero_extendqisi2
 285 00fe DBB2     		uxtb	r3, r3
 286              	.LVL19:
 213:.\Generated_Source\PSoC5/cyfitter_cfg.c **** 	CY_SET_XTND_REG8((void CYFAR *)(CYREG_BG_DFT1), ((bg_xover_inl_trim >> 4) & 0x0Fu));
 287              		.loc 1 213 0
 288 0100 03F00700 		and	r0, r3, #7
 289 0104 0870     		strb	r0, [r1]
 214:.\Generated_Source\PSoC5/cyfitter_cfg.c **** 	CY_SET_XTND_REG8((void CYFAR *)CYREG_PRT5_AG, 0x02u);
 290              		.loc 1 214 0
 291 0106 1B09     		lsrs	r3, r3, #4
 292              	.LVL20:
 215:.\Generated_Source\PSoC5/cyfitter_cfg.c **** 	CY_SET_XTND_REG8((void CYFAR *)CYREG_DAC1_SW0, 0x02u);
 293              		.loc 1 215 0
 294 0108 6FF4E260 		mvn	r0, #1808
 214:.\Generated_Source\PSoC5/cyfitter_cfg.c **** 	CY_SET_XTND_REG8((void CYFAR *)CYREG_PRT5_AG, 0x02u);
 295              		.loc 1 214 0
 296 010c 4B70     		strb	r3, [r1, #1]
 215:.\Generated_Source\PSoC5/cyfitter_cfg.c **** 	CY_SET_XTND_REG8((void CYFAR *)CYREG_DAC1_SW0, 0x02u);
 297              		.loc 1 215 0
 298 010e 0144     		add	r1, r1, r0
 299 0110 0223     		movs	r3, #2
 300 0112 0B70     		strb	r3, [r1]
 216:.\Generated_Source\PSoC5/cyfitter_cfg.c **** 	CY_SET_XTND_REG8((void CYFAR *)CYREG_PUMP_CR0, 0x66u);
 301              		.loc 1 216 0
 302 0114 81F82B39 		strb	r3, [r1, #2347]
 217:.\Generated_Source\PSoC5/cyfitter_cfg.c **** }
 303              		.loc 1 217 0
 304 0118 134B     		ldr	r3, .L17+64
ARM GAS  C:\Users\Rolando\AppData\Local\Temp\ccqnczYj.s 			page 13


 305 011a 6621     		movs	r1, #102
 306 011c 1970     		strb	r1, [r3]
 307              	.LVL21:
 308              	.LBE46:
 309              	.LBE45:
 310              	.LBB47:
 311              	.LBB38:
  71:.\Generated_Source\PSoC5/cyfitter_cfg.c **** }
 312              		.loc 1 71 0
 313 011e 0FCA     		ldmia	r2, {r0, r1, r2, r3}
 314 0120 07C4     		stmia	r4!, {r0, r1, r2}
 315 0122 2380     		strh	r3, [r4]	@ movhi
 316 0124 38BD     		pop	{r3, r4, r5, pc}
 317              	.LVL22:
 318              	.L18:
 319 0126 00BF     		.align	2
 320              	.L17:
 321 0128 00480040 		.word	1073760256
 322 012c 08010049 		.word	1224737032
 323 0130 A1460040 		.word	1073759905
 324 0134 22420040 		.word	1073758754
 325 0138 25420040 		.word	1073758757
 326 013c 04400040 		.word	1073758212
 327 0140 06400040 		.word	1073758214
 328 0144 E8460040 		.word	1073759976
 329 0148 00000000 		.word	.LANCHOR0
 330 014c 03500140 		.word	1073827843
 331 0150 C2430040 		.word	1073759170
 332 0154 22510040 		.word	1073762594
 333 0158 22430040 		.word	1073759010
 334 015c 04000840 		.word	1074266116
 335 0160 CF010049 		.word	1224737231
 336 0164 6E580040 		.word	1073764462
 337 0168 76580040 		.word	1073764470
 338              	.LBE38:
 339              	.LBE47:
 340              		.cfi_endproc
 341              	.LFE7:
 342              		.size	cyfitter_cfg, .-cyfitter_cfg
 343              		.section	.rodata
 344              		.set	.LANCHOR0,. + 0
 345              		.type	cfg_memset_list.4859, %object
 346              		.size	cfg_memset_list.4859, 60
 347              	cfg_memset_list.4859:
 348 0000 00510040 		.4byte	1073762560
 349 0004 2000     		.2byte	32
 350 0006 30510040 		.4byte	1073762608
 351 000a 2000     		.2byte	32
 352 000c 60510040 		.4byte	1073762656
 353 0010 1000     		.2byte	16
 354 0012 C0510040 		.4byte	1073762752
 355 0016 1000     		.2byte	16
 356 0018 F0510040 		.4byte	1073762800
 357 001c 1000     		.2byte	16
 358 001e 00000140 		.4byte	1073807360
 359 0022 0010     		.2byte	4096
 360 0024 00140140 		.4byte	1073812480
ARM GAS  C:\Users\Rolando\AppData\Local\Temp\ccqnczYj.s 			page 14


 361 0028 0008     		.2byte	2048
 362 002a 00400140 		.4byte	1073823744
 363 002e 000A     		.2byte	2560
 364 0030 004C0140 		.4byte	1073826816
 365 0034 0002     		.2byte	512
 366 0036 00500140 		.4byte	1073827840
 367 003a 2000     		.2byte	32
 368              		.text
 369              	.Letext0:
 370              		.file 2 "c:\\program files (x86)\\cypress\\psoc creator\\3.3\\psoc creator\\import\\gnu\\arm\\4.9.
 371              		.file 3 ".\\Generated_Source\\PSoC5\\cytypes.h"
 372              		.file 4 ".\\Generated_Source\\PSoC5\\CyLib.h"
 373              		.section	.debug_info,"",%progbits
 374              	.Ldebug_info0:
 375 0000 9E030000 		.4byte	0x39e
 376 0004 0400     		.2byte	0x4
 377 0006 00000000 		.4byte	.Ldebug_abbrev0
 378 000a 04       		.byte	0x4
 379 000b 01       		.uleb128 0x1
 380 000c AE010000 		.4byte	.LASF36
 381 0010 01       		.byte	0x1
 382 0011 3C020000 		.4byte	.LASF37
 383 0015 62000000 		.4byte	.LASF38
 384 0019 68000000 		.4byte	.Ldebug_ranges0+0x68
 385 001d 00000000 		.4byte	0
 386 0021 00000000 		.4byte	.Ldebug_line0
 387 0025 02       		.uleb128 0x2
 388 0026 04       		.byte	0x4
 389 0027 05       		.byte	0x5
 390 0028 696E7400 		.ascii	"int\000"
 391 002c 03       		.uleb128 0x3
 392 002d 14000000 		.4byte	.LASF11
 393 0031 02       		.byte	0x2
 394 0032 D4       		.byte	0xd4
 395 0033 37000000 		.4byte	0x37
 396 0037 04       		.uleb128 0x4
 397 0038 04       		.byte	0x4
 398 0039 07       		.byte	0x7
 399 003a 4C010000 		.4byte	.LASF0
 400 003e 04       		.uleb128 0x4
 401 003f 01       		.byte	0x1
 402 0040 06       		.byte	0x6
 403 0041 8C020000 		.4byte	.LASF1
 404 0045 04       		.uleb128 0x4
 405 0046 01       		.byte	0x1
 406 0047 08       		.byte	0x8
 407 0048 0B010000 		.4byte	.LASF2
 408 004c 04       		.uleb128 0x4
 409 004d 02       		.byte	0x2
 410 004e 05       		.byte	0x5
 411 004f A4010000 		.4byte	.LASF3
 412 0053 04       		.uleb128 0x4
 413 0054 02       		.byte	0x2
 414 0055 07       		.byte	0x7
 415 0056 47000000 		.4byte	.LASF4
 416 005a 04       		.uleb128 0x4
 417 005b 04       		.byte	0x4
ARM GAS  C:\Users\Rolando\AppData\Local\Temp\ccqnczYj.s 			page 15


 418 005c 05       		.byte	0x5
 419 005d 6C020000 		.4byte	.LASF5
 420 0061 04       		.uleb128 0x4
 421 0062 04       		.byte	0x4
 422 0063 07       		.byte	0x7
 423 0064 D3000000 		.4byte	.LASF6
 424 0068 04       		.uleb128 0x4
 425 0069 08       		.byte	0x8
 426 006a 05       		.byte	0x5
 427 006b 8E010000 		.4byte	.LASF7
 428 006f 04       		.uleb128 0x4
 429 0070 08       		.byte	0x8
 430 0071 07       		.byte	0x7
 431 0072 61010000 		.4byte	.LASF8
 432 0076 04       		.uleb128 0x4
 433 0077 04       		.byte	0x4
 434 0078 07       		.byte	0x7
 435 0079 85010000 		.4byte	.LASF9
 436 007d 05       		.uleb128 0x5
 437 007e 04       		.byte	0x4
 438 007f 04       		.uleb128 0x4
 439 0080 01       		.byte	0x1
 440 0081 08       		.byte	0x8
 441 0082 75020000 		.4byte	.LASF10
 442 0086 06       		.uleb128 0x6
 443 0087 E5000000 		.4byte	.LASF12
 444 008b 03       		.byte	0x3
 445 008c 3801     		.2byte	0x138
 446 008e 45000000 		.4byte	0x45
 447 0092 06       		.uleb128 0x6
 448 0093 34010000 		.4byte	.LASF13
 449 0097 03       		.byte	0x3
 450 0098 3901     		.2byte	0x139
 451 009a 53000000 		.4byte	0x53
 452 009e 06       		.uleb128 0x6
 453 009f 45010000 		.4byte	.LASF14
 454 00a3 03       		.byte	0x3
 455 00a4 3A01     		.2byte	0x13a
 456 00a6 61000000 		.4byte	0x61
 457 00aa 04       		.uleb128 0x4
 458 00ab 04       		.byte	0x4
 459 00ac 04       		.byte	0x4
 460 00ad AA000000 		.4byte	.LASF15
 461 00b1 04       		.uleb128 0x4
 462 00b2 08       		.byte	0x8
 463 00b3 04       		.byte	0x4
 464 00b4 20010000 		.4byte	.LASF16
 465 00b8 06       		.uleb128 0x6
 466 00b9 CE000000 		.4byte	.LASF17
 467 00bd 03       		.byte	0x3
 468 00be E201     		.2byte	0x1e2
 469 00c0 C4000000 		.4byte	0xc4
 470 00c4 07       		.uleb128 0x7
 471 00c5 86000000 		.4byte	0x86
 472 00c9 06       		.uleb128 0x6
 473 00ca 00000000 		.4byte	.LASF18
 474 00ce 03       		.byte	0x3
ARM GAS  C:\Users\Rolando\AppData\Local\Temp\ccqnczYj.s 			page 16


 475 00cf E301     		.2byte	0x1e3
 476 00d1 D5000000 		.4byte	0xd5
 477 00d5 07       		.uleb128 0x7
 478 00d6 92000000 		.4byte	0x92
 479 00da 08       		.uleb128 0x8
 480 00db B0000000 		.4byte	.LASF19
 481 00df 01       		.byte	0x1
 482 00e0 6C       		.byte	0x6c
 483 00e1 01       		.byte	0x1
 484 00e2 F2000000 		.4byte	0xf2
 485 00e6 09       		.uleb128 0x9
 486 00e7 3B010000 		.4byte	.LASF21
 487 00eb 01       		.byte	0x1
 488 00ec 6C       		.byte	0x6c
 489 00ed 86000000 		.4byte	0x86
 490 00f1 00       		.byte	0
 491 00f2 08       		.uleb128 0x8
 492 00f3 A1020000 		.4byte	.LASF20
 493 00f7 01       		.byte	0x1
 494 00f8 45       		.byte	0x45
 495 00f9 01       		.byte	0x1
 496 00fa 1E010000 		.4byte	0x11e
 497 00fe 09       		.uleb128 0x9
 498 00ff C4000000 		.4byte	.LASF22
 499 0103 01       		.byte	0x1
 500 0104 45       		.byte	0x45
 501 0105 7D000000 		.4byte	0x7d
 502 0109 0A       		.uleb128 0xa
 503 010a 73726300 		.ascii	"src\000"
 504 010e 01       		.byte	0x1
 505 010f 45       		.byte	0x45
 506 0110 1E010000 		.4byte	0x11e
 507 0114 0A       		.uleb128 0xa
 508 0115 6E00     		.ascii	"n\000"
 509 0117 01       		.byte	0x1
 510 0118 45       		.byte	0x45
 511 0119 2C000000 		.4byte	0x2c
 512 011d 00       		.byte	0
 513 011e 0B       		.uleb128 0xb
 514 011f 04       		.byte	0x4
 515 0120 24010000 		.4byte	0x124
 516 0124 0C       		.uleb128 0xc
 517 0125 0D       		.uleb128 0xd
 518 0126 F5000000 		.4byte	.LASF29
 519 012a 01       		.byte	0x1
 520 012b EE       		.byte	0xee
 521 012c 00000000 		.4byte	.LFB6
 522 0130 1C000000 		.4byte	.LFE6-.LFB6
 523 0134 01       		.uleb128 0x1
 524 0135 9C       		.byte	0x9c
 525 0136 55010000 		.4byte	0x155
 526 013a 0E       		.uleb128 0xe
 527 013b 64020000 		.4byte	.LASF39
 528 013f 01       		.byte	0x1
 529 0140 EE       		.byte	0xee
 530 0141 86000000 		.4byte	0x86
 531 0145 01       		.uleb128 0x1
ARM GAS  C:\Users\Rolando\AppData\Local\Temp\ccqnczYj.s 			page 17


 532 0146 50       		.byte	0x50
 533 0147 0F       		.uleb128 0xf
 534 0148 98020000 		.4byte	.LASF34
 535 014c 01       		.byte	0x1
 536 014d F0       		.byte	0xf0
 537 014e 86000000 		.4byte	0x86
 538 0152 01       		.uleb128 0x1
 539 0153 53       		.byte	0x53
 540 0154 00       		.byte	0
 541 0155 08       		.uleb128 0x8
 542 0156 3C000000 		.4byte	.LASF23
 543 015a 01       		.byte	0x1
 544 015b 97       		.byte	0x97
 545 015c 01       		.byte	0x1
 546 015d 78010000 		.4byte	0x178
 547 0161 10       		.uleb128 0x10
 548 0162 9C010000 		.4byte	.LASF24
 549 0166 01       		.byte	0x1
 550 0167 99       		.byte	0x99
 551 0168 9E000000 		.4byte	0x9e
 552 016c 10       		.uleb128 0x10
 553 016d 5A000000 		.4byte	.LASF25
 554 0171 01       		.byte	0x1
 555 0172 9A       		.byte	0x9a
 556 0173 86000000 		.4byte	0x86
 557 0177 00       		.byte	0
 558 0178 08       		.uleb128 0x8
 559 0179 EB000000 		.4byte	.LASF26
 560 017d 01       		.byte	0x1
 561 017e 3E       		.byte	0x3e
 562 017f 01       		.byte	0x1
 563 0180 97010000 		.4byte	0x197
 564 0184 0A       		.uleb128 0xa
 565 0185 7300     		.ascii	"s\000"
 566 0187 01       		.byte	0x1
 567 0188 3E       		.byte	0x3e
 568 0189 7D000000 		.4byte	0x7d
 569 018d 0A       		.uleb128 0xa
 570 018e 6E00     		.ascii	"n\000"
 571 0190 01       		.byte	0x1
 572 0191 3E       		.byte	0x3e
 573 0192 2C000000 		.4byte	0x2c
 574 0196 00       		.byte	0
 575 0197 08       		.uleb128 0x8
 576 0198 1B000000 		.4byte	.LASF27
 577 019c 01       		.byte	0x1
 578 019d D2       		.byte	0xd2
 579 019e 01       		.byte	0x1
 580 019f AF010000 		.4byte	0x1af
 581 01a3 10       		.uleb128 0x10
 582 01a4 7A020000 		.4byte	.LASF28
 583 01a8 01       		.byte	0x1
 584 01a9 D4       		.byte	0xd4
 585 01aa 86000000 		.4byte	0x86
 586 01ae 00       		.byte	0
 587 01af 11       		.uleb128 0x11
 588 01b0 27010000 		.4byte	.LASF30
ARM GAS  C:\Users\Rolando\AppData\Local\Temp\ccqnczYj.s 			page 18


 589 01b4 01       		.byte	0x1
 590 01b5 1001     		.2byte	0x110
 591 01b7 00000000 		.4byte	.LFB7
 592 01bb 6C010000 		.4byte	.LFE7-.LFB7
 593 01bf 01       		.uleb128 0x1
 594 01c0 9C       		.byte	0x9c
 595 01c1 77030000 		.4byte	0x377
 596 01c5 12       		.uleb128 0x12
 597 01c6 55010000 		.4byte	0x155
 598 01ca 0A000000 		.4byte	.LBB26
 599 01ce 6A000000 		.4byte	.LBE26-.LBB26
 600 01d2 01       		.byte	0x1
 601 01d3 1B01     		.2byte	0x11b
 602 01d5 06020000 		.4byte	0x206
 603 01d9 13       		.uleb128 0x13
 604 01da 0A000000 		.4byte	.LBB27
 605 01de 6A000000 		.4byte	.LBE27-.LBB27
 606 01e2 14       		.uleb128 0x14
 607 01e3 61010000 		.4byte	0x161
 608 01e7 00000000 		.4byte	.LLST0
 609 01eb 14       		.uleb128 0x14
 610 01ec 6C010000 		.4byte	0x16c
 611 01f0 3A000000 		.4byte	.LLST1
 612 01f4 15       		.uleb128 0x15
 613 01f5 4A000000 		.4byte	.LVL6
 614 01f9 77030000 		.4byte	0x377
 615 01fd 16       		.uleb128 0x16
 616 01fe 01       		.uleb128 0x1
 617 01ff 50       		.byte	0x50
 618 0200 02       		.uleb128 0x2
 619 0201 08       		.byte	0x8
 620 0202 78       		.byte	0x78
 621 0203 00       		.byte	0
 622 0204 00       		.byte	0
 623 0205 00       		.byte	0
 624 0206 17       		.uleb128 0x17
 625 0207 00000000 		.4byte	.Ldebug_ranges0+0
 626 020b CB020000 		.4byte	0x2cb
 627 020f 18       		.uleb128 0x18
 628 0210 06       		.byte	0x6
 629 0211 01       		.byte	0x1
 630 0212 2301     		.2byte	0x123
 631 0214 33020000 		.4byte	0x233
 632 0218 19       		.uleb128 0x19
 633 0219 59010000 		.4byte	.LASF31
 634 021d 01       		.byte	0x1
 635 021e 2401     		.2byte	0x124
 636 0220 7D000000 		.4byte	0x7d
 637 0224 00       		.byte	0
 638 0225 19       		.uleb128 0x19
 639 0226 C9000000 		.4byte	.LASF32
 640 022a 01       		.byte	0x1
 641 022b 2501     		.2byte	0x125
 642 022d 92000000 		.4byte	0x92
 643 0231 04       		.byte	0x4
 644 0232 00       		.byte	0
 645 0233 06       		.uleb128 0x6
ARM GAS  C:\Users\Rolando\AppData\Local\Temp\ccqnczYj.s 			page 19


 646 0234 78010000 		.4byte	.LASF33
 647 0238 01       		.byte	0x1
 648 0239 2601     		.2byte	0x126
 649 023b 0F020000 		.4byte	0x20f
 650 023f 1A       		.uleb128 0x1a
 651 0240 33020000 		.4byte	0x233
 652 0244 4F020000 		.4byte	0x24f
 653 0248 1B       		.uleb128 0x1b
 654 0249 76000000 		.4byte	0x76
 655 024d 09       		.byte	0x9
 656 024e 00       		.byte	0
 657 024f 1C       		.uleb128 0x1c
 658 0250 2C000000 		.4byte	.LASF35
 659 0254 01       		.byte	0x1
 660 0255 2801     		.2byte	0x128
 661 0257 61020000 		.4byte	0x261
 662 025b 05       		.uleb128 0x5
 663 025c 03       		.byte	0x3
 664 025d 00000000 		.4byte	cfg_memset_list.4859
 665 0261 1D       		.uleb128 0x1d
 666 0262 3F020000 		.4byte	0x23f
 667 0266 1E       		.uleb128 0x1e
 668 0267 6900     		.ascii	"i\000"
 669 0269 01       		.byte	0x1
 670 026a 3601     		.2byte	0x136
 671 026c 86000000 		.4byte	0x86
 672 0270 63000000 		.4byte	.LLST2
 673 0274 13       		.uleb128 0x13
 674 0275 88000000 		.4byte	.LBB29
 675 0279 14000000 		.4byte	.LBE29-.LBB29
 676 027d 1E       		.uleb128 0x1e
 677 027e 6D7300   		.ascii	"ms\000"
 678 0281 01       		.byte	0x1
 679 0282 3B01     		.2byte	0x13b
 680 0284 8C020000 		.4byte	0x28c
 681 0288 82000000 		.4byte	.LLST3
 682 028c 0B       		.uleb128 0xb
 683 028d 04       		.byte	0x4
 684 028e 92020000 		.4byte	0x292
 685 0292 1D       		.uleb128 0x1d
 686 0293 33020000 		.4byte	0x233
 687 0297 1F       		.uleb128 0x1f
 688 0298 78010000 		.4byte	0x178
 689 029c 90000000 		.4byte	.LBB30
 690 02a0 0C000000 		.4byte	.LBE30-.LBB30
 691 02a4 01       		.byte	0x1
 692 02a5 3C01     		.2byte	0x13c
 693 02a7 20       		.uleb128 0x20
 694 02a8 8D010000 		.4byte	0x18d
 695 02ac B4000000 		.4byte	.LLST4
 696 02b0 20       		.uleb128 0x20
 697 02b1 84010000 		.4byte	0x184
 698 02b5 F2000000 		.4byte	.LLST5
 699 02b9 15       		.uleb128 0x15
 700 02ba 9C000000 		.4byte	.LVL15
 701 02be 88030000 		.4byte	0x388
 702 02c2 16       		.uleb128 0x16
ARM GAS  C:\Users\Rolando\AppData\Local\Temp\ccqnczYj.s 			page 20


 703 02c3 01       		.uleb128 0x1
 704 02c4 51       		.byte	0x51
 705 02c5 01       		.uleb128 0x1
 706 02c6 30       		.byte	0x30
 707 02c7 00       		.byte	0
 708 02c8 00       		.byte	0
 709 02c9 00       		.byte	0
 710 02ca 00       		.byte	0
 711 02cb 21       		.uleb128 0x21
 712 02cc F2000000 		.4byte	0xf2
 713 02d0 A6000000 		.4byte	.LBB32
 714 02d4 20000000 		.4byte	.Ldebug_ranges0+0x20
 715 02d8 01       		.byte	0x1
 716 02d9 4A01     		.2byte	0x14a
 717 02db F8020000 		.4byte	0x2f8
 718 02df 22       		.uleb128 0x22
 719 02e0 14010000 		.4byte	0x114
 720 02e4 08       		.byte	0x8
 721 02e5 23       		.uleb128 0x23
 722 02e6 09010000 		.4byte	0x109
 723 02ea 00000048 		.4byte	0x48000000
 724 02ee 23       		.uleb128 0x23
 725 02ef FE000000 		.4byte	0xfe
 726 02f3 22510040 		.4byte	0x40005122
 727 02f7 00       		.byte	0
 728 02f8 21       		.uleb128 0x21
 729 02f9 F2000000 		.4byte	0xf2
 730 02fd B0000000 		.4byte	.LBB36
 731 0301 38000000 		.4byte	.Ldebug_ranges0+0x38
 732 0305 01       		.byte	0x1
 733 0306 5401     		.2byte	0x154
 734 0308 25030000 		.4byte	0x325
 735 030c 22       		.uleb128 0x22
 736 030d 14010000 		.4byte	0x114
 737 0311 0E       		.byte	0xe
 738 0312 23       		.uleb128 0x23
 739 0313 09010000 		.4byte	0x109
 740 0317 A0430040 		.4byte	0x400043a0
 741 031b 23       		.uleb128 0x23
 742 031c FE000000 		.4byte	0xfe
 743 0320 B0430040 		.4byte	0x400043b0
 744 0324 00       		.byte	0
 745 0325 21       		.uleb128 0x21
 746 0326 F2000000 		.4byte	0xf2
 747 032a DE000000 		.4byte	.LBB41
 748 032e 50000000 		.4byte	.Ldebug_ranges0+0x50
 749 0332 01       		.byte	0x1
 750 0333 4B01     		.2byte	0x14b
 751 0335 52030000 		.4byte	0x352
 752 0339 22       		.uleb128 0x22
 753 033a 14010000 		.4byte	0x114
 754 033e 08       		.byte	0x8
 755 033f 23       		.uleb128 0x23
 756 0340 09010000 		.4byte	0x109
 757 0344 08000048 		.4byte	0x48000008
 758 0348 23       		.uleb128 0x23
 759 0349 FE000000 		.4byte	0xfe
ARM GAS  C:\Users\Rolando\AppData\Local\Temp\ccqnczYj.s 			page 21


 760 034d 52510040 		.4byte	0x40005152
 761 0351 00       		.byte	0
 762 0352 1F       		.uleb128 0x1f
 763 0353 97010000 		.4byte	0x197
 764 0357 F8000000 		.4byte	.LBB45
 765 035b 26000000 		.4byte	.LBE45-.LBB45
 766 035f 01       		.byte	0x1
 767 0360 5101     		.2byte	0x151
 768 0362 13       		.uleb128 0x13
 769 0363 F8000000 		.4byte	.LBB46
 770 0367 26000000 		.4byte	.LBE46-.LBB46
 771 036b 14       		.uleb128 0x14
 772 036c A3010000 		.4byte	0x1a3
 773 0370 22010000 		.4byte	.LLST6
 774 0374 00       		.byte	0
 775 0375 00       		.byte	0
 776 0376 00       		.byte	0
 777 0377 24       		.uleb128 0x24
 778 0378 06000000 		.4byte	.LASF40
 779 037c 04       		.byte	0x4
 780 037d 7A       		.byte	0x7a
 781 037e 88030000 		.4byte	0x388
 782 0382 25       		.uleb128 0x25
 783 0383 9E000000 		.4byte	0x9e
 784 0387 00       		.byte	0
 785 0388 26       		.uleb128 0x26
 786 0389 19010000 		.4byte	.LASF41
 787 038d 7D000000 		.4byte	0x7d
 788 0391 25       		.uleb128 0x25
 789 0392 7D000000 		.4byte	0x7d
 790 0396 25       		.uleb128 0x25
 791 0397 25000000 		.4byte	0x25
 792 039b 25       		.uleb128 0x25
 793 039c 76000000 		.4byte	0x76
 794 03a0 00       		.byte	0
 795 03a1 00       		.byte	0
 796              		.section	.debug_abbrev,"",%progbits
 797              	.Ldebug_abbrev0:
 798 0000 01       		.uleb128 0x1
 799 0001 11       		.uleb128 0x11
 800 0002 01       		.byte	0x1
 801 0003 25       		.uleb128 0x25
 802 0004 0E       		.uleb128 0xe
 803 0005 13       		.uleb128 0x13
 804 0006 0B       		.uleb128 0xb
 805 0007 03       		.uleb128 0x3
 806 0008 0E       		.uleb128 0xe
 807 0009 1B       		.uleb128 0x1b
 808 000a 0E       		.uleb128 0xe
 809 000b 55       		.uleb128 0x55
 810 000c 17       		.uleb128 0x17
 811 000d 11       		.uleb128 0x11
 812 000e 01       		.uleb128 0x1
 813 000f 10       		.uleb128 0x10
 814 0010 17       		.uleb128 0x17
 815 0011 00       		.byte	0
 816 0012 00       		.byte	0
ARM GAS  C:\Users\Rolando\AppData\Local\Temp\ccqnczYj.s 			page 22


 817 0013 02       		.uleb128 0x2
 818 0014 24       		.uleb128 0x24
 819 0015 00       		.byte	0
 820 0016 0B       		.uleb128 0xb
 821 0017 0B       		.uleb128 0xb
 822 0018 3E       		.uleb128 0x3e
 823 0019 0B       		.uleb128 0xb
 824 001a 03       		.uleb128 0x3
 825 001b 08       		.uleb128 0x8
 826 001c 00       		.byte	0
 827 001d 00       		.byte	0
 828 001e 03       		.uleb128 0x3
 829 001f 16       		.uleb128 0x16
 830 0020 00       		.byte	0
 831 0021 03       		.uleb128 0x3
 832 0022 0E       		.uleb128 0xe
 833 0023 3A       		.uleb128 0x3a
 834 0024 0B       		.uleb128 0xb
 835 0025 3B       		.uleb128 0x3b
 836 0026 0B       		.uleb128 0xb
 837 0027 49       		.uleb128 0x49
 838 0028 13       		.uleb128 0x13
 839 0029 00       		.byte	0
 840 002a 00       		.byte	0
 841 002b 04       		.uleb128 0x4
 842 002c 24       		.uleb128 0x24
 843 002d 00       		.byte	0
 844 002e 0B       		.uleb128 0xb
 845 002f 0B       		.uleb128 0xb
 846 0030 3E       		.uleb128 0x3e
 847 0031 0B       		.uleb128 0xb
 848 0032 03       		.uleb128 0x3
 849 0033 0E       		.uleb128 0xe
 850 0034 00       		.byte	0
 851 0035 00       		.byte	0
 852 0036 05       		.uleb128 0x5
 853 0037 0F       		.uleb128 0xf
 854 0038 00       		.byte	0
 855 0039 0B       		.uleb128 0xb
 856 003a 0B       		.uleb128 0xb
 857 003b 00       		.byte	0
 858 003c 00       		.byte	0
 859 003d 06       		.uleb128 0x6
 860 003e 16       		.uleb128 0x16
 861 003f 00       		.byte	0
 862 0040 03       		.uleb128 0x3
 863 0041 0E       		.uleb128 0xe
 864 0042 3A       		.uleb128 0x3a
 865 0043 0B       		.uleb128 0xb
 866 0044 3B       		.uleb128 0x3b
 867 0045 05       		.uleb128 0x5
 868 0046 49       		.uleb128 0x49
 869 0047 13       		.uleb128 0x13
 870 0048 00       		.byte	0
 871 0049 00       		.byte	0
 872 004a 07       		.uleb128 0x7
 873 004b 35       		.uleb128 0x35
ARM GAS  C:\Users\Rolando\AppData\Local\Temp\ccqnczYj.s 			page 23


 874 004c 00       		.byte	0
 875 004d 49       		.uleb128 0x49
 876 004e 13       		.uleb128 0x13
 877 004f 00       		.byte	0
 878 0050 00       		.byte	0
 879 0051 08       		.uleb128 0x8
 880 0052 2E       		.uleb128 0x2e
 881 0053 01       		.byte	0x1
 882 0054 03       		.uleb128 0x3
 883 0055 0E       		.uleb128 0xe
 884 0056 3A       		.uleb128 0x3a
 885 0057 0B       		.uleb128 0xb
 886 0058 3B       		.uleb128 0x3b
 887 0059 0B       		.uleb128 0xb
 888 005a 27       		.uleb128 0x27
 889 005b 19       		.uleb128 0x19
 890 005c 20       		.uleb128 0x20
 891 005d 0B       		.uleb128 0xb
 892 005e 01       		.uleb128 0x1
 893 005f 13       		.uleb128 0x13
 894 0060 00       		.byte	0
 895 0061 00       		.byte	0
 896 0062 09       		.uleb128 0x9
 897 0063 05       		.uleb128 0x5
 898 0064 00       		.byte	0
 899 0065 03       		.uleb128 0x3
 900 0066 0E       		.uleb128 0xe
 901 0067 3A       		.uleb128 0x3a
 902 0068 0B       		.uleb128 0xb
 903 0069 3B       		.uleb128 0x3b
 904 006a 0B       		.uleb128 0xb
 905 006b 49       		.uleb128 0x49
 906 006c 13       		.uleb128 0x13
 907 006d 00       		.byte	0
 908 006e 00       		.byte	0
 909 006f 0A       		.uleb128 0xa
 910 0070 05       		.uleb128 0x5
 911 0071 00       		.byte	0
 912 0072 03       		.uleb128 0x3
 913 0073 08       		.uleb128 0x8
 914 0074 3A       		.uleb128 0x3a
 915 0075 0B       		.uleb128 0xb
 916 0076 3B       		.uleb128 0x3b
 917 0077 0B       		.uleb128 0xb
 918 0078 49       		.uleb128 0x49
 919 0079 13       		.uleb128 0x13
 920 007a 00       		.byte	0
 921 007b 00       		.byte	0
 922 007c 0B       		.uleb128 0xb
 923 007d 0F       		.uleb128 0xf
 924 007e 00       		.byte	0
 925 007f 0B       		.uleb128 0xb
 926 0080 0B       		.uleb128 0xb
 927 0081 49       		.uleb128 0x49
 928 0082 13       		.uleb128 0x13
 929 0083 00       		.byte	0
 930 0084 00       		.byte	0
ARM GAS  C:\Users\Rolando\AppData\Local\Temp\ccqnczYj.s 			page 24


 931 0085 0C       		.uleb128 0xc
 932 0086 26       		.uleb128 0x26
 933 0087 00       		.byte	0
 934 0088 00       		.byte	0
 935 0089 00       		.byte	0
 936 008a 0D       		.uleb128 0xd
 937 008b 2E       		.uleb128 0x2e
 938 008c 01       		.byte	0x1
 939 008d 3F       		.uleb128 0x3f
 940 008e 19       		.uleb128 0x19
 941 008f 03       		.uleb128 0x3
 942 0090 0E       		.uleb128 0xe
 943 0091 3A       		.uleb128 0x3a
 944 0092 0B       		.uleb128 0xb
 945 0093 3B       		.uleb128 0x3b
 946 0094 0B       		.uleb128 0xb
 947 0095 27       		.uleb128 0x27
 948 0096 19       		.uleb128 0x19
 949 0097 11       		.uleb128 0x11
 950 0098 01       		.uleb128 0x1
 951 0099 12       		.uleb128 0x12
 952 009a 06       		.uleb128 0x6
 953 009b 40       		.uleb128 0x40
 954 009c 18       		.uleb128 0x18
 955 009d 9742     		.uleb128 0x2117
 956 009f 19       		.uleb128 0x19
 957 00a0 01       		.uleb128 0x1
 958 00a1 13       		.uleb128 0x13
 959 00a2 00       		.byte	0
 960 00a3 00       		.byte	0
 961 00a4 0E       		.uleb128 0xe
 962 00a5 05       		.uleb128 0x5
 963 00a6 00       		.byte	0
 964 00a7 03       		.uleb128 0x3
 965 00a8 0E       		.uleb128 0xe
 966 00a9 3A       		.uleb128 0x3a
 967 00aa 0B       		.uleb128 0xb
 968 00ab 3B       		.uleb128 0x3b
 969 00ac 0B       		.uleb128 0xb
 970 00ad 49       		.uleb128 0x49
 971 00ae 13       		.uleb128 0x13
 972 00af 02       		.uleb128 0x2
 973 00b0 18       		.uleb128 0x18
 974 00b1 00       		.byte	0
 975 00b2 00       		.byte	0
 976 00b3 0F       		.uleb128 0xf
 977 00b4 34       		.uleb128 0x34
 978 00b5 00       		.byte	0
 979 00b6 03       		.uleb128 0x3
 980 00b7 0E       		.uleb128 0xe
 981 00b8 3A       		.uleb128 0x3a
 982 00b9 0B       		.uleb128 0xb
 983 00ba 3B       		.uleb128 0x3b
 984 00bb 0B       		.uleb128 0xb
 985 00bc 49       		.uleb128 0x49
 986 00bd 13       		.uleb128 0x13
 987 00be 02       		.uleb128 0x2
ARM GAS  C:\Users\Rolando\AppData\Local\Temp\ccqnczYj.s 			page 25


 988 00bf 18       		.uleb128 0x18
 989 00c0 00       		.byte	0
 990 00c1 00       		.byte	0
 991 00c2 10       		.uleb128 0x10
 992 00c3 34       		.uleb128 0x34
 993 00c4 00       		.byte	0
 994 00c5 03       		.uleb128 0x3
 995 00c6 0E       		.uleb128 0xe
 996 00c7 3A       		.uleb128 0x3a
 997 00c8 0B       		.uleb128 0xb
 998 00c9 3B       		.uleb128 0x3b
 999 00ca 0B       		.uleb128 0xb
 1000 00cb 49       		.uleb128 0x49
 1001 00cc 13       		.uleb128 0x13
 1002 00cd 00       		.byte	0
 1003 00ce 00       		.byte	0
 1004 00cf 11       		.uleb128 0x11
 1005 00d0 2E       		.uleb128 0x2e
 1006 00d1 01       		.byte	0x1
 1007 00d2 3F       		.uleb128 0x3f
 1008 00d3 19       		.uleb128 0x19
 1009 00d4 03       		.uleb128 0x3
 1010 00d5 0E       		.uleb128 0xe
 1011 00d6 3A       		.uleb128 0x3a
 1012 00d7 0B       		.uleb128 0xb
 1013 00d8 3B       		.uleb128 0x3b
 1014 00d9 05       		.uleb128 0x5
 1015 00da 27       		.uleb128 0x27
 1016 00db 19       		.uleb128 0x19
 1017 00dc 11       		.uleb128 0x11
 1018 00dd 01       		.uleb128 0x1
 1019 00de 12       		.uleb128 0x12
 1020 00df 06       		.uleb128 0x6
 1021 00e0 40       		.uleb128 0x40
 1022 00e1 18       		.uleb128 0x18
 1023 00e2 9742     		.uleb128 0x2117
 1024 00e4 19       		.uleb128 0x19
 1025 00e5 01       		.uleb128 0x1
 1026 00e6 13       		.uleb128 0x13
 1027 00e7 00       		.byte	0
 1028 00e8 00       		.byte	0
 1029 00e9 12       		.uleb128 0x12
 1030 00ea 1D       		.uleb128 0x1d
 1031 00eb 01       		.byte	0x1
 1032 00ec 31       		.uleb128 0x31
 1033 00ed 13       		.uleb128 0x13
 1034 00ee 11       		.uleb128 0x11
 1035 00ef 01       		.uleb128 0x1
 1036 00f0 12       		.uleb128 0x12
 1037 00f1 06       		.uleb128 0x6
 1038 00f2 58       		.uleb128 0x58
 1039 00f3 0B       		.uleb128 0xb
 1040 00f4 59       		.uleb128 0x59
 1041 00f5 05       		.uleb128 0x5
 1042 00f6 01       		.uleb128 0x1
 1043 00f7 13       		.uleb128 0x13
 1044 00f8 00       		.byte	0
ARM GAS  C:\Users\Rolando\AppData\Local\Temp\ccqnczYj.s 			page 26


 1045 00f9 00       		.byte	0
 1046 00fa 13       		.uleb128 0x13
 1047 00fb 0B       		.uleb128 0xb
 1048 00fc 01       		.byte	0x1
 1049 00fd 11       		.uleb128 0x11
 1050 00fe 01       		.uleb128 0x1
 1051 00ff 12       		.uleb128 0x12
 1052 0100 06       		.uleb128 0x6
 1053 0101 00       		.byte	0
 1054 0102 00       		.byte	0
 1055 0103 14       		.uleb128 0x14
 1056 0104 34       		.uleb128 0x34
 1057 0105 00       		.byte	0
 1058 0106 31       		.uleb128 0x31
 1059 0107 13       		.uleb128 0x13
 1060 0108 02       		.uleb128 0x2
 1061 0109 17       		.uleb128 0x17
 1062 010a 00       		.byte	0
 1063 010b 00       		.byte	0
 1064 010c 15       		.uleb128 0x15
 1065 010d 898201   		.uleb128 0x4109
 1066 0110 01       		.byte	0x1
 1067 0111 11       		.uleb128 0x11
 1068 0112 01       		.uleb128 0x1
 1069 0113 31       		.uleb128 0x31
 1070 0114 13       		.uleb128 0x13
 1071 0115 00       		.byte	0
 1072 0116 00       		.byte	0
 1073 0117 16       		.uleb128 0x16
 1074 0118 8A8201   		.uleb128 0x410a
 1075 011b 00       		.byte	0
 1076 011c 02       		.uleb128 0x2
 1077 011d 18       		.uleb128 0x18
 1078 011e 9142     		.uleb128 0x2111
 1079 0120 18       		.uleb128 0x18
 1080 0121 00       		.byte	0
 1081 0122 00       		.byte	0
 1082 0123 17       		.uleb128 0x17
 1083 0124 0B       		.uleb128 0xb
 1084 0125 01       		.byte	0x1
 1085 0126 55       		.uleb128 0x55
 1086 0127 17       		.uleb128 0x17
 1087 0128 01       		.uleb128 0x1
 1088 0129 13       		.uleb128 0x13
 1089 012a 00       		.byte	0
 1090 012b 00       		.byte	0
 1091 012c 18       		.uleb128 0x18
 1092 012d 13       		.uleb128 0x13
 1093 012e 01       		.byte	0x1
 1094 012f 0B       		.uleb128 0xb
 1095 0130 0B       		.uleb128 0xb
 1096 0131 3A       		.uleb128 0x3a
 1097 0132 0B       		.uleb128 0xb
 1098 0133 3B       		.uleb128 0x3b
 1099 0134 05       		.uleb128 0x5
 1100 0135 01       		.uleb128 0x1
 1101 0136 13       		.uleb128 0x13
ARM GAS  C:\Users\Rolando\AppData\Local\Temp\ccqnczYj.s 			page 27


 1102 0137 00       		.byte	0
 1103 0138 00       		.byte	0
 1104 0139 19       		.uleb128 0x19
 1105 013a 0D       		.uleb128 0xd
 1106 013b 00       		.byte	0
 1107 013c 03       		.uleb128 0x3
 1108 013d 0E       		.uleb128 0xe
 1109 013e 3A       		.uleb128 0x3a
 1110 013f 0B       		.uleb128 0xb
 1111 0140 3B       		.uleb128 0x3b
 1112 0141 05       		.uleb128 0x5
 1113 0142 49       		.uleb128 0x49
 1114 0143 13       		.uleb128 0x13
 1115 0144 38       		.uleb128 0x38
 1116 0145 0B       		.uleb128 0xb
 1117 0146 00       		.byte	0
 1118 0147 00       		.byte	0
 1119 0148 1A       		.uleb128 0x1a
 1120 0149 01       		.uleb128 0x1
 1121 014a 01       		.byte	0x1
 1122 014b 49       		.uleb128 0x49
 1123 014c 13       		.uleb128 0x13
 1124 014d 01       		.uleb128 0x1
 1125 014e 13       		.uleb128 0x13
 1126 014f 00       		.byte	0
 1127 0150 00       		.byte	0
 1128 0151 1B       		.uleb128 0x1b
 1129 0152 21       		.uleb128 0x21
 1130 0153 00       		.byte	0
 1131 0154 49       		.uleb128 0x49
 1132 0155 13       		.uleb128 0x13
 1133 0156 2F       		.uleb128 0x2f
 1134 0157 0B       		.uleb128 0xb
 1135 0158 00       		.byte	0
 1136 0159 00       		.byte	0
 1137 015a 1C       		.uleb128 0x1c
 1138 015b 34       		.uleb128 0x34
 1139 015c 00       		.byte	0
 1140 015d 03       		.uleb128 0x3
 1141 015e 0E       		.uleb128 0xe
 1142 015f 3A       		.uleb128 0x3a
 1143 0160 0B       		.uleb128 0xb
 1144 0161 3B       		.uleb128 0x3b
 1145 0162 05       		.uleb128 0x5
 1146 0163 49       		.uleb128 0x49
 1147 0164 13       		.uleb128 0x13
 1148 0165 02       		.uleb128 0x2
 1149 0166 18       		.uleb128 0x18
 1150 0167 00       		.byte	0
 1151 0168 00       		.byte	0
 1152 0169 1D       		.uleb128 0x1d
 1153 016a 26       		.uleb128 0x26
 1154 016b 00       		.byte	0
 1155 016c 49       		.uleb128 0x49
 1156 016d 13       		.uleb128 0x13
 1157 016e 00       		.byte	0
 1158 016f 00       		.byte	0
ARM GAS  C:\Users\Rolando\AppData\Local\Temp\ccqnczYj.s 			page 28


 1159 0170 1E       		.uleb128 0x1e
 1160 0171 34       		.uleb128 0x34
 1161 0172 00       		.byte	0
 1162 0173 03       		.uleb128 0x3
 1163 0174 08       		.uleb128 0x8
 1164 0175 3A       		.uleb128 0x3a
 1165 0176 0B       		.uleb128 0xb
 1166 0177 3B       		.uleb128 0x3b
 1167 0178 05       		.uleb128 0x5
 1168 0179 49       		.uleb128 0x49
 1169 017a 13       		.uleb128 0x13
 1170 017b 02       		.uleb128 0x2
 1171 017c 17       		.uleb128 0x17
 1172 017d 00       		.byte	0
 1173 017e 00       		.byte	0
 1174 017f 1F       		.uleb128 0x1f
 1175 0180 1D       		.uleb128 0x1d
 1176 0181 01       		.byte	0x1
 1177 0182 31       		.uleb128 0x31
 1178 0183 13       		.uleb128 0x13
 1179 0184 11       		.uleb128 0x11
 1180 0185 01       		.uleb128 0x1
 1181 0186 12       		.uleb128 0x12
 1182 0187 06       		.uleb128 0x6
 1183 0188 58       		.uleb128 0x58
 1184 0189 0B       		.uleb128 0xb
 1185 018a 59       		.uleb128 0x59
 1186 018b 05       		.uleb128 0x5
 1187 018c 00       		.byte	0
 1188 018d 00       		.byte	0
 1189 018e 20       		.uleb128 0x20
 1190 018f 05       		.uleb128 0x5
 1191 0190 00       		.byte	0
 1192 0191 31       		.uleb128 0x31
 1193 0192 13       		.uleb128 0x13
 1194 0193 02       		.uleb128 0x2
 1195 0194 17       		.uleb128 0x17
 1196 0195 00       		.byte	0
 1197 0196 00       		.byte	0
 1198 0197 21       		.uleb128 0x21
 1199 0198 1D       		.uleb128 0x1d
 1200 0199 01       		.byte	0x1
 1201 019a 31       		.uleb128 0x31
 1202 019b 13       		.uleb128 0x13
 1203 019c 52       		.uleb128 0x52
 1204 019d 01       		.uleb128 0x1
 1205 019e 55       		.uleb128 0x55
 1206 019f 17       		.uleb128 0x17
 1207 01a0 58       		.uleb128 0x58
 1208 01a1 0B       		.uleb128 0xb
 1209 01a2 59       		.uleb128 0x59
 1210 01a3 05       		.uleb128 0x5
 1211 01a4 01       		.uleb128 0x1
 1212 01a5 13       		.uleb128 0x13
 1213 01a6 00       		.byte	0
 1214 01a7 00       		.byte	0
 1215 01a8 22       		.uleb128 0x22
ARM GAS  C:\Users\Rolando\AppData\Local\Temp\ccqnczYj.s 			page 29


 1216 01a9 05       		.uleb128 0x5
 1217 01aa 00       		.byte	0
 1218 01ab 31       		.uleb128 0x31
 1219 01ac 13       		.uleb128 0x13
 1220 01ad 1C       		.uleb128 0x1c
 1221 01ae 0B       		.uleb128 0xb
 1222 01af 00       		.byte	0
 1223 01b0 00       		.byte	0
 1224 01b1 23       		.uleb128 0x23
 1225 01b2 05       		.uleb128 0x5
 1226 01b3 00       		.byte	0
 1227 01b4 31       		.uleb128 0x31
 1228 01b5 13       		.uleb128 0x13
 1229 01b6 1C       		.uleb128 0x1c
 1230 01b7 06       		.uleb128 0x6
 1231 01b8 00       		.byte	0
 1232 01b9 00       		.byte	0
 1233 01ba 24       		.uleb128 0x24
 1234 01bb 2E       		.uleb128 0x2e
 1235 01bc 01       		.byte	0x1
 1236 01bd 3F       		.uleb128 0x3f
 1237 01be 19       		.uleb128 0x19
 1238 01bf 03       		.uleb128 0x3
 1239 01c0 0E       		.uleb128 0xe
 1240 01c1 3A       		.uleb128 0x3a
 1241 01c2 0B       		.uleb128 0xb
 1242 01c3 3B       		.uleb128 0x3b
 1243 01c4 0B       		.uleb128 0xb
 1244 01c5 27       		.uleb128 0x27
 1245 01c6 19       		.uleb128 0x19
 1246 01c7 3C       		.uleb128 0x3c
 1247 01c8 19       		.uleb128 0x19
 1248 01c9 01       		.uleb128 0x1
 1249 01ca 13       		.uleb128 0x13
 1250 01cb 00       		.byte	0
 1251 01cc 00       		.byte	0
 1252 01cd 25       		.uleb128 0x25
 1253 01ce 05       		.uleb128 0x5
 1254 01cf 00       		.byte	0
 1255 01d0 49       		.uleb128 0x49
 1256 01d1 13       		.uleb128 0x13
 1257 01d2 00       		.byte	0
 1258 01d3 00       		.byte	0
 1259 01d4 26       		.uleb128 0x26
 1260 01d5 2E       		.uleb128 0x2e
 1261 01d6 01       		.byte	0x1
 1262 01d7 3F       		.uleb128 0x3f
 1263 01d8 19       		.uleb128 0x19
 1264 01d9 03       		.uleb128 0x3
 1265 01da 0E       		.uleb128 0xe
 1266 01db 27       		.uleb128 0x27
 1267 01dc 19       		.uleb128 0x19
 1268 01dd 49       		.uleb128 0x49
 1269 01de 13       		.uleb128 0x13
 1270 01df 34       		.uleb128 0x34
 1271 01e0 19       		.uleb128 0x19
 1272 01e1 3C       		.uleb128 0x3c
ARM GAS  C:\Users\Rolando\AppData\Local\Temp\ccqnczYj.s 			page 30


 1273 01e2 19       		.uleb128 0x19
 1274 01e3 00       		.byte	0
 1275 01e4 00       		.byte	0
 1276 01e5 00       		.byte	0
 1277              		.section	.debug_loc,"",%progbits
 1278              	.Ldebug_loc0:
 1279              	.LLST0:
 1280 0000 38000000 		.4byte	.LVL4
 1281 0004 4C000000 		.4byte	.LVL7
 1282 0008 0100     		.2byte	0x1
 1283 000a 55       		.byte	0x55
 1284 000b 4C000000 		.4byte	.LVL7
 1285 000f 50000000 		.4byte	.LVL8
 1286 0013 0300     		.2byte	0x3
 1287 0015 75       		.byte	0x75
 1288 0016 01       		.sleb128 1
 1289 0017 9F       		.byte	0x9f
 1290 0018 52000000 		.4byte	.LVL9
 1291 001c 86000000 		.4byte	.LVL12
 1292 0020 0300     		.2byte	0x3
 1293 0022 75       		.byte	0x75
 1294 0023 7F       		.sleb128 -1
 1295 0024 9F       		.byte	0x9f
 1296 0025 88000000 		.4byte	.LVL13
 1297 0029 26010000 		.4byte	.LVL22
 1298 002d 0300     		.2byte	0x3
 1299 002f 75       		.byte	0x75
 1300 0030 7F       		.sleb128 -1
 1301 0031 9F       		.byte	0x9f
 1302 0032 00000000 		.4byte	0
 1303 0036 00000000 		.4byte	0
 1304              	.LLST1:
 1305 003a 38000000 		.4byte	.LVL4
 1306 003e 46000000 		.4byte	.LVL5
 1307 0042 0100     		.2byte	0x1
 1308 0044 54       		.byte	0x54
 1309 0045 50000000 		.4byte	.LVL8
 1310 0049 66000000 		.4byte	.LVL10
 1311 004d 0100     		.2byte	0x1
 1312 004f 54       		.byte	0x54
 1313 0050 86000000 		.4byte	.LVL12
 1314 0054 88000000 		.4byte	.LVL13
 1315 0058 0100     		.2byte	0x1
 1316 005a 54       		.byte	0x54
 1317 005b 00000000 		.4byte	0
 1318 005f 00000000 		.4byte	0
 1319              	.LLST2:
 1320 0063 84000000 		.4byte	.LVL11
 1321 0067 86000000 		.4byte	.LVL12
 1322 006b 0200     		.2byte	0x2
 1323 006d 30       		.byte	0x30
 1324 006e 9F       		.byte	0x9f
 1325 006f 88000000 		.4byte	.LVL13
 1326 0073 98000000 		.4byte	.LVL14
 1327 0077 0100     		.2byte	0x1
 1328 0079 54       		.byte	0x54
 1329 007a 00000000 		.4byte	0
ARM GAS  C:\Users\Rolando\AppData\Local\Temp\ccqnczYj.s 			page 31


 1330 007e 00000000 		.4byte	0
 1331              	.LLST3:
 1332 0082 88000000 		.4byte	.LVL13
 1333 0086 98000000 		.4byte	.LVL14
 1334 008a 0B00     		.2byte	0xb
 1335 008c 74       		.byte	0x74
 1336 008d 00       		.sleb128 0
 1337 008e 36       		.byte	0x36
 1338 008f 1E       		.byte	0x1e
 1339 0090 03       		.byte	0x3
 1340 0091 00000000 		.4byte	cfg_memset_list.4859
 1341 0095 22       		.byte	0x22
 1342 0096 9F       		.byte	0x9f
 1343 0097 98000000 		.4byte	.LVL14
 1344 009b A8000000 		.4byte	.LVL16
 1345 009f 0B00     		.2byte	0xb
 1346 00a1 74       		.byte	0x74
 1347 00a2 7F       		.sleb128 -1
 1348 00a3 36       		.byte	0x36
 1349 00a4 1E       		.byte	0x1e
 1350 00a5 03       		.byte	0x3
 1351 00a6 00000000 		.4byte	cfg_memset_list.4859
 1352 00aa 22       		.byte	0x22
 1353 00ab 9F       		.byte	0x9f
 1354 00ac 00000000 		.4byte	0
 1355 00b0 00000000 		.4byte	0
 1356              	.LLST4:
 1357 00b4 88000000 		.4byte	.LVL13
 1358 00b8 98000000 		.4byte	.LVL14
 1359 00bc 1100     		.2byte	0x11
 1360 00be 74       		.byte	0x74
 1361 00bf 00       		.sleb128 0
 1362 00c0 36       		.byte	0x36
 1363 00c1 1E       		.byte	0x1e
 1364 00c2 03       		.byte	0x3
 1365 00c3 04000000 		.4byte	cfg_memset_list.4859+4
 1366 00c7 22       		.byte	0x22
 1367 00c8 94       		.byte	0x94
 1368 00c9 02       		.byte	0x2
 1369 00ca 0A       		.byte	0xa
 1370 00cb FFFF     		.2byte	0xffff
 1371 00cd 1A       		.byte	0x1a
 1372 00ce 9F       		.byte	0x9f
 1373 00cf 98000000 		.4byte	.LVL14
 1374 00d3 A8000000 		.4byte	.LVL16
 1375 00d7 1100     		.2byte	0x11
 1376 00d9 74       		.byte	0x74
 1377 00da 7F       		.sleb128 -1
 1378 00db 36       		.byte	0x36
 1379 00dc 1E       		.byte	0x1e
 1380 00dd 03       		.byte	0x3
 1381 00de 04000000 		.4byte	cfg_memset_list.4859+4
 1382 00e2 22       		.byte	0x22
 1383 00e3 94       		.byte	0x94
 1384 00e4 02       		.byte	0x2
 1385 00e5 0A       		.byte	0xa
 1386 00e6 FFFF     		.2byte	0xffff
ARM GAS  C:\Users\Rolando\AppData\Local\Temp\ccqnczYj.s 			page 32


 1387 00e8 1A       		.byte	0x1a
 1388 00e9 9F       		.byte	0x9f
 1389 00ea 00000000 		.4byte	0
 1390 00ee 00000000 		.4byte	0
 1391              	.LLST5:
 1392 00f2 88000000 		.4byte	.LVL13
 1393 00f6 98000000 		.4byte	.LVL14
 1394 00fa 0A00     		.2byte	0xa
 1395 00fc 74       		.byte	0x74
 1396 00fd 00       		.sleb128 0
 1397 00fe 36       		.byte	0x36
 1398 00ff 1E       		.byte	0x1e
 1399 0100 03       		.byte	0x3
 1400 0101 00000000 		.4byte	cfg_memset_list.4859
 1401 0105 22       		.byte	0x22
 1402 0106 98000000 		.4byte	.LVL14
 1403 010a A8000000 		.4byte	.LVL16
 1404 010e 0A00     		.2byte	0xa
 1405 0110 74       		.byte	0x74
 1406 0111 7F       		.sleb128 -1
 1407 0112 36       		.byte	0x36
 1408 0113 1E       		.byte	0x1e
 1409 0114 03       		.byte	0x3
 1410 0115 00000000 		.4byte	cfg_memset_list.4859
 1411 0119 22       		.byte	0x22
 1412 011a 00000000 		.4byte	0
 1413 011e 00000000 		.4byte	0
 1414              	.LLST6:
 1415 0122 00010000 		.4byte	.LVL19
 1416 0126 08010000 		.4byte	.LVL20
 1417 012a 0100     		.2byte	0x1
 1418 012c 53       		.byte	0x53
 1419 012d 00000000 		.4byte	0
 1420 0131 00000000 		.4byte	0
 1421              		.section	.debug_aranges,"",%progbits
 1422 0000 24000000 		.4byte	0x24
 1423 0004 0200     		.2byte	0x2
 1424 0006 00000000 		.4byte	.Ldebug_info0
 1425 000a 04       		.byte	0x4
 1426 000b 00       		.byte	0
 1427 000c 0000     		.2byte	0
 1428 000e 0000     		.2byte	0
 1429 0010 00000000 		.4byte	.LFB6
 1430 0014 1C000000 		.4byte	.LFE6-.LFB6
 1431 0018 00000000 		.4byte	.LFB7
 1432 001c 6C010000 		.4byte	.LFE7-.LFB7
 1433 0020 00000000 		.4byte	0
 1434 0024 00000000 		.4byte	0
 1435              		.section	.debug_ranges,"",%progbits
 1436              	.Ldebug_ranges0:
 1437 0000 88000000 		.4byte	.LBB28
 1438 0004 A6000000 		.4byte	.LBE28
 1439 0008 A8000000 		.4byte	.LBB35
 1440 000c B0000000 		.4byte	.LBE35
 1441 0010 B4000000 		.4byte	.LBB39
 1442 0014 D0000000 		.4byte	.LBE39
 1443 0018 00000000 		.4byte	0
ARM GAS  C:\Users\Rolando\AppData\Local\Temp\ccqnczYj.s 			page 33


 1444 001c 00000000 		.4byte	0
 1445 0020 A6000000 		.4byte	.LBB32
 1446 0024 A8000000 		.4byte	.LBE32
 1447 0028 D0000000 		.4byte	.LBB40
 1448 002c DE000000 		.4byte	.LBE40
 1449 0030 00000000 		.4byte	0
 1450 0034 00000000 		.4byte	0
 1451 0038 B0000000 		.4byte	.LBB36
 1452 003c B4000000 		.4byte	.LBE36
 1453 0040 1E010000 		.4byte	.LBB47
 1454 0044 6C010000 		.4byte	.LBE47
 1455 0048 00000000 		.4byte	0
 1456 004c 00000000 		.4byte	0
 1457 0050 DE000000 		.4byte	.LBB41
 1458 0054 E4000000 		.4byte	.LBE41
 1459 0058 E6000000 		.4byte	.LBB44
 1460 005c EA000000 		.4byte	.LBE44
 1461 0060 00000000 		.4byte	0
 1462 0064 00000000 		.4byte	0
 1463 0068 00000000 		.4byte	.LFB6
 1464 006c 1C000000 		.4byte	.LFE6
 1465 0070 00000000 		.4byte	.LFB7
 1466 0074 6C010000 		.4byte	.LFE7
 1467 0078 00000000 		.4byte	0
 1468 007c 00000000 		.4byte	0
 1469              		.section	.debug_line,"",%progbits
 1470              	.Ldebug_line0:
 1471 0000 77010000 		.section	.debug_str,"MS",%progbits,1
 1471      0200D800 
 1471      00000201 
 1471      FB0E0D00 
 1471      01010101 
 1472              	.LASF18:
 1473 0000 72656731 		.ascii	"reg16\000"
 1473      3600
 1474              	.LASF40:
 1475 0006 43794465 		.ascii	"CyDelayCycles\000"
 1475      6C617943 
 1475      79636C65 
 1475      7300
 1476              	.LASF11:
 1477 0014 73697A65 		.ascii	"size_t\000"
 1477      5F7400
 1478              	.LASF27:
 1479 001b 416E616C 		.ascii	"AnalogSetDefault\000"
 1479      6F675365 
 1479      74446566 
 1479      61756C74 
 1479      00
 1480              	.LASF35:
 1481 002c 6366675F 		.ascii	"cfg_memset_list\000"
 1481      6D656D73 
 1481      65745F6C 
 1481      69737400 
 1482              	.LASF23:
 1483 003c 436C6F63 		.ascii	"ClockSetup\000"
 1483      6B536574 
ARM GAS  C:\Users\Rolando\AppData\Local\Temp\ccqnczYj.s 			page 34


 1483      757000
 1484              	.LASF4:
 1485 0047 73686F72 		.ascii	"short unsigned int\000"
 1485      7420756E 
 1485      7369676E 
 1485      65642069 
 1485      6E7400
 1486              	.LASF25:
 1487 005a 706C6C4C 		.ascii	"pllLock\000"
 1487      6F636B00 
 1488              	.LASF38:
 1489 0062 473A5C44 		.ascii	"G:\\Documentos\\PSoC Creator\\PWM_BasicTest01\\VDAC"
 1489      6F63756D 
 1489      656E746F 
 1489      735C5053 
 1489      6F432043 
 1490 0091 385F4578 		.ascii	"8_ExampleProject02.cydsn\000"
 1490      616D706C 
 1490      6550726F 
 1490      6A656374 
 1490      30322E63 
 1491              	.LASF15:
 1492 00aa 666C6F61 		.ascii	"float\000"
 1492      7400
 1493              	.LASF19:
 1494 00b0 4379436C 		.ascii	"CyClockStartupError\000"
 1494      6F636B53 
 1494      74617274 
 1494      75704572 
 1494      726F7200 
 1495              	.LASF22:
 1496 00c4 64657374 		.ascii	"dest\000"
 1496      00
 1497              	.LASF32:
 1498 00c9 73697A65 		.ascii	"size\000"
 1498      00
 1499              	.LASF17:
 1500 00ce 72656738 		.ascii	"reg8\000"
 1500      00
 1501              	.LASF6:
 1502 00d3 6C6F6E67 		.ascii	"long unsigned int\000"
 1502      20756E73 
 1502      69676E65 
 1502      6420696E 
 1502      7400
 1503              	.LASF12:
 1504 00e5 75696E74 		.ascii	"uint8\000"
 1504      3800
 1505              	.LASF26:
 1506 00eb 43594D45 		.ascii	"CYMEMZERO\000"
 1506      4D5A4552 
 1506      4F00
 1507              	.LASF29:
 1508 00f5 53657441 		.ascii	"SetAnalogRoutingPumps\000"
 1508      6E616C6F 
 1508      67526F75 
 1508      74696E67 
ARM GAS  C:\Users\Rolando\AppData\Local\Temp\ccqnczYj.s 			page 35


 1508      50756D70 
 1509              	.LASF2:
 1510 010b 756E7369 		.ascii	"unsigned char\000"
 1510      676E6564 
 1510      20636861 
 1510      7200
 1511              	.LASF41:
 1512 0119 6D656D73 		.ascii	"memset\000"
 1512      657400
 1513              	.LASF16:
 1514 0120 646F7562 		.ascii	"double\000"
 1514      6C6500
 1515              	.LASF30:
 1516 0127 63796669 		.ascii	"cyfitter_cfg\000"
 1516      74746572 
 1516      5F636667 
 1516      00
 1517              	.LASF13:
 1518 0134 75696E74 		.ascii	"uint16\000"
 1518      313600
 1519              	.LASF21:
 1520 013b 6572726F 		.ascii	"errorCode\000"
 1520      72436F64 
 1520      6500
 1521              	.LASF14:
 1522 0145 75696E74 		.ascii	"uint32\000"
 1522      333200
 1523              	.LASF0:
 1524 014c 756E7369 		.ascii	"unsigned int\000"
 1524      676E6564 
 1524      20696E74 
 1524      00
 1525              	.LASF31:
 1526 0159 61646472 		.ascii	"address\000"
 1526      65737300 
 1527              	.LASF8:
 1528 0161 6C6F6E67 		.ascii	"long long unsigned int\000"
 1528      206C6F6E 
 1528      6720756E 
 1528      7369676E 
 1528      65642069 
 1529              	.LASF33:
 1530 0178 6366675F 		.ascii	"cfg_memset_t\000"
 1530      6D656D73 
 1530      65745F74 
 1530      00
 1531              	.LASF9:
 1532 0185 73697A65 		.ascii	"sizetype\000"
 1532      74797065 
 1532      00
 1533              	.LASF7:
 1534 018e 6C6F6E67 		.ascii	"long long int\000"
 1534      206C6F6E 
 1534      6720696E 
 1534      7400
 1535              	.LASF24:
 1536 019c 74696D65 		.ascii	"timeout\000"
ARM GAS  C:\Users\Rolando\AppData\Local\Temp\ccqnczYj.s 			page 36


 1536      6F757400 
 1537              	.LASF3:
 1538 01a4 73686F72 		.ascii	"short int\000"
 1538      7420696E 
 1538      7400
 1539              	.LASF36:
 1540 01ae 474E5520 		.ascii	"GNU C 4.9.3 20150303 (release) [ARM/embedded-4_9-br"
 1540      4320342E 
 1540      392E3320 
 1540      32303135 
 1540      30333033 
 1541 01e1 616E6368 		.ascii	"anch revision 221220] -mcpu=cortex-m3 -mthumb -g -O"
 1541      20726576 
 1541      6973696F 
 1541      6E203232 
 1541      31323230 
 1542 0214 73202D66 		.ascii	"s -ffunction-sections -ffat-lto-objects\000"
 1542      66756E63 
 1542      74696F6E 
 1542      2D736563 
 1542      74696F6E 
 1543              	.LASF37:
 1544 023c 2E5C4765 		.ascii	".\\Generated_Source\\PSoC5\\cyfitter_cfg.c\000"
 1544      6E657261 
 1544      7465645F 
 1544      536F7572 
 1544      63655C50 
 1545              	.LASF39:
 1546 0264 656E6162 		.ascii	"enabled\000"
 1546      6C656400 
 1547              	.LASF5:
 1548 026c 6C6F6E67 		.ascii	"long int\000"
 1548      20696E74 
 1548      00
 1549              	.LASF10:
 1550 0275 63686172 		.ascii	"char\000"
 1550      00
 1551              	.LASF28:
 1552 027a 62675F78 		.ascii	"bg_xover_inl_trim\000"
 1552      6F766572 
 1552      5F696E6C 
 1552      5F747269 
 1552      6D00
 1553              	.LASF1:
 1554 028c 7369676E 		.ascii	"signed char\000"
 1554      65642063 
 1554      68617200 
 1555              	.LASF34:
 1556 0298 72656756 		.ascii	"regValue\000"
 1556      616C7565 
 1556      00
 1557              	.LASF20:
 1558 02a1 4359434F 		.ascii	"CYCONFIGCPY\000"
 1558      4E464947 
 1558      43505900 
 1559              		.ident	"GCC: (GNU Tools for ARM Embedded Processors) 4.9.3 20150303 (release) [ARM/embedded-4_9-br
