Archive member included because of file (symbol)

.\ARM_GCC_493\Debug\VoltageDisplay_DelSigADC.a(cyfitter_cfg.o)
                              .\ARM_GCC_493\Debug\Cm3Start.o (cyfitter_cfg)
.\ARM_GCC_493\Debug\VoltageDisplay_DelSigADC.a(ADC.o)
                              .\ARM_GCC_493\Debug\main.o (ADC_Start)
.\ARM_GCC_493\Debug\VoltageDisplay_DelSigADC.a(ADC_INT.o)
                              .\ARM_GCC_493\Debug\VoltageDisplay_DelSigADC.a(ADC.o) (ADC_ISR1)
.\ARM_GCC_493\Debug\VoltageDisplay_DelSigADC.a(LCD.o)
                              .\ARM_GCC_493\Debug\main.o (LCD_Start)
.\ARM_GCC_493\Debug\VoltageDisplay_DelSigADC.a(ADC_AMux.o)
                              .\ARM_GCC_493\Debug\VoltageDisplay_DelSigADC.a(ADC.o) (ADC_AMux_Select)
.\ARM_GCC_493\Debug\VoltageDisplay_DelSigADC.a(ADC_Ext_CP_Clk.o)
                              .\ARM_GCC_493\Debug\VoltageDisplay_DelSigADC.a(ADC.o) (ADC_Ext_CP_Clk_SetDividerRegister)
.\ARM_GCC_493\Debug\VoltageDisplay_DelSigADC.a(ADC_theACLK.o)
                              .\ARM_GCC_493\Debug\VoltageDisplay_DelSigADC.a(ADC.o) (ADC_theACLK_SetDividerRegister)
.\ARM_GCC_493\Debug\VoltageDisplay_DelSigADC.a(CyBootAsmGnu.o)
                              .\ARM_GCC_493\Debug\VoltageDisplay_DelSigADC.a(cyfitter_cfg.o) (CyDelayCycles)
.\ARM_GCC_493\Debug\VoltageDisplay_DelSigADC.a(CyLib.o)
                              .\ARM_GCC_493\Debug\Cm3Start.o (CyResetStatus)
.\ARM_GCC_493\Debug\VoltageDisplay_DelSigADC.a(cyPm.o)
                              .\ARM_GCC_493\Debug\VoltageDisplay_DelSigADC.a(CyLib.o) (CyPmReadStatus)
.\ARM_GCC_493\Debug\VoltageDisplay_DelSigADC.a(CyFlash.o)
                              .\ARM_GCC_493\Debug\VoltageDisplay_DelSigADC.a(cyPm.o) (CyFlash_SetWaitCycles)
.\ARM_GCC_493\Debug\VoltageDisplay_DelSigADC.a(CySpc.o)
                              .\ARM_GCC_493\Debug\VoltageDisplay_DelSigADC.a(CyFlash.o) (CySpcStart)
c:/program files (x86)/cypress/psoc creator/3.3/psoc creator/import/gnu/arm/4.9.3/bin/../lib/gcc/arm-none-eabi/4.9.3/armv7-m\libgcc.a(_arm_addsubdf3.o)
                              .\ARM_GCC_493\Debug\VoltageDisplay_DelSigADC.a(ADC.o) (__aeabi_f2d)
c:/program files (x86)/cypress/psoc creator/3.3/psoc creator/import/gnu/arm/4.9.3/bin/../lib/gcc/arm-none-eabi/4.9.3/armv7-m\libgcc.a(_arm_cmpdf2.o)
                              .\ARM_GCC_493\Debug\VoltageDisplay_DelSigADC.a(ADC.o) (__aeabi_dcmpgt)
c:/program files (x86)/cypress/psoc creator/3.3/psoc creator/import/gnu/arm/4.9.3/bin/../lib/gcc/arm-none-eabi/4.9.3/armv7-m\libgcc.a(_arm_addsubsf3.o)
                              .\ARM_GCC_493\Debug\VoltageDisplay_DelSigADC.a(ADC.o) (__aeabi_ui2f)
c:/program files (x86)/cypress/psoc creator/3.3/psoc creator/import/gnu/arm/4.9.3/bin/../lib/gcc/arm-none-eabi/4.9.3/armv7-m\libgcc.a(_arm_muldivsf3.o)
                              .\ARM_GCC_493\Debug\VoltageDisplay_DelSigADC.a(ADC.o) (__aeabi_fmul)
c:/program files (x86)/cypress/psoc creator/3.3/psoc creator/import/gnu/arm/4.9.3/bin/../lib/gcc/arm-none-eabi/4.9.3/armv7-m\libgcc.a(_arm_fixunssfsi.o)
                              .\ARM_GCC_493\Debug\VoltageDisplay_DelSigADC.a(ADC.o) (__aeabi_f2uiz)
c:/program files (x86)/cypress/psoc creator/3.3/psoc creator/import/gnu/arm/4.9.3/bin/../lib/gcc/arm-none-eabi/4.9.3/../../../../arm-none-eabi/lib/armv7-m\libg_nano.a(lib_a-exit.o)
                              c:/program files (x86)/cypress/psoc creator/3.3/psoc creator/import/gnu/arm/4.9.3/bin/../lib/gcc/arm-none-eabi/4.9.3/../../../../arm-none-eabi/lib/armv7-m/crt0.o (exit)
c:/program files (x86)/cypress/psoc creator/3.3/psoc creator/import/gnu/arm/4.9.3/bin/../lib/gcc/arm-none-eabi/4.9.3/../../../../arm-none-eabi/lib/armv7-m\libg_nano.a(lib_a-impure.o)
                              c:/program files (x86)/cypress/psoc creator/3.3/psoc creator/import/gnu/arm/4.9.3/bin/../lib/gcc/arm-none-eabi/4.9.3/../../../../arm-none-eabi/lib/armv7-m\libg_nano.a(lib_a-exit.o) (_global_impure_ptr)
c:/program files (x86)/cypress/psoc creator/3.3/psoc creator/import/gnu/arm/4.9.3/bin/../lib/gcc/arm-none-eabi/4.9.3/../../../../arm-none-eabi/lib/armv7-m\libg_nano.a(lib_a-init.o)
                              c:/program files (x86)/cypress/psoc creator/3.3/psoc creator/import/gnu/arm/4.9.3/bin/../lib/gcc/arm-none-eabi/4.9.3/../../../../arm-none-eabi/lib/armv7-m/crt0.o (__libc_init_array)
c:/program files (x86)/cypress/psoc creator/3.3/psoc creator/import/gnu/arm/4.9.3/bin/../lib/gcc/arm-none-eabi/4.9.3/../../../../arm-none-eabi/lib/armv7-m\libg_nano.a(lib_a-memcpy.o)
                              .\ARM_GCC_493\Debug\VoltageDisplay_DelSigADC.a(cyfitter_cfg.o) (memcpy)
c:/program files (x86)/cypress/psoc creator/3.3/psoc creator/import/gnu/arm/4.9.3/bin/../lib/gcc/arm-none-eabi/4.9.3/../../../../arm-none-eabi/lib/armv7-m\libg_nano.a(lib_a-memset.o)
[...]
Memory Configuration

Name             Origin             Length             Attributes
rom              0x00000000         0x00040000         xr
ram              0x1fff8000         0x00010000         xrw
*default*        0x00000000         0xffffffff

Linker script and memory map

LOAD c:/program files (x86)/cypress/psoc creator/3.3/psoc creator/import/gnu/arm/4.9.3/bin/../lib/gcc/arm-none-eabi/4.9.3/armv7-m/crti.o
LOAD c:/program files (x86)/cypress/psoc creator/3.3/psoc creator/import/gnu/arm/4.9.3/bin/../lib/gcc/arm-none-eabi/4.9.3/armv7-m/crtbegin.o
LOAD c:/program files (x86)/cypress/psoc creator/3.3/psoc creator/import/gnu/arm/4.9.3/bin/../lib/gcc/arm-none-eabi/4.9.3/../../../../arm-none-eabi/lib/armv7-m/crt0.o
START GROUP
LOAD .\ARM_GCC_493\Debug\main.o
LOAD .\ARM_GCC_493\Debug\cymetadata.o
LOAD .\ARM_GCC_493\Debug\Cm3Start.o
LOAD .\ARM_GCC_493\Debug\VoltageDisplay_DelSigADC.a
LOAD C:\Program Files (x86)\Cypress\PSoC Creator\3.3\PSoC Creator\psoc\content\cycomponentlibrary\CyComponentLibrary.cylib\CortexM3\ARM_GCC_493\Debug\CyComponentLibrary.a
END GROUP
START GROUP
LOAD c:/program files (x86)/cypress/psoc creator/3.3/psoc creator/import/gnu/arm/4.9.3/bin/../lib/gcc/arm-none-eabi/4.9.3/armv7-m\libgcc.a
LOAD c:/program files (x86)/cypress/psoc creator/3.3/psoc creator/import/gnu/arm/4.9.3/bin/../lib/gcc/arm-none-eabi/4.9.3/../../../../arm-none-eabi/lib/armv7-m\libg_nano.a
LOAD c:/program files (x86)/cypress/psoc creator/3.3/psoc creator/import/gnu/arm/4.9.3/bin/../lib/gcc/arm-none-eabi/4.9.3/../../../../arm-none-eabi/lib/armv7-m\libc_nano.a
END GROUP
START GROUP
LOAD c:/program files (x86)/cypress/psoc creator/3.3/psoc creator/import/gnu/arm/4.9.3/bin/../lib/gcc/arm-none-eabi/4.9.3/armv7-m\libgcc.a
LOAD c:/program files (x86)/cypress/psoc creator/3.3/psoc creator/import/gnu/arm/4.9.3/bin/../lib/gcc/arm-none-eabi/4.9.3/../../../../arm-none-eabi/lib/armv7-m\libc_nano.a
END GROUP
LOAD c:/program files (x86)/cypress/psoc creator/3.3/psoc creator/import/gnu/arm/4.9.3/bin/../lib/gcc/arm-none-eabi/4.9.3/armv7-m/crtend.o
LOAD c:/program files (x86)/cypress/psoc creator/3.3/psoc creator/import/gnu/arm/4.9.3/bin/../lib/gcc/arm-none-eabi/4.9.3/armv7-m/crtn.o
START GROUP
LOAD c:/program files (x86)/cypress/psoc creator/3.3/psoc creator/import/gnu/arm/4.9.3/bin/../lib/gcc/arm-none-eabi/4.9.3/armv7-m\libgcc.a
LOAD c:/program files (x86)/cypress/psoc creator/3.3/psoc creator/import/gnu/arm/4.9.3/bin/../lib/gcc/arm-none-eabi/4.9.3/../../../../arm-none-eabi/lib/armv7-m\libc.a
LOAD c:/program files (x86)/cypress/psoc creator/3.3/psoc creator/import/gnu/arm/4.9.3/bin/../lib/gcc/arm-none-eabi/4.9.3/../../../../arm-none-eabi/lib/armv7-m\libnosys.a
END GROUP
                0x00000000                CY_APPL_ORIGIN = 0x0
                0x00000100                CY_FLASH_ROW_SIZE = 0x100
                0x00000020                CY_ECC_ROW_SIZE = 0x20
                0x00000000                CY_EE_IN_BTLDR = 0x0
                0x00000000                CY_APPL_LOADABLE = 0x0
                0x00000800                CY_EE_SIZE = 0x800
                0x00000001                CY_APPL_NUM = 0x1
                0x00000001                CY_APPL_MAX = 0x1
                0x00000040                CY_METADATA_SIZE = 0x40
                0x1fff81d8                PROVIDE (__cy_heap_start, _end)
                0x00000001                PROVIDE (__cy_region_num, ((__cy_regions_end - __cy_regions) / 0x10))
                0x20008000                PROVIDE (__cy_stack, (ORIGIN (ram) + 0x10000))
                0x20004000                PROVIDE (__cy_heap_end, (__cy_stack - 0x4000))

.cybootloader   0x00000000        0x0
 *(.cybootloader)
                0x00000000                appl1_start = CY_APPL_ORIGIN?CY_APPL_ORIGIN:ALIGN (CY_FLASH_ROW_SIZE)
                0x0001ff00                appl2_start = (appl1_start + ALIGN ((((0x40000 - appl1_start) - (0x2 * CY_FLASH_ROW_SIZE)) / 0x2), CY_FLASH_ROW_SIZE))
                0x00000000                appl_start = (CY_APPL_NUM == 0x1)?appl1_start:appl2_start
                0x00000000                ecc_offset = ((appl_start / CY_FLASH_ROW_SIZE) * CY_ECC_ROW_SIZE)
                0x00000000                ee_offset = (CY_APPL_LOADABLE && ! (CY_EE_IN_BTLDR))?((CY_EE_SIZE / CY_APPL_MAX) * (CY_APPL_NUM - 0x1)):0x0
                0x00000800                ee_size = (CY_APPL_LOADABLE && ! (CY_EE_IN_BTLDR))?(CY_EE_SIZE / CY_APPL_MAX):CY_EE_SIZE
                0x00000000                PROVIDE (CY_ECC_OFFSET, ecc_offset)

.text           0x00000000     0x2328
 CREATE_OBJECT_SYMBOLS
                0x00000000                PROVIDE (__cy_interrupt_vector, RomVectors)
 *(.romvectors)
 .romvectors    0x00000000       0x10 .\ARM_GCC_493\Debug\Cm3Start.o
                0x00000000                RomVectors
                0x00000001                ASSERT ((. != __cy_interrupt_vector), No interrupt vector)
                0x00000001                ASSERT (CY_APPL_ORIGIN?(SIZEOF (.cybootloader) <= CY_APPL_ORIGIN):0x1, Wrong image location)
                0x00000010                PROVIDE (__cy_reset, Reset)
 *(.text.Reset)
 .text.Reset    0x00000010       0x18 .\ARM_GCC_493\Debug\Cm3Start.o
                0x00000010                Reset
                0x00000001                ASSERT ((. != __cy_reset), No reset code)
 *(.dma_init)
 .dma_init      0x00000028      0x150 .\ARM_GCC_493\Debug\VoltageDisplay_DelSigADC.a(cyfitter_cfg.o)
                0x00000001                ASSERT ((((appl_start + .) <= 0x10000) || 0x0), DMA Init must be within the first 64k of flash)
 *(.text .text.* .gnu.linkonce.t.*)
 .text          0x00000178       0x5c c:/program files (x86)/cypress/psoc creator/3.3/psoc creator/import/gnu/arm/4.9.3/bin/../lib/gcc/arm-none-eabi/4.9.3/armv7-m/crtbegin.o
 .text.main     0x000001d4      0x1d8 .\ARM_GCC_493\Debug\main.o
                0x000001d4                main
 .text.IntDefaultHandler
                0x000003ac        0x8 .\ARM_GCC_493\Debug\Cm3Start.o
                0x000003ac                IntDefaultHandler
 .text.Start_c  0x000003b4       0x94 .\ARM_GCC_493\Debug\Cm3Start.o
                0x000003b4                Start_c
 .text.initialize_psoc
                0x00000448       0x8c .\ARM_GCC_493\Debug\Cm3Start.o
                0x00000448                initialize_psoc
 .text.CYCONFIGCPY
                0x000004d4       0x1c .\ARM_GCC_493\Debug\VoltageDisplay_DelSigADC.a(cyfitter_cfg.o)
 .text.CyClockStartupError
                0x000004f0        0xc .\ARM_GCC_493\Debug\VoltageDisplay_DelSigADC.a(cyfitter_cfg.o)
 .text.cfg_dma_init
                0x000004fc      0x154 .\ARM_GCC_493\Debug\VoltageDisplay_DelSigADC.a(cyfitter_cfg.o)
 .text.ClockSetup
                0x00000650      0x1a8 .\ARM_GCC_493\Debug\VoltageDisplay_DelSigADC.a(cyfitter_cfg.o)
 .text.AnalogSetDefault
                0x000007f8       0x58 .\ARM_GCC_493\Debug\VoltageDisplay_DelSigADC.a(cyfitter_cfg.o)
 .text.ADC_AMux_Set
                0x00000850       0x40 .\ARM_GCC_493\Debug\VoltageDisplay_DelSigADC.a(cyfitter_cfg.o)
                0x00000850                ADC_AMux_Set
 .text.ADC_AMux_Unset
                0x00000890       0x44 .\ARM_GCC_493\Debug\VoltageDisplay_DelSigADC.a(cyfitter_cfg.o)
                0x00000890                ADC_AMux_Unset
 .text.cyfitter_cfg
                0x000008d4       0xd0 .\ARM_GCC_493\Debug\VoltageDisplay_DelSigADC.a(cyfitter_cfg.o)
                0x000008d4                cyfitter_cfg
 .text.ADC_Init
                0x000009a4      0x11c .\ARM_GCC_493\Debug\VoltageDisplay_DelSigADC.a(ADC.o)
                0x000009a4                ADC_Init
 .text.ADC_Enable
                0x00000ac0      0x158 .\ARM_GCC_493\Debug\VoltageDisplay_DelSigADC.a(ADC.o)
                0x00000ac0                ADC_Enable
 .text.ADC_Start
                0x00000c18       0x30 .\ARM_GCC_493\Debug\VoltageDisplay_DelSigADC.a(ADC.o)
                0x00000c18                ADC_Start
 .text.ADC_StartConvert
                0x00000c48       0x20 .\ARM_GCC_493\Debug\VoltageDisplay_DelSigADC.a(ADC.o)
                0x00000c48                ADC_StartConvert
 .text.ADC_IsEndConversion
                0x00000c68       0x50 .\ARM_GCC_493\Debug\VoltageDisplay_DelSigADC.a(ADC.o)
                0x00000c68                ADC_IsEndConversion
 .text.ADC_GetResult32
                0x00000cb8       0xa8 .\ARM_GCC_493\Debug\VoltageDisplay_DelSigADC.a(ADC.o)
                0x00000cb8                ADC_GetResult32
 .text.ADC_CountsTo_uVolts
                0x00000d60       0xb8 .\ARM_GCC_493\Debug\VoltageDisplay_DelSigADC.a(ADC.o)
                0x00000d60                ADC_CountsTo_uVolts
 .text.ADC_InitConfig
                0x00000e18      0x164 .\ARM_GCC_493\Debug\VoltageDisplay_DelSigADC.a(ADC.o)
 .text.ADC_GainCompensation
                0x00000f7c      0x16c .\ARM_GCC_493\Debug\VoltageDisplay_DelSigADC.a(ADC.o)
 .text.ADC_SetDSMRef0Reg
                0x000010e8       0x78 .\ARM_GCC_493\Debug\VoltageDisplay_DelSigADC.a(ADC.o)
 .text.ADC_ISR1
                0x00001160        0xc .\ARM_GCC_493\Debug\VoltageDisplay_DelSigADC.a(ADC_INT.o)
                0x00001160                ADC_ISR1
 .text.LCD_Init
                0x0000116c       0x6c .\ARM_GCC_493\Debug\VoltageDisplay_DelSigADC.a(LCD.o)
                0x0000116c                LCD_Init
 .text.LCD_Enable
                0x000011d8       0x18 .\ARM_GCC_493\Debug\VoltageDisplay_DelSigADC.a(LCD.o)
                0x000011d8                LCD_Enable
 .text.LCD_Start
                0x000011f0       0x20 .\ARM_GCC_493\Debug\VoltageDisplay_DelSigADC.a(LCD.o)
                0x000011f0                LCD_Start
 .text.LCD_Position
                0x00001210       0x6c .\ARM_GCC_493\Debug\VoltageDisplay_DelSigADC.a(LCD.o)
                0x00001210                LCD_Position
 .text.LCD_PrintString
                0x0000127c       0x38 .\ARM_GCC_493\Debug\VoltageDisplay_DelSigADC.a(LCD.o)
                0x0000127c                LCD_PrintString
 .text.LCD_PutChar
                0x000012b4       0x18 .\ARM_GCC_493\Debug\VoltageDisplay_DelSigADC.a(LCD.o)
                0x000012b4                LCD_PutChar
 .text.LCD_WriteData
                0x000012cc       0x34 .\ARM_GCC_493\Debug\VoltageDisplay_DelSigADC.a(LCD.o)
                0x000012cc                LCD_WriteData
 .text.LCD_WriteControl
                0x00001300       0x34 .\ARM_GCC_493\Debug\VoltageDisplay_DelSigADC.a(LCD.o)
                0x00001300                LCD_WriteControl
 .text.LCD_IsReady
                0x00001334      0x158 .\ARM_GCC_493\Debug\VoltageDisplay_DelSigADC.a(LCD.o)
                0x00001334                LCD_IsReady
 .text.LCD_WrDatNib
                0x0000148c       0x74 .\ARM_GCC_493\Debug\VoltageDisplay_DelSigADC.a(LCD.o)
 .text.LCD_WrCntrlNib
                0x00001500       0x60 .\ARM_GCC_493\Debug\VoltageDisplay_DelSigADC.a(LCD.o)
 .text.ADC_AMux_Start
                0x00001560       0x30 .\ARM_GCC_493\Debug\VoltageDisplay_DelSigADC.a(ADC_AMux.o)
                0x00001560                ADC_AMux_Start
 .text.ADC_AMux_Select
                0x00001590       0x28 .\ARM_GCC_493\Debug\VoltageDisplay_DelSigADC.a(ADC_AMux.o)
                0x00001590                ADC_AMux_Select
 .text.ADC_Ext_CP_Clk_SetDividerRegister
                0x000015b8      0x160 .\ARM_GCC_493\Debug\VoltageDisplay_DelSigADC.a(ADC_Ext_CP_Clk.o)
                0x000015b8                ADC_Ext_CP_Clk_SetDividerRegister
 .text.ADC_Ext_CP_Clk_GetDividerRegister
                0x00001718       0x18 .\ARM_GCC_493\Debug\VoltageDisplay_DelSigADC.a(ADC_Ext_CP_Clk.o)
                0x00001718                ADC_Ext_CP_Clk_GetDividerRegister
 .text.ADC_Ext_CP_Clk_SetModeRegister
                0x00001730       0x34 .\ARM_GCC_493\Debug\VoltageDisplay_DelSigADC.a(ADC_Ext_CP_Clk.o)
                0x00001730                ADC_Ext_CP_Clk_SetModeRegister
 .text.ADC_Ext_CP_Clk_GetSourceRegister
                0x00001764       0x20 .\ARM_GCC_493\Debug\VoltageDisplay_DelSigADC.a(ADC_Ext_CP_Clk.o)
                0x00001764                ADC_Ext_CP_Clk_GetSourceRegister
 .text.ADC_theACLK_SetDividerRegister
                0x00001784      0x160 .\ARM_GCC_493\Debug\VoltageDisplay_DelSigADC.a(ADC_theACLK.o)
                0x00001784                ADC_theACLK_SetDividerRegister
 .text.ADC_theACLK_GetDividerRegister
                0x000018e4       0x18 .\ARM_GCC_493\Debug\VoltageDisplay_DelSigADC.a(ADC_theACLK.o)
                0x000018e4                ADC_theACLK_GetDividerRegister
 .text.ADC_theACLK_SetModeRegister
                0x000018fc       0x34 .\ARM_GCC_493\Debug\VoltageDisplay_DelSigADC.a(ADC_theACLK.o)
                0x000018fc                ADC_theACLK_SetModeRegister
 .text.ADC_theACLK_GetSourceRegister
                0x00001930       0x20 .\ARM_GCC_493\Debug\VoltageDisplay_DelSigADC.a(ADC_theACLK.o)
                0x00001930                ADC_theACLK_GetSourceRegister
 .text          0x00001950       0x20 .\ARM_GCC_493\Debug\VoltageDisplay_DelSigADC.a(CyBootAsmGnu.o)
                0x00001950                CyDelayCycles
                0x00001960                CyEnterCriticalSection
                0x00001968                CyExitCriticalSection
 .text.CyHalt   0x00001970       0x18 .\ARM_GCC_493\Debug\VoltageDisplay_DelSigADC.a(CyLib.o)
                0x00001970                CyHalt
 .text.CyDelay  0x00001988       0x44 .\ARM_GCC_493\Debug\VoltageDisplay_DelSigADC.a(CyLib.o)
                0x00001988                CyDelay
 .text.CyDelayUs
                0x000019cc       0x24 .\ARM_GCC_493\Debug\VoltageDisplay_DelSigADC.a(CyLib.o)
                0x000019cc                CyDelayUs
 .text.CyIntSetVector
                0x000019f0       0x50 .\ARM_GCC_493\Debug\VoltageDisplay_DelSigADC.a(CyLib.o)
                0x000019f0                CyIntSetVector
 .text.CyIntSetPriority
                0x00001a40       0x44 .\ARM_GCC_493\Debug\VoltageDisplay_DelSigADC.a(CyLib.o)
                0x00001a40                CyIntSetPriority
 .text.__libc_init_array
                0x00001a84       0x4c c:/program files (x86)/cypress/psoc creator/3.3/psoc creator/import/gnu/arm/4.9.3/bin/../lib/gcc/arm-none-eabi/4.9.3/../../../../arm-none-eabi/lib/armv7-m\libg_nano.a(lib_a-init.o)
                0x00001a84                __libc_init_array
 .text.memcpy   0x00001ad0       0x16 c:/program files (x86)/cypress/psoc creator/3.3/psoc creator/import/gnu/arm/4.9.3/bin/../lib/gcc/arm-none-eabi/4.9.3/../../../../arm-none-eabi/lib/armv7-m\libg_nano.a(lib_a-memcpy.o)
                0x00001ad0                memcpy
 .text.memset   0x00001ae6       0x10 c:/program files (x86)/cypress/psoc creator/3.3/psoc creator/import/gnu/arm/4.9.3/bin/../lib/gcc/arm-none-eabi/4.9.3/../../../../arm-none-eabi/lib/armv7-m\libg_nano.a(lib_a-memset.o)
                0x00001ae6                memset
 *fill*         0x00001af6        0x2 
 .text.sprintf  0x00001af8       0x48 c:/program files (x86)/cypress/psoc creator/3.3/psoc creator/import/gnu/arm/4.9.3/bin/../lib/gcc/arm-none-eabi/4.9.3/../../../../arm-none-eabi/lib/armv7-m\libg_nano.a(lib_a-sprintf.o)
                0x00001af8                siprintf
                0x00001af8                sprintf
 .text.__ssputs_r
                0x00001b40       0xb2 c:/program files (x86)/cypress/psoc creator/3.3/psoc creator/import/gnu/arm/4.9.3/bin/../lib/gcc/arm-none-eabi/4.9.3/../../../../arm-none-eabi/lib/armv7-m\libg_nano.a(lib_a-nano-svfprintf.o)
                0x00001b40                __ssputs_r
 *fill*         0x00001bf2        0x2 
 .text._svfprintf_r
                0x00001bf4      0x1e4 c:/program files (x86)/cypress/psoc creator/3.3/psoc creator/import/gnu/arm/4.9.3/bin/../lib/gcc/arm-none-eabi/4.9.3/../../../../arm-none-eabi/lib/armv7-m\libg_nano.a(lib_a-nano-svfprintf.o)
                0x00001bf4                _svfiprintf_r
                0x00001bf4                _svfprintf_r
 .text._printf_common
                0x00001dd8       0xea c:/program files (x86)/cypress/psoc creator/3.3/psoc creator/import/gnu/arm/4.9.3/bin/../lib/gcc/arm-none-eabi/4.9.3/../../../../arm-none-eabi/lib/armv7-m\libg_nano.a(lib_a-nano-vfprintf_i.o)
                0x00001dd8                _printf_common
 *fill*         0x00001ec2        0x2 
 .text._printf_i
                0x00001ec4      0x240 c:/program files (x86)/cypress/psoc creator/3.3/psoc creator/import/gnu/arm/4.9.3/bin/../lib/gcc/arm-none-eabi/4.9.3/../../../../arm-none-eabi/lib/armv7-m\libg_nano.a(lib_a-nano-vfprintf_i.o)
                0x00001ec4                _printf_i
 .text.memchr   0x00002104       0x1c c:/program files (x86)/cypress/psoc creator/3.3/psoc creator/import/gnu/arm/4.9.3/bin/../lib/gcc/arm-none-eabi/4.9.3/../../../../arm-none-eabi/lib/armv7-m\libg_nano.a(lib_a-memchr.o)
                0x00002104                memchr
 .text.memmove  0x00002120       0x36 c:/program files (x86)/cypress/psoc creator/3.3/psoc creator/import/gnu/arm/4.9.3/bin/../lib/gcc/arm-none-eabi/4.9.3/../../../../arm-none-eabi/lib/armv7-m\libg_nano.a(lib_a-memmove.o)
                0x00002120                memmove
 *fill*         0x00002156        0x2 
 .text._free_r  0x00002158       0x88 c:/program files (x86)/cypress/psoc creator/3.3/psoc creator/import/gnu/arm/4.9.3/bin/../lib/gcc/arm-none-eabi/4.9.3/../../../../arm-none-eabi/lib/armv7-m\libg_nano.a(lib_a-nano-freer.o)
                0x00002158                _free_r
 .text._malloc_r
                0x000021e0       0xac c:/program files (x86)/cypress/psoc creator/3.3/psoc creator/import/gnu/arm/4.9.3/bin/../lib/gcc/arm-none-eabi/4.9.3/../../../../arm-none-eabi/lib/armv7-m\libg_nano.a(lib_a-nano-mallocr.o)
                0x000021e0                _malloc_r
 .text._realloc_r
                0x0000228c       0x4c c:/program files (x86)/cypress/psoc creator/3.3/psoc creator/import/gnu/arm/4.9.3/bin/../lib/gcc/arm-none-eabi/4.9.3/../../../../arm-none-eabi/lib/armv7-m\libg_nano.a(lib_a-nano-reallocr.o)
                0x0000228c                _realloc_r
 .text._sbrk_r  0x000022d8       0x20 c:/program files (x86)/cypress/psoc creator/3.3/psoc creator/import/gnu/arm/4.9.3/bin/../lib/gcc/arm-none-eabi/4.9.3/../../../../arm-none-eabi/lib/armv7-m\libg_nano.a(lib_a-sbrkr.o)
                0x000022d8                _sbrk_r
 .text._malloc_usable_size_r
                0x000022f8       0x14 c:/program files (x86)/cypress/psoc creator/3.3/psoc creator/import/gnu/arm/4.9.3/bin/../lib/gcc/arm-none-eabi/4.9.3/../../../../arm-none-eabi/lib/armv7-m\libg_nano.a(lib_a-nano-msizer.o)
                0x000022f8                _malloc_usable_size_r
 .text._sbrk    0x0000230c       0x1c c:/program files (x86)/cypress/psoc creator/3.3/psoc creator/import/gnu/arm/4.9.3/bin/../lib/gcc/arm-none-eabi/4.9.3/../../../../arm-none-eabi/lib/armv7-m\libnosys.a(sbrk.o)
                0x0000230c                _sbrk
 *(.plt)
 *(.gnu.warning)
 *(.glue_7t)
 .glue_7t       0x00000000        0x0 linker stubs
 *(.glue_7)
 .glue_7        0x00000000        0x0 linker stubs
 *(.vfp11_veneer)
 .vfp11_veneer  0x00000000        0x0 linker stubs
 *(.bootloader)
 *(.ARM.extab* .gnu.linkonce.armextab.*)
 *(.gcc_except_table)

.v4_bx          0x00002328        0x0
 .v4_bx         0x00000000        0x0 linker stubs

.iplt           0x00002328        0x0
 .iplt          0x00000000        0x0 c:/program files (x86)/cypress/psoc creator/3.3/psoc creator/import/gnu/arm/4.9.3/bin/../lib/gcc/arm-none-eabi/4.9.3/armv7-m/crtbegin.o

.eh_frame_hdr
 *(.eh_frame_hdr)

.eh_frame       0x00002328        0x4
 *(.eh_frame)
 .eh_frame      0x00002328        0x0 c:/program files (x86)/cypress/psoc creator/3.3/psoc creator/import/gnu/arm/4.9.3/bin/../lib/gcc/arm-none-eabi/4.9.3/armv7-m/crtbegin.o
 .eh_frame      0x00002328        0x4 c:/program files (x86)/cypress/psoc creator/3.3/psoc creator/import/gnu/arm/4.9.3/bin/../lib/gcc/arm-none-eabi/4.9.3/armv7-m/crtend.o
                0x0000232c                PROVIDE (__exidx_start, .)

.ARM.exidx
 *(.ARM.exidx* .gnu.linkonce.armexidx.*)
                0x0000232c                __exidx_end = .

.rodata         0x0000232c      0x12c
 *(.rodata .rodata.* .gnu.linkonce.r.*)
 .rodata        0x0000232c       0x18 .\ARM_GCC_493\Debug\main.o
 .rodata        0x00002344       0xa4 .\ARM_GCC_493\Debug\VoltageDisplay_DelSigADC.a(cyfitter_cfg.o)
                0x00002344                ADC_AMux__addrTable
                0x0000234c                ADC_AMux__maskTable
 .rodata.str1.1
                0x000023e8        0x2 c:/program files (x86)/cypress/psoc creator/3.3/psoc creator/import/gnu/arm/4.9.3/bin/../lib/gcc/arm-none-eabi/4.9.3/../../../../arm-none-eabi/lib/armv7-m\libg_nano.a(lib_a-impure.o)
 .rodata.str1.1
                0x000023ea       0x11 c:/program files (x86)/cypress/psoc creator/3.3/psoc creator/import/gnu/arm/4.9.3/bin/../lib/gcc/arm-none-eabi/4.9.3/../../../../arm-none-eabi/lib/armv7-m\libg_nano.a(lib_a-nano-svfprintf.o)
 .rodata.str1.1
                0x000023fb       0x22 c:/program files (x86)/cypress/psoc creator/3.3/psoc creator/import/gnu/arm/4.9.3/bin/../lib/gcc/arm-none-eabi/4.9.3/../../../../arm-none-eabi/lib/armv7-m\libg_nano.a(lib_a-nano-vfprintf_i.o)
                0x00002420                . = ALIGN (0x4)
 *fill*         0x0000241d        0x3 
 *(.init)
 .init          0x00002420        0x4 c:/program files (x86)/cypress/psoc creator/3.3/psoc creator/import/gnu/arm/4.9.3/bin/../lib/gcc/arm-none-eabi/4.9.3/armv7-m/crti.o
                0x00002420                _init
 .init          0x00002424        0x8 c:/program files (x86)/cypress/psoc creator/3.3/psoc creator/import/gnu/arm/4.9.3/bin/../lib/gcc/arm-none-eabi/4.9.3/armv7-m/crtn.o
                0x0000242c                . = ALIGN (0x4)
                0x0000242c                __preinit_array_start = .
 *(.preinit_array)
                0x0000242c                __preinit_array_end = .
                0x0000242c                . = ALIGN (0x4)
                0x0000242c                __init_array_start = .
 *(SORT(.init_array.*))
 *(.init_array)
 .init_array    0x0000242c        0x4 c:/program files (x86)/cypress/psoc creator/3.3/psoc creator/import/gnu/arm/4.9.3/bin/../lib/gcc/arm-none-eabi/4.9.3/armv7-m/crtbegin.o
 .init_array    0x00002430        0x4 .\ARM_GCC_493\Debug\Cm3Start.o
                0x00002434                __init_array_end = .
                0x00002434                . = ALIGN (0x4)
 *(.fini)
 .fini          0x00002434        0x4 c:/program files (x86)/cypress/psoc creator/3.3/psoc creator/import/gnu/arm/4.9.3/bin/../lib/gcc/arm-none-eabi/4.9.3/armv7-m/crti.o
                0x00002434                _fini
 .fini          0x00002438        0x8 c:/program files (x86)/cypress/psoc creator/3.3/psoc creator/import/gnu/arm/4.9.3/bin/../lib/gcc/arm-none-eabi/4.9.3/armv7-m/crtn.o
                0x00002440                . = ALIGN (0x4)
                0x00002440                __fini_array_start = .
 *(.fini_array)
 .fini_array    0x00002440        0x4 c:/program files (x86)/cypress/psoc creator/3.3/psoc creator/import/gnu/arm/4.9.3/bin/../lib/gcc/arm-none-eabi/4.9.3/armv7-m/crtbegin.o
 *(SORT(.fini_array.*))
                0x00002444                __fini_array_end = .
                0x00002444                . = ALIGN (0x4)
 *crtbegin.o(.ctors)
 *(EXCLUDE_FILE(*crtend.o) .ctors)
 *(SORT(.ctors.*))
 *crtend.o(.ctors)
                0x00002444                . = ALIGN (0x4)
 *crtbegin.o(.dtors)
 *(EXCLUDE_FILE(*crtend.o) .dtors)
 *(SORT(.dtors.*))
 *crtend.o(.dtors)
                0x00002444                . = ALIGN (0x4)
                0x00002444                __cy_regions = .
                0x00002444        0x4 LONG 0x2458 __cy_region_init_ram
                0x00002448        0x4 LONG 0x1fff8108 __cy_region_start_data
                0x0000244c        0x4 LONG 0x80 __cy_region_init_size_ram
                0x00002450        0x4 LONG 0x50 __cy_region_zero_size_ram
                0x00002454                __cy_regions_end = .
                0x00002458                . = ALIGN (0x8)
 *fill*         0x00002454        0x4 
                0x00002458                _etext = .

.ramvectors     0x1fff8000      0x100
                0x1fff8000                __cy_region_start_ram = .
 *(.ramvectors)
 .ramvectors    0x1fff8000      0x100 .\ARM_GCC_493\Debug\Cm3Start.o
                0x1fff8000                CyRamVectors

.noinit         0x1fff8100        0x5
 *(.noinit)
 .noinit        0x1fff8100        0x4 .\ARM_GCC_493\Debug\Cm3Start.o
 .noinit        0x1fff8104        0x1 .\ARM_GCC_493\Debug\VoltageDisplay_DelSigADC.a(CyLib.o)
                0x1fff8104                CyResetStatus

.data           0x1fff8108       0x80 load address 0x00002458
                0x1fff8108                __cy_region_start_data = .
 *(.jcr)
 .jcr           0x1fff8108        0x0 c:/program files (x86)/cypress/psoc creator/3.3/psoc creator/import/gnu/arm/4.9.3/bin/../lib/gcc/arm-none-eabi/4.9.3/armv7-m/crtbegin.o
 .jcr           0x1fff8108        0x4 c:/program files (x86)/cypress/psoc creator/3.3/psoc creator/import/gnu/arm/4.9.3/bin/../lib/gcc/arm-none-eabi/4.9.3/armv7-m/crtend.o
 *(.got.plt)
 *(.got)
 *(.shdata)
 *(.data .data.* .gnu.linkonce.d.*)
 .data          0x1fff810c        0x1 .\ARM_GCC_493\Debug\VoltageDisplay_DelSigADC.a(ADC.o)
                0x1fff810c                ADC_Config
 .data          0x1fff810d        0x1 .\ARM_GCC_493\Debug\VoltageDisplay_DelSigADC.a(ADC_AMux.o)
 *fill*         0x1fff810e        0x2 
 .data          0x1fff8110       0x10 .\ARM_GCC_493\Debug\VoltageDisplay_DelSigADC.a(CyLib.o)
                0x1fff8110                cydelay_freq_hz
                0x1fff8114                cydelay_freq_khz
                0x1fff8118                cydelay_freq_mhz
                0x1fff811c                cydelay_32k_ms
 .data.impure_data
                0x1fff8120       0x60 c:/program files (x86)/cypress/psoc creator/3.3/psoc creator/import/gnu/arm/4.9.3/bin/../lib/gcc/arm-none-eabi/4.9.3/../../../../arm-none-eabi/lib/armv7-m\libg_nano.a(lib_a-impure.o)
 .data._impure_ptr
                0x1fff8180        0x4 c:/program files (x86)/cypress/psoc creator/3.3/psoc creator/import/gnu/arm/4.9.3/bin/../lib/gcc/arm-none-eabi/4.9.3/../../../../arm-none-eabi/lib/armv7-m\libg_nano.a(lib_a-impure.o)
                0x1fff8180                _impure_ptr
                0x1fff8188                . = ALIGN (0x8)
 *fill*         0x1fff8184        0x4 
 *(.ram)
                0x1fff8188                _edata = .

.igot.plt       0x1fff8188        0x0 load address 0x000024d8
 .igot.plt      0x00000000        0x0 c:/program files (x86)/cypress/psoc creator/3.3/psoc creator/import/gnu/arm/4.9.3/bin/../lib/gcc/arm-none-eabi/4.9.3/armv7-m/crtbegin.o

.bss            0x1fff8188       0x50 load address 0x000024d8
                0x1fff8188                PROVIDE (__bss_start__, .)
 *(.shbss)
 *(.bss .bss.* .gnu.linkonce.b.*)
 .bss           0x1fff8188       0x1c c:/program files (x86)/cypress/psoc creator/3.3/psoc creator/import/gnu/arm/4.9.3/bin/../lib/gcc/arm-none-eabi/4.9.3/armv7-m/crtbegin.o
 *fill*         0x1fff81a4        0x4 
 .bss           0x1fff81a8        0x8 .\ARM_GCC_493\Debug\VoltageDisplay_DelSigADC.a(cyfitter_cfg.o)
 .bss           0x1fff81b0        0x8 .\ARM_GCC_493\Debug\VoltageDisplay_DelSigADC.a(ADC.o)
                0x1fff81b0                ADC_convDone
                0x1fff81b1                ADC_stopConversion
                0x1fff81b2                ADC_initVar
                0x1fff81b3                ADC_started
 .bss           0x1fff81b8        0x2 .\ARM_GCC_493\Debug\VoltageDisplay_DelSigADC.a(LCD.o)
                0x1fff81b8                LCD_enableState
                0x1fff81b9                LCD_initVar
 *fill*         0x1fff81ba        0x2 
 .bss.__malloc_sbrk_start
                0x1fff81bc        0x4 c:/program files (x86)/cypress/psoc creator/3.3/psoc creator/import/gnu/arm/4.9.3/bin/../lib/gcc/arm-none-eabi/4.9.3/../../../../arm-none-eabi/lib/armv7-m\libg_nano.a(lib_a-nano-mallocr.o)
                0x1fff81bc                __malloc_sbrk_start
 .bss.__malloc_free_list
                0x1fff81c0        0x4 c:/program files (x86)/cypress/psoc creator/3.3/psoc creator/import/gnu/arm/4.9.3/bin/../lib/gcc/arm-none-eabi/4.9.3/../../../../arm-none-eabi/lib/armv7-m\libg_nano.a(lib_a-nano-mallocr.o)
                0x1fff81c0                __malloc_free_list
 .bss.heap_end.4079
                0x1fff81c4        0x4 c:/program files (x86)/cypress/psoc creator/3.3/psoc creator/import/gnu/arm/4.9.3/bin/../lib/gcc/arm-none-eabi/4.9.3/../../../../arm-none-eabi/lib/armv7-m\libnosys.a(sbrk.o)
 *(COMMON)
 COMMON         0x1fff81c8        0x8 .\ARM_GCC_493\Debug\VoltageDisplay_DelSigADC.a(ADC.o)
                0x1fff81c8                ADC_Offset
                0x1fff81cc                ADC_CountsPerVolt
 COMMON         0x1fff81d0        0x4 c:/program files (x86)/cypress/psoc creator/3.3/psoc creator/import/gnu/arm/4.9.3/bin/../lib/gcc/arm-none-eabi/4.9.3/../../../../arm-none-eabi/lib/armv7-m\libg_nano.a(lib_a-reent.o)
                0x1fff81d0                errno
                0x1fff81d8                . = ALIGN (0x8)
 *fill*         0x1fff81d4        0x4 
 *(.ram.b)
                0x1fff81d8                _end = .
                0x1fff81d8                __end = .
                0x1fff81d8                PROVIDE (end, .)
                0x1fff81d8                PROVIDE (__bss_end__, .)
                0x00002458                __cy_region_init_ram = LOADADDR (.data)
                0x00000080                __cy_region_init_size_ram = (_edata - ADDR (.data))
                0x00000050                __cy_region_zero_size_ram = (_end - _edata)

.heap           0x1fff81d8     0x1000 load address 0x000024d8
                0x1fff81d8                . = _end
                0x1fff91d8                . = (. + 0x1000)
 *fill*         0x1fff81d8     0x1000 
                0x1fff91d8                __cy_heap_limit = .

.stack          0x20004000     0x4000
                0x20004000                __cy_stack_limit = .
                0x20008000                . = (. + 0x4000)
 *fill*         0x20004000     0x4000 
                0x00000001                ASSERT ((__cy_stack_limit >= __cy_heap_limit), region RAM overflowed with stack)

.cyloadermeta
 *(.cyloadermeta)

.cyloadablemeta
 *(.cyloadablemeta)

.cyconfigecc    0x80000000      0x814
 *(.cyconfigecc)
 .cyconfigecc   0x80000000      0x814 .\ARM_GCC_493\Debug\cymetadata.o
                0x80000000                cy_meta_configecc

.cycustnvl      0x90000000        0x4
 *(.cycustnvl)
 .cycustnvl     0x90000000        0x4 .\ARM_GCC_493\Debug\cymetadata.o
                0x90000000                cy_meta_custnvl

.cywolatch      0x90100000        0x4
 *(.cywolatch)
 .cywolatch     0x90100000        0x4 .\ARM_GCC_493\Debug\cymetadata.o
                0x90100000                cy_meta_wonvl

.cyeeprom       0x90200000        0x0
 *(.cyeeprom)
                0x00000001                ASSERT ((. <= ((0x90200000 + ee_offset) + ee_size)), .cyeeprom data will not fit in EEPROM)

.cyflashprotect
                0x90400000      0x100
 *(.cyflashprotect)
 .cyflashprotect
                0x90400000      0x100 .\ARM_GCC_493\Debug\cymetadata.o
                0x90400000                cy_meta_flashprotect

.cymeta         0x90500000        0xc
 *(.cymeta)
 .cymeta        0x90500000        0xc .\ARM_GCC_493\Debug\cymetadata.o
                0x90500000                cy_metadata

.rel.dyn        0x000024d8        0x0 load address 0x9050000c
 .rel.iplt      0x00000000        0x0 c:/program files (x86)/cypress/psoc creator/3.3/psoc creator/import/gnu/arm/4.9.3/bin/../lib/gcc/arm-none-eabi/4.9.3/armv7-m/crtbegin.o

.stab
 *(.stab)

.stabstr
 *(.stabstr)

.debug
 *(.debug)

.line
 *(.line)

.debug_srcinfo
 *(.debug_srcinfo)

.debug_sfnames
 *(.debug_sfnames)

.debug_aranges  0x00000000      0x760
 *(.debug_aranges)
 .debug_aranges
                0x00000000       0x20 .\ARM_GCC_493\Debug\main.o
 .debug_aranges
                0x00000020       0x18 .\ARM_GCC_493\Debug\cymetadata.o
 .debug_aranges
                0x00000038       0x40 .\ARM_GCC_493\Debug\Cm3Start.o
 .debug_aranges
                0x00000078       0x70 .\ARM_GCC_493\Debug\VoltageDisplay_DelSigADC.a(cyfitter_cfg.o)
 .debug_aranges
                0x000000e8       0xe8 .\ARM_GCC_493\Debug\VoltageDisplay_DelSigADC.a(ADC.o)
 .debug_aranges
                0x000001d0       0x38 .\ARM_GCC_493\Debug\VoltageDisplay_DelSigADC.a(ADC_INT.o)
 .debug_aranges
                0x00000208       0x90 .\ARM_GCC_493\Debug\VoltageDisplay_DelSigADC.a(LCD.o)
 .debug_aranges
                0x00000298       0x30 .\ARM_GCC_493\Debug\VoltageDisplay_DelSigADC.a(ADC_AMux.o)
 .debug_aranges
                0x000002c8       0x70 .\ARM_GCC_493\Debug\VoltageDisplay_DelSigADC.a(ADC_Ext_CP_Clk.o)
 .debug_aranges
                0x00000338       0x80 .\ARM_GCC_493\Debug\VoltageDisplay_DelSigADC.a(ADC_theACLK.o)
 .debug_aranges
                0x000003b8       0x20 .\ARM_GCC_493\Debug\VoltageDisplay_DelSigADC.a(CyBootAsmGnu.o)
 .debug_aranges
                0x000003d8      0x218 .\ARM_GCC_493\Debug\VoltageDisplay_DelSigADC.a(CyLib.o)
 .debug_aranges
                0x000005f0       0x90 .\ARM_GCC_493\Debug\VoltageDisplay_DelSigADC.a(cyPm.o)
 .debug_aranges
                0x00000680       0x78 .\ARM_GCC_493\Debug\VoltageDisplay_DelSigADC.a(CyFlash.o)
 .debug_aranges
                0x000006f8       0x68 .\ARM_GCC_493\Debug\VoltageDisplay_DelSigADC.a(CySpc.o)

.debug_pubnames
 *(.debug_pubnames)

.debug_info     0x00000000     0x333f
 *(.debug_info .gnu.linkonce.wi.*)
 .debug_info    0x00000000      0x188 .\ARM_GCC_493\Debug\main.o
 .debug_info    0x00000188      0x13e .\ARM_GCC_493\Debug\cymetadata.o
 .debug_info    0x000002c6      0x2bc .\ARM_GCC_493\Debug\Cm3Start.o
 .debug_info    0x00000582      0x43f .\ARM_GCC_493\Debug\VoltageDisplay_DelSigADC.a(cyfitter_cfg.o)
 .debug_info    0x000009c1      0x71b .\ARM_GCC_493\Debug\VoltageDisplay_DelSigADC.a(ADC.o)
 .debug_info    0x000010dc       0xcc .\ARM_GCC_493\Debug\VoltageDisplay_DelSigADC.a(ADC_INT.o)
 .debug_info    0x000011a8      0x383 .\ARM_GCC_493\Debug\VoltageDisplay_DelSigADC.a(LCD.o)
 .debug_info    0x0000152b      0x109 .\ARM_GCC_493\Debug\VoltageDisplay_DelSigADC.a(ADC_AMux.o)
 .debug_info    0x00001634      0x259 .\ARM_GCC_493\Debug\VoltageDisplay_DelSigADC.a(ADC_Ext_CP_Clk.o)
 .debug_info    0x0000188d      0x295 .\ARM_GCC_493\Debug\VoltageDisplay_DelSigADC.a(ADC_theACLK.o)
 .debug_info    0x00001b22       0xa3 .\ARM_GCC_493\Debug\VoltageDisplay_DelSigADC.a(CyBootAsmGnu.o)
 .debug_info    0x00001bc5      0xb90 .\ARM_GCC_493\Debug\VoltageDisplay_DelSigADC.a(CyLib.o)
 .debug_info    0x00002755      0x534 .\ARM_GCC_493\Debug\VoltageDisplay_DelSigADC.a(cyPm.o)
 .debug_info    0x00002c89      0x314 .\ARM_GCC_493\Debug\VoltageDisplay_DelSigADC.a(CyFlash.o)
 .debug_info    0x00002f9d      0x3a2 .\ARM_GCC_493\Debug\VoltageDisplay_DelSigADC.a(CySpc.o)

.debug_abbrev   0x00000000     0x100a
 *(.debug_abbrev)
 .debug_abbrev  0x00000000       0x9b .\ARM_GCC_493\Debug\main.o
 .debug_abbrev  0x0000009b       0x77 .\ARM_GCC_493\Debug\cymetadata.o
 .debug_abbrev  0x00000112      0x173 .\ARM_GCC_493\Debug\Cm3Start.o
 .debug_abbrev  0x00000285      0x196 .\ARM_GCC_493\Debug\VoltageDisplay_DelSigADC.a(cyfitter_cfg.o)
 .debug_abbrev  0x0000041b      0x190 .\ARM_GCC_493\Debug\VoltageDisplay_DelSigADC.a(ADC.o)
 .debug_abbrev  0x000005ab       0x42 .\ARM_GCC_493\Debug\VoltageDisplay_DelSigADC.a(ADC_INT.o)
 .debug_abbrev  0x000005ed      0x120 .\ARM_GCC_493\Debug\VoltageDisplay_DelSigADC.a(LCD.o)
 .debug_abbrev  0x0000070d       0x6f .\ARM_GCC_493\Debug\VoltageDisplay_DelSigADC.a(ADC_AMux.o)
 .debug_abbrev  0x0000077c      0x11d .\ARM_GCC_493\Debug\VoltageDisplay_DelSigADC.a(ADC_Ext_CP_Clk.o)
 .debug_abbrev  0x00000899      0x11d .\ARM_GCC_493\Debug\VoltageDisplay_DelSigADC.a(ADC_theACLK.o)
 .debug_abbrev  0x000009b6       0x14 .\ARM_GCC_493\Debug\VoltageDisplay_DelSigADC.a(CyBootAsmGnu.o)
 .debug_abbrev  0x000009ca      0x205 .\ARM_GCC_493\Debug\VoltageDisplay_DelSigADC.a(CyLib.o)
 .debug_abbrev  0x00000bcf      0x16e .\ARM_GCC_493\Debug\VoltageDisplay_DelSigADC.a(cyPm.o)
 .debug_abbrev  0x00000d3d      0x170 .\ARM_GCC_493\Debug\VoltageDisplay_DelSigADC.a(CyFlash.o)
 .debug_abbrev  0x00000ead      0x15d .\ARM_GCC_493\Debug\VoltageDisplay_DelSigADC.a(CySpc.o)

.debug_line     0x00000000     0x1e18
 *(.debug_line)
 .debug_line    0x00000000      0x1af .\ARM_GCC_493\Debug\main.o
 .debug_line    0x000001af       0x53 .\ARM_GCC_493\Debug\cymetadata.o
 .debug_line    0x00000202      0x1aa .\ARM_GCC_493\Debug\Cm3Start.o
 .debug_line    0x000003ac      0x25b .\ARM_GCC_493\Debug\VoltageDisplay_DelSigADC.a(cyfitter_cfg.o)
 .debug_line    0x00000607      0x358 .\ARM_GCC_493\Debug\VoltageDisplay_DelSigADC.a(ADC.o)
 .debug_line    0x0000095f       0x8e .\ARM_GCC_493\Debug\VoltageDisplay_DelSigADC.a(ADC_INT.o)
 .debug_line    0x000009ed      0x1eb .\ARM_GCC_493\Debug\VoltageDisplay_DelSigADC.a(LCD.o)
 .debug_line    0x00000bd8       0x9f .\ARM_GCC_493\Debug\VoltageDisplay_DelSigADC.a(ADC_AMux.o)
 .debug_line    0x00000c77      0x1c2 .\ARM_GCC_493\Debug\VoltageDisplay_DelSigADC.a(ADC_Ext_CP_Clk.o)
 .debug_line    0x00000e39      0x1e3 .\ARM_GCC_493\Debug\VoltageDisplay_DelSigADC.a(ADC_theACLK.o)
 .debug_line    0x0000101c       0x68 .\ARM_GCC_493\Debug\VoltageDisplay_DelSigADC.a(CyBootAsmGnu.o)
 .debug_line    0x00001084      0x709 .\ARM_GCC_493\Debug\VoltageDisplay_DelSigADC.a(CyLib.o)
 .debug_line    0x0000178d      0x344 .\ARM_GCC_493\Debug\VoltageDisplay_DelSigADC.a(cyPm.o)
 .debug_line    0x00001ad1      0x199 .\ARM_GCC_493\Debug\VoltageDisplay_DelSigADC.a(CyFlash.o)
 .debug_line    0x00001c6a      0x1ae .\ARM_GCC_493\Debug\VoltageDisplay_DelSigADC.a(CySpc.o)

.debug_frame    0x00000000     0x2080
 *(.debug_frame)
 .debug_frame   0x00000000       0x30 .\ARM_GCC_493\Debug\main.o
 .debug_frame   0x00000030       0xac .\ARM_GCC_493\Debug\Cm3Start.o
 .debug_frame   0x000000dc      0x1b0 .\ARM_GCC_493\Debug\VoltageDisplay_DelSigADC.a(cyfitter_cfg.o)
 .debug_frame   0x0000028c      0x40c .\ARM_GCC_493\Debug\VoltageDisplay_DelSigADC.a(ADC.o)
 .debug_frame   0x00000698       0xa0 .\ARM_GCC_493\Debug\VoltageDisplay_DelSigADC.a(ADC_INT.o)
 .debug_frame   0x00000738      0x238 .\ARM_GCC_493\Debug\VoltageDisplay_DelSigADC.a(LCD.o)
 .debug_frame   0x00000970       0x88 .\ARM_GCC_493\Debug\VoltageDisplay_DelSigADC.a(ADC_AMux.o)
 .debug_frame   0x000009f8      0x1b4 .\ARM_GCC_493\Debug\VoltageDisplay_DelSigADC.a(ADC_Ext_CP_Clk.o)
 .debug_frame   0x00000bac      0x200 .\ARM_GCC_493\Debug\VoltageDisplay_DelSigADC.a(ADC_theACLK.o)
 .debug_frame   0x00000dac      0x9a8 .\ARM_GCC_493\Debug\VoltageDisplay_DelSigADC.a(CyLib.o)
 .debug_frame   0x00001754      0x218 .\ARM_GCC_493\Debug\VoltageDisplay_DelSigADC.a(cyPm.o)
 .debug_frame   0x0000196c      0x1d0 .\ARM_GCC_493\Debug\VoltageDisplay_DelSigADC.a(CyFlash.o)
 .debug_frame   0x00001b3c      0x1a8 .\ARM_GCC_493\Debug\VoltageDisplay_DelSigADC.a(CySpc.o)
 .debug_frame   0x00001ce4       0x28 c:/program files (x86)/cypress/psoc creator/3.3/psoc creator/import/gnu/arm/4.9.3/bin/../lib/gcc/arm-none-eabi/4.9.3/../../../../arm-none-eabi/lib/armv7-m\libg_nano.a(lib_a-exit.o)
 .debug_frame   0x00001d0c       0x2c c:/program files (x86)/cypress/psoc creator/3.3/psoc creator/import/gnu/arm/4.9.3/bin/../lib/gcc/arm-none-eabi/4.9.3/../../../../arm-none-eabi/lib/armv7-m\libg_nano.a(lib_a-init.o)
 .debug_frame   0x00001d38       0x28 c:/program files (x86)/cypress/psoc creator/3.3/psoc creator/import/gnu/arm/4.9.3/bin/../lib/gcc/arm-none-eabi/4.9.3/../../../../arm-none-eabi/lib/armv7-m\libg_nano.a(lib_a-memcpy.o)
 .debug_frame   0x00001d60       0x20 c:/program files (x86)/cypress/psoc creator/3.3/psoc creator/import/gnu/arm/4.9.3/bin/../lib/gcc/arm-none-eabi/4.9.3/../../../../arm-none-eabi/lib/armv7-m\libg_nano.a(lib_a-memset.o)
 .debug_frame   0x00001d80       0x70 c:/program files (x86)/cypress/psoc creator/3.3/psoc creator/import/gnu/arm/4.9.3/bin/../lib/gcc/arm-none-eabi/4.9.3/../../../../arm-none-eabi/lib/armv7-m\libg_nano.a(lib_a-sprintf.o)
 .debug_frame   0x00001df0       0x8c c:/program files (x86)/cypress/psoc creator/3.3/psoc creator/import/gnu/arm/4.9.3/bin/../lib/gcc/arm-none-eabi/4.9.3/../../../../arm-none-eabi/lib/armv7-m\libg_nano.a(lib_a-nano-svfprintf.o)
 .debug_frame   0x00001e7c       0x58 c:/program files (x86)/cypress/psoc creator/3.3/psoc creator/import/gnu/arm/4.9.3/bin/../lib/gcc/arm-none-eabi/4.9.3/../../../../arm-none-eabi/lib/armv7-m\libg_nano.a(lib_a-nano-vfprintf_i.o)
 .debug_frame   0x00001ed4       0x28 c:/program files (x86)/cypress/psoc creator/3.3/psoc creator/import/gnu/arm/4.9.3/bin/../lib/gcc/arm-none-eabi/4.9.3/../../../../arm-none-eabi/lib/armv7-m\libg_nano.a(lib_a-memchr.o)
 .debug_frame   0x00001efc       0x28 c:/program files (x86)/cypress/psoc creator/3.3/psoc creator/import/gnu/arm/4.9.3/bin/../lib/gcc/arm-none-eabi/4.9.3/../../../../arm-none-eabi/lib/armv7-m\libg_nano.a(lib_a-memmove.o)
 .debug_frame   0x00001f24       0x2c c:/program files (x86)/cypress/psoc creator/3.3/psoc creator/import/gnu/arm/4.9.3/bin/../lib/gcc/arm-none-eabi/4.9.3/../../../../arm-none-eabi/lib/armv7-m\libg_nano.a(lib_a-nano-freer.o)
 .debug_frame   0x00001f50       0x2c c:/program files (x86)/cypress/psoc creator/3.3/psoc creator/import/gnu/arm/4.9.3/bin/../lib/gcc/arm-none-eabi/4.9.3/../../../../arm-none-eabi/lib/armv7-m\libg_nano.a(lib_a-nano-mallocr.o)
 .debug_frame   0x00001f7c       0x3c c:/program files (x86)/cypress/psoc creator/3.3/psoc creator/import/gnu/arm/4.9.3/bin/../lib/gcc/arm-none-eabi/4.9.3/../../../../arm-none-eabi/lib/armv7-m\libg_nano.a(lib_a-nano-reallocr.o)
 .debug_frame   0x00001fb8       0x2c c:/program files (x86)/cypress/psoc creator/3.3/psoc creator/import/gnu/arm/4.9.3/bin/../lib/gcc/arm-none-eabi/4.9.3/../../../../arm-none-eabi/lib/armv7-m\libg_nano.a(lib_a-sbrkr.o)
 .debug_frame   0x00001fe4       0x20 c:/program files (x86)/cypress/psoc creator/3.3/psoc creator/import/gnu/arm/4.9.3/bin/../lib/gcc/arm-none-eabi/4.9.3/../../../../arm-none-eabi/lib/armv7-m\libg_nano.a(lib_a-nano-msizer.o)
 .debug_frame   0x00002004       0x5c c:/program files (x86)/cypress/psoc creator/3.3/psoc creator/import/gnu/arm/4.9.3/bin/../lib/gcc/arm-none-eabi/4.9.3/../../../../arm-none-eabi/lib/armv7-m\libg_nano.a(lib_a-reent.o)
 .debug_frame   0x00002060       0x20 c:/program files (x86)/cypress/psoc creator/3.3/psoc creator/import/gnu/arm/4.9.3/bin/../lib/gcc/arm-none-eabi/4.9.3/../../../../arm-none-eabi/lib/armv7-m\libnosys.a(sbrk.o)

.debug_str      0x00000000     0x1931
 *(.debug_str)
 .debug_str     0x00000000      0x1b2 .\ARM_GCC_493\Debug\main.o
                                0x1ff (size before relaxing)
 .debug_str     0x000001b2       0x77 .\ARM_GCC_493\Debug\cymetadata.o
                                0x1fd (size before relaxing)
 .debug_str     0x00000229      0x114 .\ARM_GCC_493\Debug\Cm3Start.o
                                0x2b9 (size before relaxing)
 .debug_str     0x0000033d      0x1cf .\ARM_GCC_493\Debug\VoltageDisplay_DelSigADC.a(cyfitter_cfg.o)
                                0x36d (size before relaxing)
 .debug_str     0x0000050c      0x2f8 .\ARM_GCC_493\Debug\VoltageDisplay_DelSigADC.a(ADC.o)
                                0x4e6 (size before relaxing)
 .debug_str     0x00000804       0x47 .\ARM_GCC_493\Debug\VoltageDisplay_DelSigADC.a(ADC_INT.o)
                                0x1c7 (size before relaxing)
 .debug_str     0x0000084b      0x167 .\ARM_GCC_493\Debug\VoltageDisplay_DelSigADC.a(LCD.o)
                                0x2ff (size before relaxing)
 .debug_str     0x000009b2       0x71 .\ARM_GCC_493\Debug\VoltageDisplay_DelSigADC.a(ADC_AMux.o)
                                0x1f6 (size before relaxing)
 .debug_str     0x00000a23      0x1b6 .\ARM_GCC_493\Debug\VoltageDisplay_DelSigADC.a(ADC_Ext_CP_Clk.o)
                                0x355 (size before relaxing)
 .debug_str     0x00000bd9      0x18c .\ARM_GCC_493\Debug\VoltageDisplay_DelSigADC.a(ADC_theACLK.o)
                                0x374 (size before relaxing)
 .debug_str     0x00000d65      0x62d .\ARM_GCC_493\Debug\VoltageDisplay_DelSigADC.a(CyLib.o)
                                0x81f (size before relaxing)
 .debug_str     0x00001392      0x371 .\ARM_GCC_493\Debug\VoltageDisplay_DelSigADC.a(cyPm.o)
                                0x52e (size before relaxing)
 .debug_str     0x00001703      0x130 .\ARM_GCC_493\Debug\VoltageDisplay_DelSigADC.a(CyFlash.o)
                                0x2f4 (size before relaxing)
 .debug_str     0x00001833       0xfe .\ARM_GCC_493\Debug\VoltageDisplay_DelSigADC.a(CySpc.o)
                                0x2d0 (size before relaxing)

.debug_loc
 *(.debug_loc)

.debug_macinfo
 *(.debug_macinfo)

.debug_ranges   0x00000000      0x658
 *(.debug_ranges)
 .debug_ranges  0x00000000       0x10 .\ARM_GCC_493\Debug\main.o
 .debug_ranges  0x00000010       0x30 .\ARM_GCC_493\Debug\Cm3Start.o
 .debug_ranges  0x00000040       0x60 .\ARM_GCC_493\Debug\VoltageDisplay_DelSigADC.a(cyfitter_cfg.o)
 .debug_ranges  0x000000a0       0xd8 .\ARM_GCC_493\Debug\VoltageDisplay_DelSigADC.a(ADC.o)
 .debug_ranges  0x00000178       0x28 .\ARM_GCC_493\Debug\VoltageDisplay_DelSigADC.a(ADC_INT.o)
 .debug_ranges  0x000001a0       0x80 .\ARM_GCC_493\Debug\VoltageDisplay_DelSigADC.a(LCD.o)
 .debug_ranges  0x00000220       0x20 .\ARM_GCC_493\Debug\VoltageDisplay_DelSigADC.a(ADC_AMux.o)
 .debug_ranges  0x00000240       0x60 .\ARM_GCC_493\Debug\VoltageDisplay_DelSigADC.a(ADC_Ext_CP_Clk.o)
 .debug_ranges  0x000002a0       0x70 .\ARM_GCC_493\Debug\VoltageDisplay_DelSigADC.a(ADC_theACLK.o)
 .debug_ranges  0x00000310      0x208 .\ARM_GCC_493\Debug\VoltageDisplay_DelSigADC.a(CyLib.o)
 .debug_ranges  0x00000518       0x80 .\ARM_GCC_493\Debug\VoltageDisplay_DelSigADC.a(cyPm.o)
 .debug_ranges  0x00000598       0x68 .\ARM_GCC_493\Debug\VoltageDisplay_DelSigADC.a(CyFlash.o)
 .debug_ranges  0x00000600       0x58 .\ARM_GCC_493\Debug\VoltageDisplay_DelSigADC.a(CySpc.o)

.comment        0x00000000       0x70
 .comment       0x00000000       0x70 .\ARM_GCC_493\Debug\main.o
                                 0x71 (size before relaxing)
 .comment       0x00000000       0x71 .\ARM_GCC_493\Debug\cymetadata.o
 .comment       0x00000000       0x71 .\ARM_GCC_493\Debug\Cm3Start.o
 .comment       0x00000000       0x71 .\ARM_GCC_493\Debug\VoltageDisplay_DelSigADC.a(cyfitter_cfg.o)
 .comment       0x00000000       0x71 .\ARM_GCC_493\Debug\VoltageDisplay_DelSigADC.a(ADC.o)
 .comment       0x00000000       0x71 .\ARM_GCC_493\Debug\VoltageDisplay_DelSigADC.a(ADC_INT.o)
 .comment       0x00000000       0x71 .\ARM_GCC_493\Debug\VoltageDisplay_DelSigADC.a(LCD.o)
 .comment       0x00000000       0x71 .\ARM_GCC_493\Debug\VoltageDisplay_DelSigADC.a(ADC_AMux.o)
 .comment       0x00000000       0x71 .\ARM_GCC_493\Debug\VoltageDisplay_DelSigADC.a(ADC_Ext_CP_Clk.o)
 .comment       0x00000000       0x71 .\ARM_GCC_493\Debug\VoltageDisplay_DelSigADC.a(ADC_theACLK.o)
 .comment       0x00000000       0x71 .\ARM_GCC_493\Debug\VoltageDisplay_DelSigADC.a(CyLib.o)
 .comment       0x00000000       0x71 .\ARM_GCC_493\Debug\VoltageDisplay_DelSigADC.a(cyPm.o)
 .comment       0x00000000       0x71 .\ARM_GCC_493\Debug\VoltageDisplay_DelSigADC.a(CyFlash.o)
 .comment       0x00000000       0x71 .\ARM_GCC_493\Debug\VoltageDisplay_DelSigADC.a(CySpc.o)

.debug_weaknames
 *(.debug_weaknames)

.debug_funcnames
 *(.debug_funcnames)

.debug_typenames
 *(.debug_typenames)

.debug_varnames
 *(.debug_varnames)

.note.gnu.arm.ident
 *(.note.gnu.arm.ident)

.ARM.attributes
                0x00000000       0x29
 *(.ARM.attributes)
 .ARM.attributes
                0x00000000       0x1d c:/program files (x86)/cypress/psoc creator/3.3/psoc creator/import/gnu/arm/4.9.3/bin/../lib/gcc/arm-none-eabi/4.9.3/armv7-m/crti.o
 .ARM.attributes
                0x0000001d       0x2d c:/program files (x86)/cypress/psoc creator/3.3/psoc creator/import/gnu/arm/4.9.3/bin/../lib/gcc/arm-none-eabi/4.9.3/armv7-m/crtbegin.o
 .ARM.attributes
                0x0000004a       0x1b c:/program files (x86)/cypress/psoc creator/3.3/psoc creator/import/gnu/arm/4.9.3/bin/../lib/gcc/arm-none-eabi/4.9.3/../../../../arm-none-eabi/lib/armv7-m/crt0.o
 .ARM.attributes
                0x00000065       0x33 .\ARM_GCC_493\Debug\main.o
 .ARM.attributes
                0x00000098       0x33 .\ARM_GCC_493\Debug\cymetadata.o
 .ARM.attributes
                0x000000cb       0x33 .\ARM_GCC_493\Debug\Cm3Start.o
 .ARM.attributes
                0x000000fe       0x33 .\ARM_GCC_493\Debug\VoltageDisplay_DelSigADC.a(cyfitter_cfg.o)
 .ARM.attributes
                0x00000131       0x33 .\ARM_GCC_493\Debug\VoltageDisplay_DelSigADC.a(ADC.o)
 .ARM.attributes
                0x00000164       0x33 .\ARM_GCC_493\Debug\VoltageDisplay_DelSigADC.a(ADC_INT.o)
 .ARM.attributes
                0x00000197       0x33 .\ARM_GCC_493\Debug\VoltageDisplay_DelSigADC.a(LCD.o)
 .ARM.attributes
                0x000001ca       0x33 .\ARM_GCC_493\Debug\VoltageDisplay_DelSigADC.a(ADC_AMux.o)
 .ARM.attributes
                0x000001fd       0x33 .\ARM_GCC_493\Debug\VoltageDisplay_DelSigADC.a(ADC_Ext_CP_Clk.o)
 .ARM.attributes
                0x00000230       0x33 .\ARM_GCC_493\Debug\VoltageDisplay_DelSigADC.a(ADC_theACLK.o)
 .ARM.attributes
                0x00000263       0x21 .\ARM_GCC_493\Debug\VoltageDisplay_DelSigADC.a(CyBootAsmGnu.o)
 .ARM.attributes
                0x00000284       0x33 .\ARM_GCC_493\Debug\VoltageDisplay_DelSigADC.a(CyLib.o)
 .ARM.attributes
                0x000002b7       0x33 .\ARM_GCC_493\Debug\VoltageDisplay_DelSigADC.a(cyPm.o)
 .ARM.attributes
                0x000002ea       0x33 .\ARM_GCC_493\Debug\VoltageDisplay_DelSigADC.a(CyFlash.o)
 .ARM.attributes
                0x0000031d       0x33 .\ARM_GCC_493\Debug\VoltageDisplay_DelSigADC.a(CySpc.o)
 .ARM.attributes
                0x00000350       0x1d c:/program files (x86)/cypress/psoc creator/3.3/psoc creator/import/gnu/arm/4.9.3/bin/../lib/gcc/arm-none-eabi/4.9.3/armv7-m\libgcc.a(_arm_addsubdf3.o)
 .ARM.attributes
                0x0000036d       0x1d c:/program files (x86)/cypress/psoc creator/3.3/psoc creator/import/gnu/arm/4.9.3/bin/../lib/gcc/arm-none-eabi/4.9.3/armv7-m\libgcc.a(_arm_cmpdf2.o)
 .ARM.attributes
                0x0000038a       0x1d c:/program files (x86)/cypress/psoc creator/3.3/psoc creator/import/gnu/arm/4.9.3/bin/../lib/gcc/arm-none-eabi/4.9.3/armv7-m\libgcc.a(_arm_addsubsf3.o)
 .ARM.attributes
                0x000003a7       0x1d c:/program files (x86)/cypress/psoc creator/3.3/psoc creator/import/gnu/arm/4.9.3/bin/../lib/gcc/arm-none-eabi/4.9.3/armv7-m\libgcc.a(_arm_muldivsf3.o)
 .ARM.attributes
                0x000003c4       0x1d c:/program files (x86)/cypress/psoc creator/3.3/psoc creator/import/gnu/arm/4.9.3/bin/../lib/gcc/arm-none-eabi/4.9.3/armv7-m\libgcc.a(_arm_fixunssfsi.o)
 .ARM.attributes
                0x000003e1       0x2d c:/program files (x86)/cypress/psoc creator/3.3/psoc creator/import/gnu/arm/4.9.3/bin/../lib/gcc/arm-none-eabi/4.9.3/../../../../arm-none-eabi/lib/armv7-m\libg_nano.a(lib_a-exit.o)
 .ARM.attributes
                0x0000040e       0x2d c:/program files (x86)/cypress/psoc creator/3.3/psoc creator/import/gnu/arm/4.9.3/bin/../lib/gcc/arm-none-eabi/4.9.3/../../../../arm-none-eabi/lib/armv7-m\libg_nano.a(lib_a-impure.o)
 .ARM.attributes
                0x0000043b       0x2d c:/program files (x86)/cypress/psoc creator/3.3/psoc creator/import/gnu/arm/4.9.3/bin/../lib/gcc/arm-none-eabi/4.9.3/../../../../arm-none-eabi/lib/armv7-m\libg_nano.a(lib_a-init.o)
 .ARM.attributes
                0x00000468       0x2d c:/program files (x86)/cypress/psoc creator/3.3/psoc creator/import/gnu/arm/4.9.3/bin/../lib/gcc/arm-none-eabi/4.9.3/../../../../arm-none-eabi/lib/armv7-m\libg_nano.a(lib_a-memcpy.o)
 .ARM.attributes
                0x00000495       0x2d c:/program files (x86)/cypress/psoc creator/3.3/psoc creator/import/gnu/arm/4.9.3/bin/../lib/gcc/arm-none-eabi/4.9.3/../../../../arm-none-eabi/lib/armv7-m\libg_nano.a(lib_a-memset.o)
 .ARM.attributes
                0x000004c2       0x2d c:/program files (x86)/cypress/psoc creator/3.3/psoc creator/import/gnu/arm/4.9.3/bin/../lib/gcc/arm-none-eabi/4.9.3/../../../../arm-none-eabi/lib/armv7-m\libg_nano.a(lib_a-sprintf.o)
 .ARM.attributes
                0x000004ef       0x2d c:/program files (x86)/cypress/psoc creator/3.3/psoc creator/import/gnu/arm/4.9.3/bin/../lib/gcc/arm-none-eabi/4.9.3/../../../../arm-none-eabi/lib/armv7-m\libg_nano.a(lib_a-nano-svfprintf.o)
 .ARM.attributes
                0x0000051c       0x2d c:/program files (x86)/cypress/psoc creator/3.3/psoc creator/import/gnu/arm/4.9.3/bin/../lib/gcc/arm-none-eabi/4.9.3/../../../../arm-none-eabi/lib/armv7-m\libg_nano.a(lib_a-nano-vfprintf_i.o)
 .ARM.attributes
                0x00000549       0x2d c:/program files (x86)/cypress/psoc creator/3.3/psoc creator/import/gnu/arm/4.9.3/bin/../lib/gcc/arm-none-eabi/4.9.3/../../../../arm-none-eabi/lib/armv7-m\libg_nano.a(lib_a-memchr.o)
 .ARM.attributes
                0x00000576       0x2d c:/program files (x86)/cypress/psoc creator/3.3/psoc creator/import/gnu/arm/4.9.3/bin/../lib/gcc/arm-none-eabi/4.9.3/../../../../arm-none-eabi/lib/armv7-m\libg_nano.a(lib_a-memmove.o)
 .ARM.attributes
                0x000005a3       0x2d c:/program files (x86)/cypress/psoc creator/3.3/psoc creator/import/gnu/arm/4.9.3/bin/../lib/gcc/arm-none-eabi/4.9.3/../../../../arm-none-eabi/lib/armv7-m\libg_nano.a(lib_a-nano-freer.o)
 .ARM.attributes
                0x000005d0       0x2d c:/program files (x86)/cypress/psoc creator/3.3/psoc creator/import/gnu/arm/4.9.3/bin/../lib/gcc/arm-none-eabi/4.9.3/../../../../arm-none-eabi/lib/armv7-m\libg_nano.a(lib_a-nano-mallocr.o)
 .ARM.attributes
                0x000005fd       0x2d c:/program files (x86)/cypress/psoc creator/3.3/psoc creator/import/gnu/arm/4.9.3/bin/../lib/gcc/arm-none-eabi/4.9.3/../../../../arm-none-eabi/lib/armv7-m\libg_nano.a(lib_a-nano-reallocr.o)
 .ARM.attributes
                0x0000062a       0x2d c:/program files (x86)/cypress/psoc creator/3.3/psoc creator/import/gnu/arm/4.9.3/bin/../lib/gcc/arm-none-eabi/4.9.3/../../../../arm-none-eabi/lib/armv7-m\libg_nano.a(lib_a-sbrkr.o)
 .ARM.attributes
                0x00000657       0x2d c:/program files (x86)/cypress/psoc creator/3.3/psoc creator/import/gnu/arm/4.9.3/bin/../lib/gcc/arm-none-eabi/4.9.3/../../../../arm-none-eabi/lib/armv7-m\libg_nano.a(lib_a-nano-msizer.o)
 .ARM.attributes
                0x00000684       0x2d c:/program files (x86)/cypress/psoc creator/3.3/psoc creator/import/gnu/arm/4.9.3/bin/../lib/gcc/arm-none-eabi/4.9.3/../../../../arm-none-eabi/lib/armv7-m\libg_nano.a(lib_a-reent.o)
 .ARM.attributes
                0x000006b1       0x2d c:/program files (x86)/cypress/psoc creator/3.3/psoc creator/import/gnu/arm/4.9.3/bin/../lib/gcc/arm-none-eabi/4.9.3/armv7-m/crtend.o
 .ARM.attributes
                0x000006de       0x1d c:/program files (x86)/cypress/psoc creator/3.3/psoc creator/import/gnu/arm/4.9.3/bin/../lib/gcc/arm-none-eabi/4.9.3/armv7-m/crtn.o
 .ARM.attributes
                0x000006fb       0x2d c:/program files (x86)/cypress/psoc creator/3.3/psoc creator/import/gnu/arm/4.9.3/bin/../lib/gcc/arm-none-eabi/4.9.3/../../../../arm-none-eabi/lib/armv7-m\libnosys.a(sbrk.o)

/DISCARD/
 *(.note.GNU-stack)
OUTPUT(.\ARM_GCC_493\Debug\VoltageDisplay_DelSigADC.elf elf32-littlearm)
