Archive member included because of file (symbol)

.\ARM_GCC_493\Debug\IDAC8(SAR-POT).a(cyfitter_cfg.o)
                              .\ARM_GCC_493\Debug\Cm3Start.o (cyfitter_cfg)
.\ARM_GCC_493\Debug\IDAC8(SAR-POT).a(IDAC8_1.o)
                              .\ARM_GCC_493\Debug\main.o (IDAC8_1_Start)
.\ARM_GCC_493\Debug\IDAC8(SAR-POT).a(LCD.o)
                              .\ARM_GCC_493\Debug\main.o (LCD_Start)
.\ARM_GCC_493\Debug\IDAC8(SAR-POT).a(ADC.o)
                              .\ARM_GCC_493\Debug\main.o (ADC_Start)
.\ARM_GCC_493\Debug\IDAC8(SAR-POT).a(ADC_INT.o)
                              .\ARM_GCC_493\Debug\IDAC8(SAR-POT).a(ADC.o) (ADC_ISR)
.\ARM_GCC_493\Debug\IDAC8(SAR-POT).a(ADC_theACLK.o)
                              .\ARM_GCC_493\Debug\IDAC8(SAR-POT).a(ADC.o) (ADC_theACLK_SetModeRegister)
.\ARM_GCC_493\Debug\IDAC8(SAR-POT).a(CyBootAsmGnu.o)
                              .\ARM_GCC_493\Debug\IDAC8(SAR-POT).a(cyfitter_cfg.o) (CyDelayCycles)
.\ARM_GCC_493\Debug\IDAC8(SAR-POT).a(CyLib.o)
                              .\ARM_GCC_493\Debug\Cm3Start.o (CyResetStatus)
.\ARM_GCC_493\Debug\IDAC8(SAR-POT).a(cyPm.o)
                              .\ARM_GCC_493\Debug\IDAC8(SAR-POT).a(CyLib.o) (CyPmReadStatus)
.\ARM_GCC_493\Debug\IDAC8(SAR-POT).a(CyFlash.o)
                              .\ARM_GCC_493\Debug\IDAC8(SAR-POT).a(cyPm.o) (CyFlash_SetWaitCycles)
.\ARM_GCC_493\Debug\IDAC8(SAR-POT).a(CySpc.o)
                              .\ARM_GCC_493\Debug\IDAC8(SAR-POT).a(CyFlash.o) (CySpcStart)
c:/program files (x86)/cypress/psoc creator/3.3/psoc creator/import/gnu/arm/4.9.3/bin/../lib/gcc/arm-none-eabi/4.9.3/armv7-m\libgcc.a(_arm_addsubsf3.o)
                              .\ARM_GCC_493\Debug\IDAC8(SAR-POT).a(ADC.o) (__aeabi_i2f)
c:/program files (x86)/cypress/psoc creator/3.3/psoc creator/import/gnu/arm/4.9.3/bin/../lib/gcc/arm-none-eabi/4.9.3/armv7-m\libgcc.a(_arm_muldivsf3.o)
                              .\ARM_GCC_493\Debug\IDAC8(SAR-POT).a(ADC.o) (__aeabi_fmul)
c:/program files (x86)/cypress/psoc creator/3.3/psoc creator/import/gnu/arm/4.9.3/bin/../lib/gcc/arm-none-eabi/4.9.3/armv7-m\libgcc.a(_aeabi_ldivmod.o)
                              .\ARM_GCC_493\Debug\IDAC8(SAR-POT).a(ADC.o) (__aeabi_ldivmod)
c:/program files (x86)/cypress/psoc creator/3.3/psoc creator/import/gnu/arm/4.9.3/bin/../lib/gcc/arm-none-eabi/4.9.3/armv7-m\libgcc.a(bpabi.o)
                              c:/program files (x86)/cypress/psoc creator/3.3/psoc creator/import/gnu/arm/4.9.3/bin/../lib/gcc/arm-none-eabi/4.9.3/armv7-m\libgcc.a(_aeabi_ldivmod.o) (__gnu_ldivmod_helper)
c:/program files (x86)/cypress/psoc creator/3.3/psoc creator/import/gnu/arm/4.9.3/bin/../lib/gcc/arm-none-eabi/4.9.3/armv7-m\libgcc.a(_dvmd_tls.o)
                              c:/program files (x86)/cypress/psoc creator/3.3/psoc creator/import/gnu/arm/4.9.3/bin/../lib/gcc/arm-none-eabi/4.9.3/armv7-m\libgcc.a(_aeabi_ldivmod.o) (__aeabi_ldiv0)
c:/program files (x86)/cypress/psoc creator/3.3/psoc creator/import/gnu/arm/4.9.3/bin/../lib/gcc/arm-none-eabi/4.9.3/armv7-m\libgcc.a(_divdi3.o)
                              c:/program files (x86)/cypress/psoc creator/3.3/psoc creator/import/gnu/arm/4.9.3/bin/../lib/gcc/arm-none-eabi/4.9.3/armv7-m\libgcc.a(bpabi.o) (__divdi3)
c:/program files (x86)/cypress/psoc creator/3.3/psoc creator/import/gnu/arm/4.9.3/bin/../lib/gcc/arm-none-eabi/4.9.3/armv7-m\libgcc.a(_udivdi3.o)
                              c:/program files (x86)/cypress/psoc creator/3.3/psoc creator/import/gnu/arm/4.9.3/bin/../lib/gcc/arm-none-eabi/4.9.3/armv7-m\libgcc.a(bpabi.o) (__udivdi3)
c:/program files (x86)/cypress/psoc creator/3.3/psoc creator/import/gnu/arm/4.9.3/bin/../lib/gcc/arm-none-eabi/4.9.3/../../../../arm-none-eabi/lib/armv7-m\libg_nano.a(lib_a-errno.o)
                              .\ARM_GCC_493\Debug\Cm3Start.o (__errno)
c:/program files (x86)/cypress/psoc creator/3.3/psoc creator/import/gnu/arm/4.9.3/bin/../lib/gcc/arm-none-eabi/4.9.3/../../../../arm-none-eabi/lib/armv7-m\libg_nano.a(lib_a-exit.o)
                              c:/program files (x86)/cypress/psoc creator/3.3/psoc creator/import/gnu/arm/4.9.3/bin/../lib/gcc/arm-none-eabi/4.9.3/../../../../arm-none-eabi/lib/armv7-m/crt0.o (exit)
c:/program files (x86)/cypress/psoc creator/3.3/psoc creator/import/gnu/arm/4.9.3/bin/../lib/gcc/arm-none-eabi/4.9.3/../../../../arm-none-eabi/lib/armv7-m\libg_nano.a(lib_a-impure.o)
                              c:/program files (x86)/cypress/psoc creator/3.3/psoc creator/import/gnu/arm/4.9.3/bin/../lib/gcc/arm-none-eabi/4.9.3/../../../../arm-none-eabi/lib/armv7-m\libg_nano.a(lib_a-exit.o) (_global_impure_ptr)
c:/program files (x86)/cypress/psoc creator/3.3/psoc creator/import/gnu/arm/4.9.3/bin/../lib/gcc/arm-none-eabi/4.9.3/../../../../arm-none-eabi/lib/armv7-m\libg_nano.a(lib_a-init.o)
[...]
Memory Configuration

Name             Origin             Length             Attributes
rom              0x00000000         0x00040000         xr
ram              0x1fff8000         0x00010000         xrw
*default*        0x00000000         0xffffffff

Linker script and memory map

LOAD c:/program files (x86)/cypress/psoc creator/3.3/psoc creator/import/gnu/arm/4.9.3/bin/../lib/gcc/arm-none-eabi/4.9.3/armv7-m/crti.o
LOAD c:/program files (x86)/cypress/psoc creator/3.3/psoc creator/import/gnu/arm/4.9.3/bin/../lib/gcc/arm-none-eabi/4.9.3/armv7-m/crtbegin.o
LOAD c:/program files (x86)/cypress/psoc creator/3.3/psoc creator/import/gnu/arm/4.9.3/bin/../lib/gcc/arm-none-eabi/4.9.3/../../../../arm-none-eabi/lib/armv7-m/crt0.o
START GROUP
LOAD .\ARM_GCC_493\Debug\main.o
LOAD .\ARM_GCC_493\Debug\cymetadata.o
LOAD .\ARM_GCC_493\Debug\Cm3Start.o
LOAD .\ARM_GCC_493\Debug\IDAC8(SAR-POT).a
LOAD C:\Program Files (x86)\Cypress\PSoC Creator\3.3\PSoC Creator\psoc\content\cycomponentlibrary\CyComponentLibrary.cylib\CortexM3\ARM_GCC_493\Debug\CyComponentLibrary.a
END GROUP
START GROUP
LOAD c:/program files (x86)/cypress/psoc creator/3.3/psoc creator/import/gnu/arm/4.9.3/bin/../lib/gcc/arm-none-eabi/4.9.3/armv7-m\libgcc.a
LOAD c:/program files (x86)/cypress/psoc creator/3.3/psoc creator/import/gnu/arm/4.9.3/bin/../lib/gcc/arm-none-eabi/4.9.3/../../../../arm-none-eabi/lib/armv7-m\libg_nano.a
LOAD c:/program files (x86)/cypress/psoc creator/3.3/psoc creator/import/gnu/arm/4.9.3/bin/../lib/gcc/arm-none-eabi/4.9.3/../../../../arm-none-eabi/lib/armv7-m\libc_nano.a
END GROUP
START GROUP
LOAD c:/program files (x86)/cypress/psoc creator/3.3/psoc creator/import/gnu/arm/4.9.3/bin/../lib/gcc/arm-none-eabi/4.9.3/armv7-m\libgcc.a
LOAD c:/program files (x86)/cypress/psoc creator/3.3/psoc creator/import/gnu/arm/4.9.3/bin/../lib/gcc/arm-none-eabi/4.9.3/../../../../arm-none-eabi/lib/armv7-m\libc_nano.a
END GROUP
LOAD c:/program files (x86)/cypress/psoc creator/3.3/psoc creator/import/gnu/arm/4.9.3/bin/../lib/gcc/arm-none-eabi/4.9.3/armv7-m/crtend.o
LOAD c:/program files (x86)/cypress/psoc creator/3.3/psoc creator/import/gnu/arm/4.9.3/bin/../lib/gcc/arm-none-eabi/4.9.3/armv7-m/crtn.o
START GROUP
LOAD c:/program files (x86)/cypress/psoc creator/3.3/psoc creator/import/gnu/arm/4.9.3/bin/../lib/gcc/arm-none-eabi/4.9.3/armv7-m\libgcc.a
LOAD c:/program files (x86)/cypress/psoc creator/3.3/psoc creator/import/gnu/arm/4.9.3/bin/../lib/gcc/arm-none-eabi/4.9.3/../../../../arm-none-eabi/lib/armv7-m\libc.a
LOAD c:/program files (x86)/cypress/psoc creator/3.3/psoc creator/import/gnu/arm/4.9.3/bin/../lib/gcc/arm-none-eabi/4.9.3/../../../../arm-none-eabi/lib/armv7-m\libnosys.a
END GROUP
                0x00000000                CY_APPL_ORIGIN = 0x0
                0x00000100                CY_FLASH_ROW_SIZE = 0x100
                0x00000020                CY_ECC_ROW_SIZE = 0x20
                0x00000000                CY_EE_IN_BTLDR = 0x0
                0x00000000                CY_APPL_LOADABLE = 0x0
                0x00000800                CY_EE_SIZE = 0x800
                0x00000001                CY_APPL_NUM = 0x1
                0x00000001                CY_APPL_MAX = 0x1
                0x00000040                CY_METADATA_SIZE = 0x40
                0x00000000                CY_APPL_LOADABLE = 0x0
                0x00000000                CY_CHECKSUM_EXCLUDE_SIZE = ALIGN (0x0, CY_FLASH_ROW_SIZE)
                0x1fff81c0                PROVIDE (__cy_heap_start, _end)
                0x00000001                PROVIDE (__cy_region_num, ((__cy_regions_end - __cy_regions) / 0x10))
                0x20008000                PROVIDE (__cy_stack, (ORIGIN (ram) + 0x10000))
                0x20007800                PROVIDE (__cy_heap_end, (__cy_stack - 0x800))

.cybootloader   0x00000000        0x0
 *(.cybootloader)
                0x00000000                appl1_start = CY_APPL_ORIGIN?CY_APPL_ORIGIN:ALIGN (CY_FLASH_ROW_SIZE)
                0x0001ff00                appl2_start = (appl1_start + ALIGN ((((0x40000 - appl1_start) - (0x2 * CY_FLASH_ROW_SIZE)) / 0x2), CY_FLASH_ROW_SIZE))
                0x00000000                appl_start = (CY_APPL_NUM == 0x1)?appl1_start:appl2_start
                0x00000000                ecc_offset = ((appl_start / CY_FLASH_ROW_SIZE) * CY_ECC_ROW_SIZE)
                0x00000000                ee_offset = (CY_APPL_LOADABLE && ! (CY_EE_IN_BTLDR))?((CY_EE_SIZE / CY_APPL_MAX) * (CY_APPL_NUM - 0x1)):0x0
                0x00000800                ee_size = (CY_APPL_LOADABLE && ! (CY_EE_IN_BTLDR))?(CY_EE_SIZE / CY_APPL_MAX):CY_EE_SIZE
                0x00000000                PROVIDE (CY_ECC_OFFSET, ecc_offset)

.text           0x00000000     0x18e0
 CREATE_OBJECT_SYMBOLS
                0x00000000                PROVIDE (__cy_interrupt_vector, RomVectors)
 *(.romvectors)
 .romvectors    0x00000000       0x10 .\ARM_GCC_493\Debug\Cm3Start.o
                0x00000000                RomVectors
                0x00000001                ASSERT ((. != __cy_interrupt_vector), No interrupt vector)
                0x00000001                ASSERT (CY_APPL_ORIGIN?(SIZEOF (.cybootloader) <= CY_APPL_ORIGIN):0x1, Wrong image location)
                0x00000010                PROVIDE (__cy_reset, Reset)
 *(.text.Reset)
 .text.Reset    0x00000010       0x18 .\ARM_GCC_493\Debug\Cm3Start.o
                0x00000010                Reset
                0x00000001                ASSERT ((. != __cy_reset), No reset code)
 *(.dma_init)
                0x00000001                ASSERT ((((appl_start + .) <= 0x10000) || 0x1), DMA Init must be within the first 64k of flash)
 *(.text .text.* .gnu.linkonce.t.*)
 .text          0x00000028       0x5c c:/program files (x86)/cypress/psoc creator/3.3/psoc creator/import/gnu/arm/4.9.3/bin/../lib/gcc/arm-none-eabi/4.9.3/armv7-m/crtbegin.o
 .text.main     0x00000084       0xbc .\ARM_GCC_493\Debug\main.o
                0x00000084                main
 .text.IntDefaultHandler
                0x00000140        0x8 .\ARM_GCC_493\Debug\Cm3Start.o
                0x00000140                IntDefaultHandler
 .text._sbrk    0x00000148       0x50 .\ARM_GCC_493\Debug\Cm3Start.o
                0x00000148                _sbrk
 .text.Start_c  0x00000198       0x98 .\ARM_GCC_493\Debug\Cm3Start.o
                0x00000198                Start_c
 .text.initialize_psoc
                0x00000230       0x8c .\ARM_GCC_493\Debug\Cm3Start.o
                0x00000230                initialize_psoc
 .text.CYMEMZERO
                0x000002bc       0x1c .\ARM_GCC_493\Debug\IDAC8(SAR-POT).a(cyfitter_cfg.o)
 .text.CYCONFIGCPY
                0x000002d8       0x1c .\ARM_GCC_493\Debug\IDAC8(SAR-POT).a(cyfitter_cfg.o)
 .text.CyClockStartupError
                0x000002f4        0xc .\ARM_GCC_493\Debug\IDAC8(SAR-POT).a(cyfitter_cfg.o)
 .text.cfg_write_bytes32
                0x00000300       0x74 .\ARM_GCC_493\Debug\IDAC8(SAR-POT).a(cyfitter_cfg.o)
 .text.ClockSetup
                0x00000374      0x11c .\ARM_GCC_493\Debug\IDAC8(SAR-POT).a(cyfitter_cfg.o)
 .text.AnalogSetDefault
                0x00000490       0xc0 .\ARM_GCC_493\Debug\IDAC8(SAR-POT).a(cyfitter_cfg.o)
 .text.cyfitter_cfg
                0x00000550      0x134 .\ARM_GCC_493\Debug\IDAC8(SAR-POT).a(cyfitter_cfg.o)
                0x00000550                cyfitter_cfg
 .text.IDAC8_1_Init
                0x00000684       0x30 .\ARM_GCC_493\Debug\IDAC8(SAR-POT).a(IDAC8_1.o)
                0x00000684                IDAC8_1_Init
 .text.IDAC8_1_Enable
                0x000006b4       0x34 .\ARM_GCC_493\Debug\IDAC8(SAR-POT).a(IDAC8_1.o)
                0x000006b4                IDAC8_1_Enable
 .text.IDAC8_1_Start
                0x000006e8       0x28 .\ARM_GCC_493\Debug\IDAC8(SAR-POT).a(IDAC8_1.o)
                0x000006e8                IDAC8_1_Start
 .text.IDAC8_1_SetSpeed
                0x00000710       0x40 .\ARM_GCC_493\Debug\IDAC8(SAR-POT).a(IDAC8_1.o)
                0x00000710                IDAC8_1_SetSpeed
 .text.IDAC8_1_SetRange
                0x00000750       0x40 .\ARM_GCC_493\Debug\IDAC8(SAR-POT).a(IDAC8_1.o)
                0x00000750                IDAC8_1_SetRange
 .text.IDAC8_1_SetValue
                0x00000790       0x20 .\ARM_GCC_493\Debug\IDAC8(SAR-POT).a(IDAC8_1.o)
                0x00000790                IDAC8_1_SetValue
 .text.IDAC8_1_DacTrim
                0x000007b0       0x54 .\ARM_GCC_493\Debug\IDAC8(SAR-POT).a(IDAC8_1.o)
                0x000007b0                IDAC8_1_DacTrim
 .text.LCD_Init
                0x00000804       0x6c .\ARM_GCC_493\Debug\IDAC8(SAR-POT).a(LCD.o)
                0x00000804                LCD_Init
 .text.LCD_Enable
                0x00000870       0x18 .\ARM_GCC_493\Debug\IDAC8(SAR-POT).a(LCD.o)
                0x00000870                LCD_Enable
 .text.LCD_Start
                0x00000888       0x20 .\ARM_GCC_493\Debug\IDAC8(SAR-POT).a(LCD.o)
                0x00000888                LCD_Start
 .text.LCD_Position
                0x000008a8       0x6c .\ARM_GCC_493\Debug\IDAC8(SAR-POT).a(LCD.o)
                0x000008a8                LCD_Position
 .text.LCD_PrintString
                0x00000914       0x38 .\ARM_GCC_493\Debug\IDAC8(SAR-POT).a(LCD.o)
                0x00000914                LCD_PrintString
 .text.LCD_WriteData
                0x0000094c       0x34 .\ARM_GCC_493\Debug\IDAC8(SAR-POT).a(LCD.o)
                0x0000094c                LCD_WriteData
 .text.LCD_WriteControl
                0x00000980       0x34 .\ARM_GCC_493\Debug\IDAC8(SAR-POT).a(LCD.o)
                0x00000980                LCD_WriteControl
 .text.LCD_IsReady
                0x000009b4      0x158 .\ARM_GCC_493\Debug\IDAC8(SAR-POT).a(LCD.o)
                0x000009b4                LCD_IsReady
 .text.LCD_WrDatNib
                0x00000b0c       0x74 .\ARM_GCC_493\Debug\IDAC8(SAR-POT).a(LCD.o)
 .text.LCD_WrCntrlNib
                0x00000b80       0x60 .\ARM_GCC_493\Debug\IDAC8(SAR-POT).a(LCD.o)
 .text.ADC_Start
                0x00000be0       0x20 .\ARM_GCC_493\Debug\IDAC8(SAR-POT).a(ADC.o)
                0x00000be0                ADC_Start
 .text.ADC_Init
                0x00000c00       0x44 .\ARM_GCC_493\Debug\IDAC8(SAR-POT).a(ADC.o)
                0x00000c00                ADC_Init
 .text.ADC_Enable
                0x00000c44       0xf4 .\ARM_GCC_493\Debug\IDAC8(SAR-POT).a(ADC.o)
                0x00000c44                ADC_Enable
 .text.ADC_SetResolution
                0x00000d38       0x50 .\ARM_GCC_493\Debug\IDAC8(SAR-POT).a(ADC.o)
                0x00000d38                ADC_SetResolution
 .text.ADC_StartConvert
                0x00000d88       0x20 .\ARM_GCC_493\Debug\IDAC8(SAR-POT).a(ADC.o)
                0x00000d88                ADC_StartConvert
 .text.ADC_IsEndConversion
                0x00000da8       0x40 .\ARM_GCC_493\Debug\IDAC8(SAR-POT).a(ADC.o)
                0x00000da8                ADC_IsEndConversion
 .text.ADC_GetResult16
                0x00000de8       0x34 .\ARM_GCC_493\Debug\IDAC8(SAR-POT).a(ADC.o)
                0x00000de8                ADC_GetResult16
 .text.ADC_CalcGain
                0x00000e1c       0x80 .\ARM_GCC_493\Debug\IDAC8(SAR-POT).a(ADC.o)
 .text.ADC_ISR  0x00000e9c        0xc .\ARM_GCC_493\Debug\IDAC8(SAR-POT).a(ADC_INT.o)
                0x00000e9c                ADC_ISR
 .text.ADC_theACLK_SetModeRegister
                0x00000ea8       0x34 .\ARM_GCC_493\Debug\IDAC8(SAR-POT).a(ADC_theACLK.o)
                0x00000ea8                ADC_theACLK_SetModeRegister
 *fill*         0x00000edc        0x4 
 .text          0x00000ee0       0x58 .\ARM_GCC_493\Debug\IDAC8(SAR-POT).a(CyBootAsmGnu.o)
                0x00000ee0                CyDelayCycles
                0x00000f1e                CyEnterCriticalSection
                0x00000f26                CyExitCriticalSection
 .text.CyHalt   0x00000f38       0x18 .\ARM_GCC_493\Debug\IDAC8(SAR-POT).a(CyLib.o)
                0x00000f38                CyHalt
 .text.CyDelay  0x00000f50       0x44 .\ARM_GCC_493\Debug\IDAC8(SAR-POT).a(CyLib.o)
                0x00000f50                CyDelay
 .text.CyDelayUs
                0x00000f94       0x24 .\ARM_GCC_493\Debug\IDAC8(SAR-POT).a(CyLib.o)
                0x00000f94                CyDelayUs
 .text.CyIntSetVector
                0x00000fb8       0x50 .\ARM_GCC_493\Debug\IDAC8(SAR-POT).a(CyLib.o)
                0x00000fb8                CyIntSetVector
 .text.CyIntSetPriority
                0x00001008       0x44 .\ARM_GCC_493\Debug\IDAC8(SAR-POT).a(CyLib.o)
                0x00001008                CyIntSetPriority
 .text.__errno  0x0000104c        0xc c:/program files (x86)/cypress/psoc creator/3.3/psoc creator/import/gnu/arm/4.9.3/bin/../lib/gcc/arm-none-eabi/4.9.3/../../../../arm-none-eabi/lib/armv7-m\libg_nano.a(lib_a-errno.o)
                0x0000104c                __errno
 .text.__libc_init_array
                0x00001058       0x4c c:/program files (x86)/cypress/psoc creator/3.3/psoc creator/import/gnu/arm/4.9.3/bin/../lib/gcc/arm-none-eabi/4.9.3/../../../../arm-none-eabi/lib/armv7-m\libg_nano.a(lib_a-init.o)
                0x00001058                __libc_init_array
 .text.memcpy   0x000010a4       0x16 c:/program files (x86)/cypress/psoc creator/3.3/psoc creator/import/gnu/arm/4.9.3/bin/../lib/gcc/arm-none-eabi/4.9.3/../../../../arm-none-eabi/lib/armv7-m\libg_nano.a(lib_a-memcpy.o)
                0x000010a4                memcpy
 .text.memset   0x000010ba       0x10 c:/program files (x86)/cypress/psoc creator/3.3/psoc creator/import/gnu/arm/4.9.3/bin/../lib/gcc/arm-none-eabi/4.9.3/../../../../arm-none-eabi/lib/armv7-m\libg_nano.a(lib_a-memset.o)
                0x000010ba                memset
 *fill*         0x000010ca        0x2 
 .text.sprintf  0x000010cc       0x48 c:/program files (x86)/cypress/psoc creator/3.3/psoc creator/import/gnu/arm/4.9.3/bin/../lib/gcc/arm-none-eabi/4.9.3/../../../../arm-none-eabi/lib/armv7-m\libg_nano.a(lib_a-sprintf.o)
                0x000010cc                siprintf
                0x000010cc                sprintf
 .text.__ssputs_r
                0x00001114       0xb2 c:/program files (x86)/cypress/psoc creator/3.3/psoc creator/import/gnu/arm/4.9.3/bin/../lib/gcc/arm-none-eabi/4.9.3/../../../../arm-none-eabi/lib/armv7-m\libg_nano.a(lib_a-nano-svfprintf.o)
                0x00001114                __ssputs_r
 *fill*         0x000011c6        0x2 
 .text._svfprintf_r
                0x000011c8      0x1e4 c:/program files (x86)/cypress/psoc creator/3.3/psoc creator/import/gnu/arm/4.9.3/bin/../lib/gcc/arm-none-eabi/4.9.3/../../../../arm-none-eabi/lib/armv7-m\libg_nano.a(lib_a-nano-svfprintf.o)
                0x000011c8                _svfiprintf_r
                0x000011c8                _svfprintf_r
 .text._printf_common
                0x000013ac       0xea c:/program files (x86)/cypress/psoc creator/3.3/psoc creator/import/gnu/arm/4.9.3/bin/../lib/gcc/arm-none-eabi/4.9.3/../../../../arm-none-eabi/lib/armv7-m\libg_nano.a(lib_a-nano-vfprintf_i.o)
                0x000013ac                _printf_common
 *fill*         0x00001496        0x2 
 .text._printf_i
                0x00001498      0x240 c:/program files (x86)/cypress/psoc creator/3.3/psoc creator/import/gnu/arm/4.9.3/bin/../lib/gcc/arm-none-eabi/4.9.3/../../../../arm-none-eabi/lib/armv7-m\libg_nano.a(lib_a-nano-vfprintf_i.o)
                0x00001498                _printf_i
 .text.memchr   0x000016d8       0x1c c:/program files (x86)/cypress/psoc creator/3.3/psoc creator/import/gnu/arm/4.9.3/bin/../lib/gcc/arm-none-eabi/4.9.3/../../../../arm-none-eabi/lib/armv7-m\libg_nano.a(lib_a-memchr.o)
                0x000016d8                memchr
 .text.memmove  0x000016f4       0x36 c:/program files (x86)/cypress/psoc creator/3.3/psoc creator/import/gnu/arm/4.9.3/bin/../lib/gcc/arm-none-eabi/4.9.3/../../../../arm-none-eabi/lib/armv7-m\libg_nano.a(lib_a-memmove.o)
                0x000016f4                memmove
 *fill*         0x0000172a        0x2 
 .text._free_r  0x0000172c       0x88 c:/program files (x86)/cypress/psoc creator/3.3/psoc creator/import/gnu/arm/4.9.3/bin/../lib/gcc/arm-none-eabi/4.9.3/../../../../arm-none-eabi/lib/armv7-m\libg_nano.a(lib_a-nano-freer.o)
                0x0000172c                _free_r
 .text._malloc_r
                0x000017b4       0xac c:/program files (x86)/cypress/psoc creator/3.3/psoc creator/import/gnu/arm/4.9.3/bin/../lib/gcc/arm-none-eabi/4.9.3/../../../../arm-none-eabi/lib/armv7-m\libg_nano.a(lib_a-nano-mallocr.o)
                0x000017b4                _malloc_r
 .text._realloc_r
                0x00001860       0x4c c:/program files (x86)/cypress/psoc creator/3.3/psoc creator/import/gnu/arm/4.9.3/bin/../lib/gcc/arm-none-eabi/4.9.3/../../../../arm-none-eabi/lib/armv7-m\libg_nano.a(lib_a-nano-reallocr.o)
                0x00001860                _realloc_r
 .text._sbrk_r  0x000018ac       0x20 c:/program files (x86)/cypress/psoc creator/3.3/psoc creator/import/gnu/arm/4.9.3/bin/../lib/gcc/arm-none-eabi/4.9.3/../../../../arm-none-eabi/lib/armv7-m\libg_nano.a(lib_a-sbrkr.o)
                0x000018ac                _sbrk_r
 .text._malloc_usable_size_r
                0x000018cc       0x14 c:/program files (x86)/cypress/psoc creator/3.3/psoc creator/import/gnu/arm/4.9.3/bin/../lib/gcc/arm-none-eabi/4.9.3/../../../../arm-none-eabi/lib/armv7-m\libg_nano.a(lib_a-nano-msizer.o)
                0x000018cc                _malloc_usable_size_r
 *(.plt)
 *(.gnu.warning)
 *(.glue_7t)
 .glue_7t       0x00000000        0x0 linker stubs
 *(.glue_7)
 .glue_7        0x00000000        0x0 linker stubs
 *(.vfp11_veneer)
 .vfp11_veneer  0x00000000        0x0 linker stubs
 *(.bootloader)
 *(.ARM.extab* .gnu.linkonce.armextab.*)
 *(.gcc_except_table)

.v4_bx          0x000018e0        0x0
 .v4_bx         0x00000000        0x0 linker stubs

.iplt           0x000018e0        0x0
 .iplt          0x00000000        0x0 c:/program files (x86)/cypress/psoc creator/3.3/psoc creator/import/gnu/arm/4.9.3/bin/../lib/gcc/arm-none-eabi/4.9.3/armv7-m/crtbegin.o

.eh_frame_hdr
 *(.eh_frame_hdr)

.eh_frame       0x000018e0        0x4
 *(.eh_frame)
 .eh_frame      0x000018e0        0x0 c:/program files (x86)/cypress/psoc creator/3.3/psoc creator/import/gnu/arm/4.9.3/bin/../lib/gcc/arm-none-eabi/4.9.3/armv7-m/crtbegin.o
 .eh_frame      0x000018e0        0x4 c:/program files (x86)/cypress/psoc creator/3.3/psoc creator/import/gnu/arm/4.9.3/bin/../lib/gcc/arm-none-eabi/4.9.3/armv7-m/crtend.o
                0x000018e4                PROVIDE (__exidx_start, .)

.ARM.exidx
 *(.ARM.exidx* .gnu.linkonce.armexidx.*)
                0x000018e4                __exidx_end = .

.rodata         0x000018e4       0xc4
 *(.rodata .rodata.* .gnu.linkonce.r.*)
 .rodata        0x000018e4       0x1c .\ARM_GCC_493\Debug\main.o
 .rodata        0x00001900       0x38 .\ARM_GCC_493\Debug\IDAC8(SAR-POT).a(cyfitter_cfg.o)
 .rodata.str1.1
                0x00001938        0x2 c:/program files (x86)/cypress/psoc creator/3.3/psoc creator/import/gnu/arm/4.9.3/bin/../lib/gcc/arm-none-eabi/4.9.3/../../../../arm-none-eabi/lib/armv7-m\libg_nano.a(lib_a-impure.o)
 .rodata.str1.1
                0x0000193a       0x11 c:/program files (x86)/cypress/psoc creator/3.3/psoc creator/import/gnu/arm/4.9.3/bin/../lib/gcc/arm-none-eabi/4.9.3/../../../../arm-none-eabi/lib/armv7-m\libg_nano.a(lib_a-nano-svfprintf.o)
 .rodata.str1.1
                0x0000194b       0x22 c:/program files (x86)/cypress/psoc creator/3.3/psoc creator/import/gnu/arm/4.9.3/bin/../lib/gcc/arm-none-eabi/4.9.3/../../../../arm-none-eabi/lib/armv7-m\libg_nano.a(lib_a-nano-vfprintf_i.o)
                0x00001970                . = ALIGN (0x4)
 *fill*         0x0000196d        0x3 
 *(.init)
 .init          0x00001970        0x4 c:/program files (x86)/cypress/psoc creator/3.3/psoc creator/import/gnu/arm/4.9.3/bin/../lib/gcc/arm-none-eabi/4.9.3/armv7-m/crti.o
                0x00001970                _init
 .init          0x00001974        0x8 c:/program files (x86)/cypress/psoc creator/3.3/psoc creator/import/gnu/arm/4.9.3/bin/../lib/gcc/arm-none-eabi/4.9.3/armv7-m/crtn.o
                0x0000197c                . = ALIGN (0x4)
                0x0000197c                __preinit_array_start = .
 *(.preinit_array)
                0x0000197c                __preinit_array_end = .
                0x0000197c                . = ALIGN (0x4)
                0x0000197c                __init_array_start = .
 *(SORT(.init_array.*))
 *(.init_array)
 .init_array    0x0000197c        0x4 c:/program files (x86)/cypress/psoc creator/3.3/psoc creator/import/gnu/arm/4.9.3/bin/../lib/gcc/arm-none-eabi/4.9.3/armv7-m/crtbegin.o
 .init_array    0x00001980        0x4 .\ARM_GCC_493\Debug\Cm3Start.o
                0x00001984                __init_array_end = .
                0x00001984                . = ALIGN (0x4)
 *(.fini)
 .fini          0x00001984        0x4 c:/program files (x86)/cypress/psoc creator/3.3/psoc creator/import/gnu/arm/4.9.3/bin/../lib/gcc/arm-none-eabi/4.9.3/armv7-m/crti.o
                0x00001984                _fini
 .fini          0x00001988        0x8 c:/program files (x86)/cypress/psoc creator/3.3/psoc creator/import/gnu/arm/4.9.3/bin/../lib/gcc/arm-none-eabi/4.9.3/armv7-m/crtn.o
                0x00001990                . = ALIGN (0x4)
                0x00001990                __fini_array_start = .
 *(.fini_array)
 .fini_array    0x00001990        0x4 c:/program files (x86)/cypress/psoc creator/3.3/psoc creator/import/gnu/arm/4.9.3/bin/../lib/gcc/arm-none-eabi/4.9.3/armv7-m/crtbegin.o
 *(SORT(.fini_array.*))
                0x00001994                __fini_array_end = .
                0x00001994                . = ALIGN (0x4)
 *crtbegin.o(.ctors)
 *(EXCLUDE_FILE(*crtend.o) .ctors)
 *(SORT(.ctors.*))
 *crtend.o(.ctors)
                0x00001994                . = ALIGN (0x4)
 *crtbegin.o(.dtors)
 *(EXCLUDE_FILE(*crtend.o) .dtors)
 *(SORT(.dtors.*))
 *crtend.o(.dtors)
                0x00001994                . = ALIGN (0x4)
                0x00001994                __cy_regions = .
                0x00001994        0x4 LONG 0x19a8 __cy_region_init_ram
                0x00001998        0x4 LONG 0x1fff8108 __cy_region_start_data
                0x0000199c        0x4 LONG 0x80 __cy_region_init_size_ram
                0x000019a0        0x4 LONG 0x38 __cy_region_zero_size_ram
                0x000019a4                __cy_regions_end = .
                0x000019a8                . = ALIGN (0x8)
 *fill*         0x000019a4        0x4 
                0x000019a8                _etext = .

.cy_checksum_exclude
                0x000019a8        0x0
 *(.cy_checksum_exclude)

.ramvectors     0x1fff8000      0x100
                0x1fff8000                __cy_region_start_ram = .
 *(.ramvectors)
 .ramvectors    0x1fff8000      0x100 .\ARM_GCC_493\Debug\Cm3Start.o
                0x1fff8000                CyRamVectors

.noinit         0x1fff8100        0x5
 *(.noinit)
 .noinit        0x1fff8100        0x4 .\ARM_GCC_493\Debug\Cm3Start.o
 .noinit        0x1fff8104        0x1 .\ARM_GCC_493\Debug\IDAC8(SAR-POT).a(CyLib.o)
                0x1fff8104                CyResetStatus

.data           0x1fff8108       0x80 load address 0x000019a8
                0x1fff8108                __cy_region_start_data = .
 *(.jcr)
 .jcr           0x1fff8108        0x0 c:/program files (x86)/cypress/psoc creator/3.3/psoc creator/import/gnu/arm/4.9.3/bin/../lib/gcc/arm-none-eabi/4.9.3/armv7-m/crtbegin.o
 .jcr           0x1fff8108        0x4 c:/program files (x86)/cypress/psoc creator/3.3/psoc creator/import/gnu/arm/4.9.3/bin/../lib/gcc/arm-none-eabi/4.9.3/armv7-m/crtend.o
 *(.got.plt)
 *(.got)
 *(.shdata)
 *(.data .data.* .gnu.linkonce.d.*)
 .data          0x1fff810c        0x4 .\ARM_GCC_493\Debug\Cm3Start.o
 .data          0x1fff8110       0x10 .\ARM_GCC_493\Debug\IDAC8(SAR-POT).a(CyLib.o)
                0x1fff8110                cydelay_freq_hz
                0x1fff8114                cydelay_freq_khz
                0x1fff8118                cydelay_freq_mhz
                0x1fff811c                cydelay_32k_ms
 .data.impure_data
                0x1fff8120       0x60 c:/program files (x86)/cypress/psoc creator/3.3/psoc creator/import/gnu/arm/4.9.3/bin/../lib/gcc/arm-none-eabi/4.9.3/../../../../arm-none-eabi/lib/armv7-m\libg_nano.a(lib_a-impure.o)
 .data._impure_ptr
                0x1fff8180        0x4 c:/program files (x86)/cypress/psoc creator/3.3/psoc creator/import/gnu/arm/4.9.3/bin/../lib/gcc/arm-none-eabi/4.9.3/../../../../arm-none-eabi/lib/armv7-m\libg_nano.a(lib_a-impure.o)
                0x1fff8180                _impure_ptr
                0x1fff8188                . = ALIGN (0x8)
 *fill*         0x1fff8184        0x4 
 *(.ram)
                0x1fff8188                _edata = .

.igot.plt       0x1fff8188        0x0 load address 0x00001a28
 .igot.plt      0x00000000        0x0 c:/program files (x86)/cypress/psoc creator/3.3/psoc creator/import/gnu/arm/4.9.3/bin/../lib/gcc/arm-none-eabi/4.9.3/armv7-m/crtbegin.o

.bss            0x1fff8188       0x38 load address 0x00001a28
                0x1fff8188                PROVIDE (__bss_start__, .)
 *(.shbss)
 *(.bss .bss.* .gnu.linkonce.b.*)
 .bss           0x1fff8188       0x1c c:/program files (x86)/cypress/psoc creator/3.3/psoc creator/import/gnu/arm/4.9.3/bin/../lib/gcc/arm-none-eabi/4.9.3/armv7-m/crtbegin.o
 .bss           0x1fff81a4        0x1 .\ARM_GCC_493\Debug\IDAC8(SAR-POT).a(IDAC8_1.o)
                0x1fff81a4                IDAC8_1_initVar
 .bss           0x1fff81a5        0x2 .\ARM_GCC_493\Debug\IDAC8(SAR-POT).a(LCD.o)
                0x1fff81a5                LCD_enableState
                0x1fff81a6                LCD_initVar
 .bss           0x1fff81a7        0x1 .\ARM_GCC_493\Debug\IDAC8(SAR-POT).a(ADC.o)
                0x1fff81a7                ADC_initVar
 .bss.__malloc_sbrk_start
                0x1fff81a8        0x4 c:/program files (x86)/cypress/psoc creator/3.3/psoc creator/import/gnu/arm/4.9.3/bin/../lib/gcc/arm-none-eabi/4.9.3/../../../../arm-none-eabi/lib/armv7-m\libg_nano.a(lib_a-nano-mallocr.o)
                0x1fff81a8                __malloc_sbrk_start
 .bss.__malloc_free_list
                0x1fff81ac        0x4 c:/program files (x86)/cypress/psoc creator/3.3/psoc creator/import/gnu/arm/4.9.3/bin/../lib/gcc/arm-none-eabi/4.9.3/../../../../arm-none-eabi/lib/armv7-m\libg_nano.a(lib_a-nano-mallocr.o)
                0x1fff81ac                __malloc_free_list
 *(COMMON)
 COMMON         0x1fff81b0        0xa .\ARM_GCC_493\Debug\IDAC8(SAR-POT).a(ADC.o)
                0x1fff81b0                ADC_countsPer10Volt
                0x1fff81b4                ADC_shift
                0x1fff81b6                ADC_countsPerVolt
                0x1fff81b8                ADC_offset
 *fill*         0x1fff81ba        0x2 
 COMMON         0x1fff81bc        0x4 c:/program files (x86)/cypress/psoc creator/3.3/psoc creator/import/gnu/arm/4.9.3/bin/../lib/gcc/arm-none-eabi/4.9.3/../../../../arm-none-eabi/lib/armv7-m\libg_nano.a(lib_a-reent.o)
                0x1fff81bc                errno
                0x1fff81c0                . = ALIGN (0x8)
 *(.ram.b)
                0x1fff81c0                _end = .
                0x1fff81c0                __end = .
                0x1fff81c0                PROVIDE (end, .)
                0x1fff81c0                PROVIDE (__bss_end__, .)
                0x000019a8                __cy_region_init_ram = LOADADDR (.data)
                0x00000080                __cy_region_init_size_ram = (_edata - ADDR (.data))
                0x00000038                __cy_region_zero_size_ram = (_end - _edata)

.heap           0x1fff81c0       0x80 load address 0x00001a28
                0x1fff81c0                . = _end
                0x1fff8240                . = (. + 0x80)
 *fill*         0x1fff81c0       0x80 
                0x1fff8240                __cy_heap_limit = .

.stack          0x20007800      0x800
                0x20007800                __cy_stack_limit = .
                0x20008000                . = (. + 0x800)
 *fill*         0x20007800      0x800 
                0x00000001                ASSERT ((__cy_stack_limit >= __cy_heap_limit), region RAM overflowed with stack)
                0x00000000                cy_checksum_exclude_size = (CY_APPL_LOADABLE == 0x1)?SIZEOF (.cy_checksum_exclude):0x0
                0x00000001                ASSERT ((cy_checksum_exclude_size <= CY_CHECKSUM_EXCLUDE_SIZE), CY_BOOT: Section .cy_checksum_exclude size exceedes specified limit.)

.cyloadermeta
 *(.cyloadermeta)

.cyloadablemeta
 *(.cyloadablemeta)

.cyconfigecc    0x80000000       0x58
 *(.cyconfigecc)
 .cyconfigecc   0x80000000       0x58 .\ARM_GCC_493\Debug\cymetadata.o
                0x80000000                cy_meta_configecc

.cycustnvl      0x90000000        0x4
 *(.cycustnvl)
 .cycustnvl     0x90000000        0x4 .\ARM_GCC_493\Debug\cymetadata.o
                0x90000000                cy_meta_custnvl

.cywolatch      0x90100000        0x4
 *(.cywolatch)
 .cywolatch     0x90100000        0x4 .\ARM_GCC_493\Debug\cymetadata.o
                0x90100000                cy_meta_wonvl

.cyeeprom       0x90200000        0x0
 *(.cyeeprom)
                0x00000001                ASSERT ((. <= ((0x90200000 + ee_offset) + ee_size)), .cyeeprom data will not fit in EEPROM)

.cyflashprotect
                0x90400000      0x100
 *(.cyflashprotect)
 .cyflashprotect
                0x90400000      0x100 .\ARM_GCC_493\Debug\cymetadata.o
                0x90400000                cy_meta_flashprotect

.cymeta         0x90500000        0xc
 *(.cymeta)
 .cymeta        0x90500000        0xc .\ARM_GCC_493\Debug\cymetadata.o
                0x90500000                cy_metadata

.rel.dyn        0x00001a28        0x0 load address 0x9050000c
 .rel.iplt      0x00000000        0x0 c:/program files (x86)/cypress/psoc creator/3.3/psoc creator/import/gnu/arm/4.9.3/bin/../lib/gcc/arm-none-eabi/4.9.3/armv7-m/crtbegin.o

.stab
 *(.stab)

.stabstr
 *(.stabstr)

.debug
 *(.debug)

.line
 *(.line)

.debug_srcinfo
 *(.debug_srcinfo)

.debug_sfnames
 *(.debug_sfnames)

.debug_aranges  0x00000000      0x760
 *(.debug_aranges)
 .debug_aranges
                0x00000000       0x20 .\ARM_GCC_493\Debug\main.o
 .debug_aranges
                0x00000020       0x18 .\ARM_GCC_493\Debug\cymetadata.o
 .debug_aranges
                0x00000038       0x48 .\ARM_GCC_493\Debug\Cm3Start.o
 .debug_aranges
                0x00000080       0x60 .\ARM_GCC_493\Debug\IDAC8(SAR-POT).a(cyfitter_cfg.o)
 .debug_aranges
                0x000000e0       0x60 .\ARM_GCC_493\Debug\IDAC8(SAR-POT).a(IDAC8_1.o)
 .debug_aranges
                0x00000140       0x90 .\ARM_GCC_493\Debug\IDAC8(SAR-POT).a(LCD.o)
 .debug_aranges
                0x000001d0       0xa8 .\ARM_GCC_493\Debug\IDAC8(SAR-POT).a(ADC.o)
 .debug_aranges
                0x00000278       0x20 .\ARM_GCC_493\Debug\IDAC8(SAR-POT).a(ADC_INT.o)
 .debug_aranges
                0x00000298       0x80 .\ARM_GCC_493\Debug\IDAC8(SAR-POT).a(ADC_theACLK.o)
 .debug_aranges
                0x00000318       0x20 .\ARM_GCC_493\Debug\IDAC8(SAR-POT).a(CyBootAsmGnu.o)
 .debug_aranges
                0x00000338      0x298 .\ARM_GCC_493\Debug\IDAC8(SAR-POT).a(CyLib.o)
 .debug_aranges
                0x000005d0       0x98 .\ARM_GCC_493\Debug\IDAC8(SAR-POT).a(cyPm.o)
 .debug_aranges
                0x00000668       0x80 .\ARM_GCC_493\Debug\IDAC8(SAR-POT).a(CyFlash.o)
 .debug_aranges
                0x000006e8       0x78 .\ARM_GCC_493\Debug\IDAC8(SAR-POT).a(CySpc.o)

.debug_pubnames
 *(.debug_pubnames)

.debug_info     0x00000000     0x3212
 *(.debug_info .gnu.linkonce.wi.*)
 .debug_info    0x00000000      0x143 .\ARM_GCC_493\Debug\main.o
 .debug_info    0x00000143      0x13a .\ARM_GCC_493\Debug\cymetadata.o
 .debug_info    0x0000027d      0x319 .\ARM_GCC_493\Debug\Cm3Start.o
 .debug_info    0x00000596      0x3b1 .\ARM_GCC_493\Debug\IDAC8(SAR-POT).a(cyfitter_cfg.o)
 .debug_info    0x00000947      0x1ad .\ARM_GCC_493\Debug\IDAC8(SAR-POT).a(IDAC8_1.o)
 .debug_info    0x00000af4      0x387 .\ARM_GCC_493\Debug\IDAC8(SAR-POT).a(LCD.o)
 .debug_info    0x00000e7b      0x478 .\ARM_GCC_493\Debug\IDAC8(SAR-POT).a(ADC.o)
 .debug_info    0x000012f3       0x92 .\ARM_GCC_493\Debug\IDAC8(SAR-POT).a(ADC_INT.o)
 .debug_info    0x00001385      0x299 .\ARM_GCC_493\Debug\IDAC8(SAR-POT).a(ADC_theACLK.o)
 .debug_info    0x0000161e       0x97 .\ARM_GCC_493\Debug\IDAC8(SAR-POT).a(CyBootAsmGnu.o)
 .debug_info    0x000016b5      0xe36 .\ARM_GCC_493\Debug\IDAC8(SAR-POT).a(CyLib.o)
 .debug_info    0x000024eb      0x562 .\ARM_GCC_493\Debug\IDAC8(SAR-POT).a(cyPm.o)
 .debug_info    0x00002a4d      0x36c .\ARM_GCC_493\Debug\IDAC8(SAR-POT).a(CyFlash.o)
 .debug_info    0x00002db9      0x459 .\ARM_GCC_493\Debug\IDAC8(SAR-POT).a(CySpc.o)

.debug_abbrev   0x00000000      0xf67
 *(.debug_abbrev)
 .debug_abbrev  0x00000000       0x99 .\ARM_GCC_493\Debug\main.o
 .debug_abbrev  0x00000099       0x5d .\ARM_GCC_493\Debug\cymetadata.o
 .debug_abbrev  0x000000f6      0x1b6 .\ARM_GCC_493\Debug\Cm3Start.o
 .debug_abbrev  0x000002ac      0x19d .\ARM_GCC_493\Debug\IDAC8(SAR-POT).a(cyfitter_cfg.o)
 .debug_abbrev  0x00000449      0x114 .\ARM_GCC_493\Debug\IDAC8(SAR-POT).a(IDAC8_1.o)
 .debug_abbrev  0x0000055d      0x120 .\ARM_GCC_493\Debug\IDAC8(SAR-POT).a(LCD.o)
 .debug_abbrev  0x0000067d      0x173 .\ARM_GCC_493\Debug\IDAC8(SAR-POT).a(ADC.o)
 .debug_abbrev  0x000007f0       0x42 .\ARM_GCC_493\Debug\IDAC8(SAR-POT).a(ADC_INT.o)
 .debug_abbrev  0x00000832      0x11d .\ARM_GCC_493\Debug\IDAC8(SAR-POT).a(ADC_theACLK.o)
 .debug_abbrev  0x0000094f       0x14 .\ARM_GCC_493\Debug\IDAC8(SAR-POT).a(CyBootAsmGnu.o)
 .debug_abbrev  0x00000963      0x217 .\ARM_GCC_493\Debug\IDAC8(SAR-POT).a(CyLib.o)
 .debug_abbrev  0x00000b7a      0x161 .\ARM_GCC_493\Debug\IDAC8(SAR-POT).a(cyPm.o)
 .debug_abbrev  0x00000cdb      0x120 .\ARM_GCC_493\Debug\IDAC8(SAR-POT).a(CyFlash.o)
 .debug_abbrev  0x00000dfb      0x16c .\ARM_GCC_493\Debug\IDAC8(SAR-POT).a(CySpc.o)

.debug_line     0x00000000     0x1d66
 *(.debug_line)
 .debug_line    0x00000000      0x17b .\ARM_GCC_493\Debug\main.o
 .debug_line    0x0000017b       0x53 .\ARM_GCC_493\Debug\cymetadata.o
 .debug_line    0x000001ce      0x1d6 .\ARM_GCC_493\Debug\Cm3Start.o
 .debug_line    0x000003a4      0x1ff .\ARM_GCC_493\Debug\IDAC8(SAR-POT).a(cyfitter_cfg.o)
 .debug_line    0x000005a3      0x109 .\ARM_GCC_493\Debug\IDAC8(SAR-POT).a(IDAC8_1.o)
 .debug_line    0x000006ac      0x1eb .\ARM_GCC_493\Debug\IDAC8(SAR-POT).a(LCD.o)
 .debug_line    0x00000897      0x207 .\ARM_GCC_493\Debug\IDAC8(SAR-POT).a(ADC.o)
 .debug_line    0x00000a9e       0x55 .\ARM_GCC_493\Debug\IDAC8(SAR-POT).a(ADC_INT.o)
 .debug_line    0x00000af3      0x1e3 .\ARM_GCC_493\Debug\IDAC8(SAR-POT).a(ADC_theACLK.o)
 .debug_line    0x00000cd6       0x7f .\ARM_GCC_493\Debug\IDAC8(SAR-POT).a(CyBootAsmGnu.o)
 .debug_line    0x00000d55      0x872 .\ARM_GCC_493\Debug\IDAC8(SAR-POT).a(CyLib.o)
 .debug_line    0x000015c7      0x381 .\ARM_GCC_493\Debug\IDAC8(SAR-POT).a(cyPm.o)
 .debug_line    0x00001948      0x207 .\ARM_GCC_493\Debug\IDAC8(SAR-POT).a(CyFlash.o)
 .debug_line    0x00001b4f      0x217 .\ARM_GCC_493\Debug\IDAC8(SAR-POT).a(CySpc.o)

.debug_frame    0x00000000     0x219c
 *(.debug_frame)
 .debug_frame   0x00000000       0x30 .\ARM_GCC_493\Debug\main.o
 .debug_frame   0x00000030       0xd8 .\ARM_GCC_493\Debug\Cm3Start.o
 .debug_frame   0x00000108      0x16c .\ARM_GCC_493\Debug\IDAC8(SAR-POT).a(cyfitter_cfg.o)
 .debug_frame   0x00000274      0x158 .\ARM_GCC_493\Debug\IDAC8(SAR-POT).a(IDAC8_1.o)
 .debug_frame   0x000003cc      0x238 .\ARM_GCC_493\Debug\IDAC8(SAR-POT).a(LCD.o)
 .debug_frame   0x00000604      0x2c0 .\ARM_GCC_493\Debug\IDAC8(SAR-POT).a(ADC.o)
 .debug_frame   0x000008c4       0x34 .\ARM_GCC_493\Debug\IDAC8(SAR-POT).a(ADC_INT.o)
 .debug_frame   0x000008f8      0x200 .\ARM_GCC_493\Debug\IDAC8(SAR-POT).a(ADC_theACLK.o)
 .debug_frame   0x00000af8      0xbe8 .\ARM_GCC_493\Debug\IDAC8(SAR-POT).a(CyLib.o)
 .debug_frame   0x000016e0      0x234 .\ARM_GCC_493\Debug\IDAC8(SAR-POT).a(cyPm.o)
 .debug_frame   0x00001914      0x210 .\ARM_GCC_493\Debug\IDAC8(SAR-POT).a(CyFlash.o)
 .debug_frame   0x00001b24      0x1f8 .\ARM_GCC_493\Debug\IDAC8(SAR-POT).a(CySpc.o)
 .debug_frame   0x00001d1c       0x28 c:/program files (x86)/cypress/psoc creator/3.3/psoc creator/import/gnu/arm/4.9.3/bin/../lib/gcc/arm-none-eabi/4.9.3/armv7-m\libgcc.a(_aeabi_ldivmod.o)
 .debug_frame   0x00001d44       0x54 c:/program files (x86)/cypress/psoc creator/3.3/psoc creator/import/gnu/arm/4.9.3/bin/../lib/gcc/arm-none-eabi/4.9.3/armv7-m\libgcc.a(bpabi.o)
 .debug_frame   0x00001d98       0x34 c:/program files (x86)/cypress/psoc creator/3.3/psoc creator/import/gnu/arm/4.9.3/bin/../lib/gcc/arm-none-eabi/4.9.3/armv7-m\libgcc.a(_divdi3.o)
 .debug_frame   0x00001dcc       0x34 c:/program files (x86)/cypress/psoc creator/3.3/psoc creator/import/gnu/arm/4.9.3/bin/../lib/gcc/arm-none-eabi/4.9.3/armv7-m\libgcc.a(_udivdi3.o)
 .debug_frame   0x00001e00       0x20 c:/program files (x86)/cypress/psoc creator/3.3/psoc creator/import/gnu/arm/4.9.3/bin/../lib/gcc/arm-none-eabi/4.9.3/../../../../arm-none-eabi/lib/armv7-m\libg_nano.a(lib_a-errno.o)
 .debug_frame   0x00001e20       0x28 c:/program files (x86)/cypress/psoc creator/3.3/psoc creator/import/gnu/arm/4.9.3/bin/../lib/gcc/arm-none-eabi/4.9.3/../../../../arm-none-eabi/lib/armv7-m\libg_nano.a(lib_a-exit.o)
 .debug_frame   0x00001e48       0x2c c:/program files (x86)/cypress/psoc creator/3.3/psoc creator/import/gnu/arm/4.9.3/bin/../lib/gcc/arm-none-eabi/4.9.3/../../../../arm-none-eabi/lib/armv7-m\libg_nano.a(lib_a-init.o)
 .debug_frame   0x00001e74       0x28 c:/program files (x86)/cypress/psoc creator/3.3/psoc creator/import/gnu/arm/4.9.3/bin/../lib/gcc/arm-none-eabi/4.9.3/../../../../arm-none-eabi/lib/armv7-m\libg_nano.a(lib_a-memcpy.o)
 .debug_frame   0x00001e9c       0x20 c:/program files (x86)/cypress/psoc creator/3.3/psoc creator/import/gnu/arm/4.9.3/bin/../lib/gcc/arm-none-eabi/4.9.3/../../../../arm-none-eabi/lib/armv7-m\libg_nano.a(lib_a-memset.o)
 .debug_frame   0x00001ebc       0x70 c:/program files (x86)/cypress/psoc creator/3.3/psoc creator/import/gnu/arm/4.9.3/bin/../lib/gcc/arm-none-eabi/4.9.3/../../../../arm-none-eabi/lib/armv7-m\libg_nano.a(lib_a-sprintf.o)
 .debug_frame   0x00001f2c       0x8c c:/program files (x86)/cypress/psoc creator/3.3/psoc creator/import/gnu/arm/4.9.3/bin/../lib/gcc/arm-none-eabi/4.9.3/../../../../arm-none-eabi/lib/armv7-m\libg_nano.a(lib_a-nano-svfprintf.o)
 .debug_frame   0x00001fb8       0x58 c:/program files (x86)/cypress/psoc creator/3.3/psoc creator/import/gnu/arm/4.9.3/bin/../lib/gcc/arm-none-eabi/4.9.3/../../../../arm-none-eabi/lib/armv7-m\libg_nano.a(lib_a-nano-vfprintf_i.o)
 .debug_frame   0x00002010       0x28 c:/program files (x86)/cypress/psoc creator/3.3/psoc creator/import/gnu/arm/4.9.3/bin/../lib/gcc/arm-none-eabi/4.9.3/../../../../arm-none-eabi/lib/armv7-m\libg_nano.a(lib_a-memchr.o)
 .debug_frame   0x00002038       0x28 c:/program files (x86)/cypress/psoc creator/3.3/psoc creator/import/gnu/arm/4.9.3/bin/../lib/gcc/arm-none-eabi/4.9.3/../../../../arm-none-eabi/lib/armv7-m\libg_nano.a(lib_a-memmove.o)
 .debug_frame   0x00002060       0x2c c:/program files (x86)/cypress/psoc creator/3.3/psoc creator/import/gnu/arm/4.9.3/bin/../lib/gcc/arm-none-eabi/4.9.3/../../../../arm-none-eabi/lib/armv7-m\libg_nano.a(lib_a-nano-freer.o)
 .debug_frame   0x0000208c       0x2c c:/program files (x86)/cypress/psoc creator/3.3/psoc creator/import/gnu/arm/4.9.3/bin/../lib/gcc/arm-none-eabi/4.9.3/../../../../arm-none-eabi/lib/armv7-m\libg_nano.a(lib_a-nano-mallocr.o)
 .debug_frame   0x000020b8       0x3c c:/program files (x86)/cypress/psoc creator/3.3/psoc creator/import/gnu/arm/4.9.3/bin/../lib/gcc/arm-none-eabi/4.9.3/../../../../arm-none-eabi/lib/armv7-m\libg_nano.a(lib_a-nano-reallocr.o)
 .debug_frame   0x000020f4       0x2c c:/program files (x86)/cypress/psoc creator/3.3/psoc creator/import/gnu/arm/4.9.3/bin/../lib/gcc/arm-none-eabi/4.9.3/../../../../arm-none-eabi/lib/armv7-m\libg_nano.a(lib_a-sbrkr.o)
 .debug_frame   0x00002120       0x20 c:/program files (x86)/cypress/psoc creator/3.3/psoc creator/import/gnu/arm/4.9.3/bin/../lib/gcc/arm-none-eabi/4.9.3/../../../../arm-none-eabi/lib/armv7-m\libg_nano.a(lib_a-nano-msizer.o)
 .debug_frame   0x00002140       0x5c c:/program files (x86)/cypress/psoc creator/3.3/psoc creator/import/gnu/arm/4.9.3/bin/../lib/gcc/arm-none-eabi/4.9.3/../../../../arm-none-eabi/lib/armv7-m\libg_nano.a(lib_a-reent.o)

.debug_str      0x00000000     0x1873
 *(.debug_str)
 .debug_str     0x00000000      0x1a7 .\ARM_GCC_493\Debug\main.o
                                0x1ee (size before relaxing)
 .debug_str     0x000001a7       0x77 .\ARM_GCC_493\Debug\cymetadata.o
                                0x1f1 (size before relaxing)
 .debug_str     0x0000021e      0x137 .\ARM_GCC_493\Debug\Cm3Start.o
                                0x2d2 (size before relaxing)
 .debug_str     0x00000355      0x157 .\ARM_GCC_493\Debug\IDAC8(SAR-POT).a(cyfitter_cfg.o)
                                0x2fe (size before relaxing)
 .debug_str     0x000004ac       0xdb .\ARM_GCC_493\Debug\IDAC8(SAR-POT).a(IDAC8_1.o)
                                0x257 (size before relaxing)
 .debug_str     0x00000587      0x167 .\ARM_GCC_493\Debug\IDAC8(SAR-POT).a(LCD.o)
                                0x2f3 (size before relaxing)
 .debug_str     0x000006ee      0x1d2 .\ARM_GCC_493\Debug\IDAC8(SAR-POT).a(ADC.o)
                                0x3a8 (size before relaxing)
 .debug_str     0x000008c0       0x2b .\ARM_GCC_493\Debug\IDAC8(SAR-POT).a(ADC_INT.o)
                                0x196 (size before relaxing)
 .debug_str     0x000008eb      0x1dd .\ARM_GCC_493\Debug\IDAC8(SAR-POT).a(ADC_theACLK.o)
                                0x368 (size before relaxing)
 .debug_str     0x00000ac8      0x7dc .\ARM_GCC_493\Debug\IDAC8(SAR-POT).a(CyLib.o)
                                0x9cd (size before relaxing)
 .debug_str     0x000012a4      0x367 .\ARM_GCC_493\Debug\IDAC8(SAR-POT).a(cyPm.o)
                                0x532 (size before relaxing)
 .debug_str     0x0000160b      0x147 .\ARM_GCC_493\Debug\IDAC8(SAR-POT).a(CyFlash.o)
                                0x2f1 (size before relaxing)
 .debug_str     0x00001752      0x121 .\ARM_GCC_493\Debug\IDAC8(SAR-POT).a(CySpc.o)
                                0x2ee (size before relaxing)

.debug_loc
 *(.debug_loc)

.debug_macinfo
 *(.debug_macinfo)

.debug_ranges   0x00000000      0x668
 *(.debug_ranges)
 .debug_ranges  0x00000000       0x10 .\ARM_GCC_493\Debug\main.o
 .debug_ranges  0x00000010       0x38 .\ARM_GCC_493\Debug\Cm3Start.o
 .debug_ranges  0x00000048       0x50 .\ARM_GCC_493\Debug\IDAC8(SAR-POT).a(cyfitter_cfg.o)
 .debug_ranges  0x00000098       0x50 .\ARM_GCC_493\Debug\IDAC8(SAR-POT).a(IDAC8_1.o)
 .debug_ranges  0x000000e8       0x80 .\ARM_GCC_493\Debug\IDAC8(SAR-POT).a(LCD.o)
 .debug_ranges  0x00000168       0x98 .\ARM_GCC_493\Debug\IDAC8(SAR-POT).a(ADC.o)
 .debug_ranges  0x00000200       0x10 .\ARM_GCC_493\Debug\IDAC8(SAR-POT).a(ADC_INT.o)
 .debug_ranges  0x00000210       0x70 .\ARM_GCC_493\Debug\IDAC8(SAR-POT).a(ADC_theACLK.o)
 .debug_ranges  0x00000280      0x288 .\ARM_GCC_493\Debug\IDAC8(SAR-POT).a(CyLib.o)
 .debug_ranges  0x00000508       0x88 .\ARM_GCC_493\Debug\IDAC8(SAR-POT).a(cyPm.o)
 .debug_ranges  0x00000590       0x70 .\ARM_GCC_493\Debug\IDAC8(SAR-POT).a(CyFlash.o)
 .debug_ranges  0x00000600       0x68 .\ARM_GCC_493\Debug\IDAC8(SAR-POT).a(CySpc.o)

.comment        0x00000000       0x70
 .comment       0x00000000       0x70 .\ARM_GCC_493\Debug\main.o
                                 0x71 (size before relaxing)
 .comment       0x00000000       0x71 .\ARM_GCC_493\Debug\cymetadata.o
 .comment       0x00000000       0x71 .\ARM_GCC_493\Debug\Cm3Start.o
 .comment       0x00000000       0x71 .\ARM_GCC_493\Debug\IDAC8(SAR-POT).a(cyfitter_cfg.o)
 .comment       0x00000000       0x71 .\ARM_GCC_493\Debug\IDAC8(SAR-POT).a(IDAC8_1.o)
 .comment       0x00000000       0x71 .\ARM_GCC_493\Debug\IDAC8(SAR-POT).a(LCD.o)
 .comment       0x00000000       0x71 .\ARM_GCC_493\Debug\IDAC8(SAR-POT).a(ADC.o)
 .comment       0x00000000       0x71 .\ARM_GCC_493\Debug\IDAC8(SAR-POT).a(ADC_INT.o)
 .comment       0x00000000       0x71 .\ARM_GCC_493\Debug\IDAC8(SAR-POT).a(ADC_theACLK.o)
 .comment       0x00000000       0x71 .\ARM_GCC_493\Debug\IDAC8(SAR-POT).a(CyLib.o)
 .comment       0x00000000       0x71 .\ARM_GCC_493\Debug\IDAC8(SAR-POT).a(cyPm.o)
 .comment       0x00000000       0x71 .\ARM_GCC_493\Debug\IDAC8(SAR-POT).a(CyFlash.o)
 .comment       0x00000000       0x71 .\ARM_GCC_493\Debug\IDAC8(SAR-POT).a(CySpc.o)

.debug_weaknames
 *(.debug_weaknames)

.debug_funcnames
 *(.debug_funcnames)

.debug_typenames
 *(.debug_typenames)

.debug_varnames
 *(.debug_varnames)

.note.gnu.arm.ident
 *(.note.gnu.arm.ident)

.ARM.attributes
                0x00000000       0x29
 *(.ARM.attributes)
 .ARM.attributes
                0x00000000       0x1d c:/program files (x86)/cypress/psoc creator/3.3/psoc creator/import/gnu/arm/4.9.3/bin/../lib/gcc/arm-none-eabi/4.9.3/armv7-m/crti.o
 .ARM.attributes
                0x0000001d       0x2d c:/program files (x86)/cypress/psoc creator/3.3/psoc creator/import/gnu/arm/4.9.3/bin/../lib/gcc/arm-none-eabi/4.9.3/armv7-m/crtbegin.o
 .ARM.attributes
                0x0000004a       0x1b c:/program files (x86)/cypress/psoc creator/3.3/psoc creator/import/gnu/arm/4.9.3/bin/../lib/gcc/arm-none-eabi/4.9.3/../../../../arm-none-eabi/lib/armv7-m/crt0.o
 .ARM.attributes
                0x00000065       0x33 .\ARM_GCC_493\Debug\main.o
 .ARM.attributes
                0x00000098       0x33 .\ARM_GCC_493\Debug\cymetadata.o
 .ARM.attributes
                0x000000cb       0x33 .\ARM_GCC_493\Debug\Cm3Start.o
 .ARM.attributes
                0x000000fe       0x33 .\ARM_GCC_493\Debug\IDAC8(SAR-POT).a(cyfitter_cfg.o)
 .ARM.attributes
                0x00000131       0x33 .\ARM_GCC_493\Debug\IDAC8(SAR-POT).a(IDAC8_1.o)
 .ARM.attributes
                0x00000164       0x33 .\ARM_GCC_493\Debug\IDAC8(SAR-POT).a(LCD.o)
 .ARM.attributes
                0x00000197       0x33 .\ARM_GCC_493\Debug\IDAC8(SAR-POT).a(ADC.o)
 .ARM.attributes
                0x000001ca       0x33 .\ARM_GCC_493\Debug\IDAC8(SAR-POT).a(ADC_INT.o)
 .ARM.attributes
                0x000001fd       0x33 .\ARM_GCC_493\Debug\IDAC8(SAR-POT).a(ADC_theACLK.o)
 .ARM.attributes
                0x00000230       0x21 .\ARM_GCC_493\Debug\IDAC8(SAR-POT).a(CyBootAsmGnu.o)
 .ARM.attributes
                0x00000251       0x33 .\ARM_GCC_493\Debug\IDAC8(SAR-POT).a(CyLib.o)
 .ARM.attributes
                0x00000284       0x33 .\ARM_GCC_493\Debug\IDAC8(SAR-POT).a(cyPm.o)
 .ARM.attributes
                0x000002b7       0x33 .\ARM_GCC_493\Debug\IDAC8(SAR-POT).a(CyFlash.o)
 .ARM.attributes
                0x000002ea       0x33 .\ARM_GCC_493\Debug\IDAC8(SAR-POT).a(CySpc.o)
 .ARM.attributes
                0x0000031d       0x1d c:/program files (x86)/cypress/psoc creator/3.3/psoc creator/import/gnu/arm/4.9.3/bin/../lib/gcc/arm-none-eabi/4.9.3/armv7-m\libgcc.a(_arm_addsubsf3.o)
 .ARM.attributes
                0x0000033a       0x1d c:/program files (x86)/cypress/psoc creator/3.3/psoc creator/import/gnu/arm/4.9.3/bin/../lib/gcc/arm-none-eabi/4.9.3/armv7-m\libgcc.a(_arm_muldivsf3.o)
 .ARM.attributes
                0x00000357       0x1d c:/program files (x86)/cypress/psoc creator/3.3/psoc creator/import/gnu/arm/4.9.3/bin/../lib/gcc/arm-none-eabi/4.9.3/armv7-m\libgcc.a(_aeabi_ldivmod.o)
 .ARM.attributes
                0x00000374       0x2d c:/program files (x86)/cypress/psoc creator/3.3/psoc creator/import/gnu/arm/4.9.3/bin/../lib/gcc/arm-none-eabi/4.9.3/armv7-m\libgcc.a(bpabi.o)
 .ARM.attributes
                0x000003a1       0x1d c:/program files (x86)/cypress/psoc creator/3.3/psoc creator/import/gnu/arm/4.9.3/bin/../lib/gcc/arm-none-eabi/4.9.3/armv7-m\libgcc.a(_dvmd_tls.o)
 .ARM.attributes
                0x000003be       0x2d c:/program files (x86)/cypress/psoc creator/3.3/psoc creator/import/gnu/arm/4.9.3/bin/../lib/gcc/arm-none-eabi/4.9.3/armv7-m\libgcc.a(_divdi3.o)
 .ARM.attributes
                0x000003eb       0x2d c:/program files (x86)/cypress/psoc creator/3.3/psoc creator/import/gnu/arm/4.9.3/bin/../lib/gcc/arm-none-eabi/4.9.3/armv7-m\libgcc.a(_udivdi3.o)
 .ARM.attributes
                0x00000418       0x2d c:/program files (x86)/cypress/psoc creator/3.3/psoc creator/import/gnu/arm/4.9.3/bin/../lib/gcc/arm-none-eabi/4.9.3/../../../../arm-none-eabi/lib/armv7-m\libg_nano.a(lib_a-errno.o)
 .ARM.attributes
                0x00000445       0x2d c:/program files (x86)/cypress/psoc creator/3.3/psoc creator/import/gnu/arm/4.9.3/bin/../lib/gcc/arm-none-eabi/4.9.3/../../../../arm-none-eabi/lib/armv7-m\libg_nano.a(lib_a-exit.o)
 .ARM.attributes
                0x00000472       0x2d c:/program files (x86)/cypress/psoc creator/3.3/psoc creator/import/gnu/arm/4.9.3/bin/../lib/gcc/arm-none-eabi/4.9.3/../../../../arm-none-eabi/lib/armv7-m\libg_nano.a(lib_a-impure.o)
 .ARM.attributes
                0x0000049f       0x2d c:/program files (x86)/cypress/psoc creator/3.3/psoc creator/import/gnu/arm/4.9.3/bin/../lib/gcc/arm-none-eabi/4.9.3/../../../../arm-none-eabi/lib/armv7-m\libg_nano.a(lib_a-init.o)
 .ARM.attributes
                0x000004cc       0x2d c:/program files (x86)/cypress/psoc creator/3.3/psoc creator/import/gnu/arm/4.9.3/bin/../lib/gcc/arm-none-eabi/4.9.3/../../../../arm-none-eabi/lib/armv7-m\libg_nano.a(lib_a-memcpy.o)
 .ARM.attributes
                0x000004f9       0x2d c:/program files (x86)/cypress/psoc creator/3.3/psoc creator/import/gnu/arm/4.9.3/bin/../lib/gcc/arm-none-eabi/4.9.3/../../../../arm-none-eabi/lib/armv7-m\libg_nano.a(lib_a-memset.o)
 .ARM.attributes
                0x00000526       0x2d c:/program files (x86)/cypress/psoc creator/3.3/psoc creator/import/gnu/arm/4.9.3/bin/../lib/gcc/arm-none-eabi/4.9.3/../../../../arm-none-eabi/lib/armv7-m\libg_nano.a(lib_a-sprintf.o)
 .ARM.attributes
                0x00000553       0x2d c:/program files (x86)/cypress/psoc creator/3.3/psoc creator/import/gnu/arm/4.9.3/bin/../lib/gcc/arm-none-eabi/4.9.3/../../../../arm-none-eabi/lib/armv7-m\libg_nano.a(lib_a-nano-svfprintf.o)
 .ARM.attributes
                0x00000580       0x2d c:/program files (x86)/cypress/psoc creator/3.3/psoc creator/import/gnu/arm/4.9.3/bin/../lib/gcc/arm-none-eabi/4.9.3/../../../../arm-none-eabi/lib/armv7-m\libg_nano.a(lib_a-nano-vfprintf_i.o)
 .ARM.attributes
                0x000005ad       0x2d c:/program files (x86)/cypress/psoc creator/3.3/psoc creator/import/gnu/arm/4.9.3/bin/../lib/gcc/arm-none-eabi/4.9.3/../../../../arm-none-eabi/lib/armv7-m\libg_nano.a(lib_a-memchr.o)
 .ARM.attributes
                0x000005da       0x2d c:/program files (x86)/cypress/psoc creator/3.3/psoc creator/import/gnu/arm/4.9.3/bin/../lib/gcc/arm-none-eabi/4.9.3/../../../../arm-none-eabi/lib/armv7-m\libg_nano.a(lib_a-memmove.o)
 .ARM.attributes
                0x00000607       0x2d c:/program files (x86)/cypress/psoc creator/3.3/psoc creator/import/gnu/arm/4.9.3/bin/../lib/gcc/arm-none-eabi/4.9.3/../../../../arm-none-eabi/lib/armv7-m\libg_nano.a(lib_a-nano-freer.o)
 .ARM.attributes
                0x00000634       0x2d c:/program files (x86)/cypress/psoc creator/3.3/psoc creator/import/gnu/arm/4.9.3/bin/../lib/gcc/arm-none-eabi/4.9.3/../../../../arm-none-eabi/lib/armv7-m\libg_nano.a(lib_a-nano-mallocr.o)
 .ARM.attributes
                0x00000661       0x2d c:/program files (x86)/cypress/psoc creator/3.3/psoc creator/import/gnu/arm/4.9.3/bin/../lib/gcc/arm-none-eabi/4.9.3/../../../../arm-none-eabi/lib/armv7-m\libg_nano.a(lib_a-nano-reallocr.o)
 .ARM.attributes
                0x0000068e       0x2d c:/program files (x86)/cypress/psoc creator/3.3/psoc creator/import/gnu/arm/4.9.3/bin/../lib/gcc/arm-none-eabi/4.9.3/../../../../arm-none-eabi/lib/armv7-m\libg_nano.a(lib_a-sbrkr.o)
 .ARM.attributes
                0x000006bb       0x2d c:/program files (x86)/cypress/psoc creator/3.3/psoc creator/import/gnu/arm/4.9.3/bin/../lib/gcc/arm-none-eabi/4.9.3/../../../../arm-none-eabi/lib/armv7-m\libg_nano.a(lib_a-nano-msizer.o)
 .ARM.attributes
                0x000006e8       0x2d c:/program files (x86)/cypress/psoc creator/3.3/psoc creator/import/gnu/arm/4.9.3/bin/../lib/gcc/arm-none-eabi/4.9.3/../../../../arm-none-eabi/lib/armv7-m\libg_nano.a(lib_a-reent.o)
 .ARM.attributes
                0x00000715       0x2d c:/program files (x86)/cypress/psoc creator/3.3/psoc creator/import/gnu/arm/4.9.3/bin/../lib/gcc/arm-none-eabi/4.9.3/armv7-m/crtend.o
 .ARM.attributes
                0x00000742       0x1d c:/program files (x86)/cypress/psoc creator/3.3/psoc creator/import/gnu/arm/4.9.3/bin/../lib/gcc/arm-none-eabi/4.9.3/armv7-m/crtn.o

/DISCARD/
 *(.note.GNU-stack)
OUTPUT(.\ARM_GCC_493\Debug\IDAC8(SAR-POT).elf elf32-littlearm)
